Archive member included because of file (symbol)

c:/freescale/kds_v3/toolchain/bin/../lib/gcc/arm-none-eabi/4.8.4/../../../../arm-none-eabi/lib/armv7e-m/fpu\libg_s.a(lib_a-exit.o)
                              c:/freescale/kds_v3/toolchain/bin/../lib/gcc/arm-none-eabi/4.8.4/../../../../arm-none-eabi/lib/armv7e-m/fpu/crt0.o (exit)
c:/freescale/kds_v3/toolchain/bin/../lib/gcc/arm-none-eabi/4.8.4/../../../../arm-none-eabi/lib/armv7e-m/fpu\libg_s.a(lib_a-impure.o)
                              c:/freescale/kds_v3/toolchain/bin/../lib/gcc/arm-none-eabi/4.8.4/../../../../arm-none-eabi/lib/armv7e-m/fpu\libg_s.a(lib_a-exit.o) (_global_impure_ptr)
c:/freescale/kds_v3/toolchain/bin/../lib/gcc/arm-none-eabi/4.8.4/../../../../arm-none-eabi/lib/armv7e-m/fpu\libg_s.a(lib_a-init.o)
                              c:/freescale/kds_v3/toolchain/bin/../lib/gcc/arm-none-eabi/4.8.4/../../../../arm-none-eabi/lib/armv7e-m/fpu/crt0.o (__libc_init_array)
c:/freescale/kds_v3/toolchain/bin/../lib/gcc/arm-none-eabi/4.8.4/../../../../arm-none-eabi/lib/armv7e-m/fpu\libg_s.a(lib_a-memcpy-stub.o)
                              ./Sources/RTT/SEGGER_RTT.o (memcpy)
c:/freescale/kds_v3/toolchain/bin/../lib/gcc/arm-none-eabi/4.8.4/../../../../arm-none-eabi/lib/armv7e-m/fpu\libg_s.a(lib_a-memset.o)
                              c:/freescale/kds_v3/toolchain/bin/../lib/gcc/arm-none-eabi/4.8.4/../../../../arm-none-eabi/lib/armv7e-m/fpu/crt0.o (memset)
c:/freescale/kds_v3/toolchain/bin/../lib/gcc/arm-none-eabi/4.8.4/../../../../arm-none-eabi/lib/armv7e-m/fpu\libg_s.a(lib_a-printf.o)
                              ./MQXLITE/psp/cortex_m/psp_tipr.o (printf)
c:/freescale/kds_v3/toolchain/bin/../lib/gcc/arm-none-eabi/4.8.4/../../../../arm-none-eabi/lib/armv7e-m/fpu\libg_s.a(lib_a-sprintf.o)
                              ./Sources/RS485/CurrentMeter/AE12AE.o (sprintf)
c:/freescale/kds_v3/toolchain/bin/../lib/gcc/arm-none-eabi/4.8.4/../../../../arm-none-eabi/lib/armv7e-m/fpu\libg_s.a(lib_a-strlen.o)
                              ./Sources/RTT/SEGGER_RTT.o (strlen)
c:/freescale/kds_v3/toolchain/bin/../lib/gcc/arm-none-eabi/4.8.4/../../../../arm-none-eabi/lib/armv7e-m/fpu\libg_s.a(lib_a-strncmp.o)
                              ./MQXLITE/kernel/task.o (strncmp)
c:/freescale/kds_v3/toolchain/bin/../lib/gcc/arm-none-eabi/4.8.4/../../../../arm-none-eabi/lib/armv7e-m/fpu\libg_s.a(lib_a-svfprintf.o)
                              c:/freescale/kds_v3/toolchain/bin/../lib/gcc/arm-none-eabi/4.8.4/../../../../arm-none-eabi/lib/armv7e-m/fpu\libg_s.a(lib_a-sprintf.o) (_svfprintf_r)
c:/freescale/kds_v3/toolchain/bin/../lib/gcc/arm-none-eabi/4.8.4/../../../../arm-none-eabi/lib/armv7e-m/fpu\libg_s.a(lib_a-vfprintf.o)
                              c:/freescale/kds_v3/toolchain/bin/../lib/gcc/arm-none-eabi/4.8.4/../../../../arm-none-eabi/lib/armv7e-m/fpu\libg_s.a(lib_a-printf.o) (_vfprintf_r)
c:/freescale/kds_v3/toolchain/bin/../lib/gcc/arm-none-eabi/4.8.4/../../../../arm-none-eabi/lib/armv7e-m/fpu\libg_s.a(lib_a-vfprintf_i.o)
                              c:/freescale/kds_v3/toolchain/bin/../lib/gcc/arm-none-eabi/4.8.4/../../../../arm-none-eabi/lib/armv7e-m/fpu\libg_s.a(lib_a-svfprintf.o) (_printf_i)
c:/freescale/kds_v3/toolchain/bin/../lib/gcc/arm-none-eabi/4.8.4/../../../../arm-none-eabi/lib/armv7e-m/fpu\libg_s.a(lib_a-wbuf.o)
                              c:/freescale/kds_v3/toolchain/bin/../lib/gcc/arm-none-eabi/4.8.4/../../../../arm-none-eabi/lib/armv7e-m/fpu\libg_s.a(lib_a-vfprintf.o) (__swbuf_r)
c:/freescale/kds_v3/toolchain/bin/../lib/gcc/arm-none-eabi/4.8.4/../../../../arm-none-eabi/lib/armv7e-m/fpu\libg_s.a(lib_a-wsetup.o)
                              c:/freescale/kds_v3/toolchain/bin/../lib/gcc/arm-none-eabi/4.8.4/../../../../arm-none-eabi/lib/armv7e-m/fpu\libg_s.a(lib_a-vfprintf.o) (__swsetup_r)
c:/freescale/kds_v3/toolchain/bin/../lib/gcc/arm-none-eabi/4.8.4/../../../../arm-none-eabi/lib/armv7e-m/fpu\libg_s.a(lib_a-fflush.o)
                              c:/freescale/kds_v3/toolchain/bin/../lib/gcc/arm-none-eabi/4.8.4/../../../../arm-none-eabi/lib/armv7e-m/fpu\libg_s.a(lib_a-wbuf.o) (_fflush_r)
c:/freescale/kds_v3/toolchain/bin/../lib/gcc/arm-none-eabi/4.8.4/../../../../arm-none-eabi/lib/armv7e-m/fpu\libg_s.a(lib_a-findfp.o)
                              c:/freescale/kds_v3/toolchain/bin/../lib/gcc/arm-none-eabi/4.8.4/../../../../arm-none-eabi/lib/armv7e-m/fpu\libg_s.a(lib_a-printf.o) (__sinit)
c:/freescale/kds_v3/toolchain/bin/../lib/gcc/arm-none-eabi/4.8.4/../../../../arm-none-eabi/lib/armv7e-m/fpu\libg_s.a(lib_a-fvwrite.o)
                              c:/freescale/kds_v3/toolchain/bin/../lib/gcc/arm-none-eabi/4.8.4/../../../../arm-none-eabi/lib/armv7e-m/fpu\libg_s.a(lib_a-vfprintf.o) (__sfvwrite_r)
c:/freescale/kds_v3/toolchain/bin/../lib/gcc/arm-none-eabi/4.8.4/../../../../arm-none-eabi/lib/armv7e-m/fpu\libg_s.a(lib_a-fwalk.o)
[...]
Memory Configuration

Name             Origin             Length             Attributes
m_interrupts     0x00000000         0x00000198         xr
m_text           0x00000410         0x000ffbf0         xr
m_data_1FFF0000  0x1fff0000         0x00010000         rw
m_data           0x20000000         0x00030000         rw
m_cfmprotrom     0x00000400         0x00000010         xr
*default*        0x00000000         0xffffffff

Linker script and memory map

LOAD c:/freescale/kds_v3/toolchain/bin/../lib/gcc/arm-none-eabi/4.8.4/armv7e-m/fpu/crti.o
LOAD c:/freescale/kds_v3/toolchain/bin/../lib/gcc/arm-none-eabi/4.8.4/armv7e-m/fpu/crtbegin.o
LOAD c:/freescale/kds_v3/toolchain/bin/../lib/gcc/arm-none-eabi/4.8.4/../../../../arm-none-eabi/lib/armv7e-m/fpu/crt0.o
LOAD ./Static_Code/System/CPU_Init.o
LOAD ./Static_Code/System/Peripherals_Init.o
LOAD ./Static_Code/System/Vectors.o
LOAD ./Sources/RTT/SEGGER_RTT.o
LOAD ./Sources/RTT/SEGGER_RTT_printf.o
LOAD ./Sources/RS485/Servo/MX28R.o
LOAD ./Sources/RS485/CurrentMeter/AE12AE.o
LOAD ./Sources/RS485/RS485_Driver.o
LOAD ./Sources/Events.o
LOAD ./Sources/main.o
LOAD ./Sources/mqx_tasks.o
LOAD ./Project_Settings/Startup_Code/startup.o
LOAD ./MQXLITE/psp/cortex_m/core/M4/boot.o
LOAD ./MQXLITE/psp/cortex_m/core/M4/dispatch.o
LOAD ./MQXLITE/psp/cortex_m/cortex.o
LOAD ./MQXLITE/psp/cortex_m/int_gkis.o
LOAD ./MQXLITE/psp/cortex_m/int_inst.o
LOAD ./MQXLITE/psp/cortex_m/int_kisr.o
LOAD ./MQXLITE/psp/cortex_m/int_pvta.o
LOAD ./MQXLITE/psp/cortex_m/int_unx.o
LOAD ./MQXLITE/psp/cortex_m/int_vtab.o
LOAD ./MQXLITE/psp/cortex_m/int_xcpt.o
LOAD ./MQXLITE/psp/cortex_m/mem_zero.o
LOAD ./MQXLITE/psp/cortex_m/psp_iinit.o
LOAD ./MQXLITE/psp/cortex_m/psp_supp.o
LOAD ./MQXLITE/psp/cortex_m/psp_tiad.o
LOAD ./MQXLITE/psp/cortex_m/psp_tinm.o
LOAD ./MQXLITE/psp/cortex_m/psp_tipr.o
LOAD ./MQXLITE/psp/cortex_m/psp_tisu.o
LOAD ./MQXLITE/psp/cortex_m/sc_irdyq.o
LOAD ./MQXLITE/psp/cortex_m/stack_bu.o
LOAD ./MQXLITE/psp/cortex_m/stack_de.o
LOAD ./MQXLITE/psp/cortex_m/stack_st.o
LOAD ./MQXLITE/kernel/idletask.o
LOAD ./MQXLITE/kernel/int.o
LOAD ./MQXLITE/kernel/klog.o
LOAD ./MQXLITE/kernel/lwevent.o
LOAD ./MQXLITE/kernel/lwlog.o
LOAD ./MQXLITE/kernel/lwmem.o
LOAD ./MQXLITE/kernel/lwmsgq.o
LOAD ./MQXLITE/kernel/lwsem.o
LOAD ./MQXLITE/kernel/lwtimer.o
LOAD ./MQXLITE/kernel/mqx_utils.o
LOAD ./MQXLITE/kernel/mqxlite.o
LOAD ./MQXLITE/kernel/mutex.o
LOAD ./MQXLITE/kernel/qu_test.o
LOAD ./MQXLITE/kernel/sched.o
LOAD ./MQXLITE/kernel/task.o
LOAD ./MQXLITE/kernel/time_ticks.o
LOAD ./MQXLITE/config/task_template_list.o
LOAD ./Generated_Code/ALIM_12V_RLY.o
LOAD ./Generated_Code/Cpu.o
LOAD ./Generated_Code/MQX1.o
LOAD ./Generated_Code/PE_LDD.o
LOAD ./Generated_Code/Pins1.o
LOAD ./Generated_Code/RS485_DE.o
LOAD ./Generated_Code/RS485_RE.o
LOAD ./Generated_Code/RS485_UART.o
LOAD ./Generated_Code/SystemTimer1.o
LOAD c:/freescale/kds_v3/toolchain/bin/../lib/gcc/arm-none-eabi/4.8.4/../../../../arm-none-eabi/lib/armv7e-m/fpu\libstdc++_s.a
LOAD c:/freescale/kds_v3/toolchain/bin/../lib/gcc/arm-none-eabi/4.8.4/../../../../arm-none-eabi/lib/armv7e-m/fpu\libm.a
START GROUP
LOAD c:/freescale/kds_v3/toolchain/bin/../lib/gcc/arm-none-eabi/4.8.4/armv7e-m/fpu\libgcc.a
LOAD c:/freescale/kds_v3/toolchain/bin/../lib/gcc/arm-none-eabi/4.8.4/../../../../arm-none-eabi/lib/armv7e-m/fpu\libg_s.a
LOAD c:/freescale/kds_v3/toolchain/bin/../lib/gcc/arm-none-eabi/4.8.4/../../../../arm-none-eabi/lib/armv7e-m/fpu\libc_s.a
END GROUP
START GROUP
LOAD c:/freescale/kds_v3/toolchain/bin/../lib/gcc/arm-none-eabi/4.8.4/armv7e-m/fpu\libgcc.a
LOAD c:/freescale/kds_v3/toolchain/bin/../lib/gcc/arm-none-eabi/4.8.4/../../../../arm-none-eabi/lib/armv7e-m/fpu\libc_s.a
LOAD c:/freescale/kds_v3/toolchain/bin/../lib/gcc/arm-none-eabi/4.8.4/../../../../arm-none-eabi/lib/armv7e-m/fpu\libnosys.a
END GROUP
START GROUP
LOAD c:/freescale/kds_v3/toolchain/bin/../lib/gcc/arm-none-eabi/4.8.4/armv7e-m/fpu\libgcc.a
LOAD c:/freescale/kds_v3/toolchain/bin/../lib/gcc/arm-none-eabi/4.8.4/../../../../arm-none-eabi/lib/armv7e-m/fpu\libc_s.a
LOAD c:/freescale/kds_v3/toolchain/bin/../lib/gcc/arm-none-eabi/4.8.4/../../../../arm-none-eabi/lib/armv7e-m/fpu\libnosys.a
END GROUP
LOAD c:/freescale/kds_v3/toolchain/bin/../lib/gcc/arm-none-eabi/4.8.4/armv7e-m/fpu/crtend.o
LOAD c:/freescale/kds_v3/toolchain/bin/../lib/gcc/arm-none-eabi/4.8.4/armv7e-m/fpu/crtn.o
                0x20030000                _estack = 0x20030000
                0x20030000                __SP_INIT = _estack
                0x20030000                __stack = _estack
                0x00000000                __heap_size = 0x0
                0x00000400                __stack_size = 0x400

.interrupts     0x00000000      0x198
                0x00000000                __vector_table = .
                0x00000000                . = ALIGN (0x4)
 *(.vectortable)
 .vectortable   0x00000000      0x198 ./Static_Code/System/Vectors.o
                0x00000000                __vect_table
                0x00000198                . = ALIGN (0x4)

.cfmprotect     0x00000400       0x10
                0x00000400                . = ALIGN (0x4)
 *(.cfmconfig)
 .cfmconfig     0x00000400       0x10 ./Static_Code/System/CPU_Init.o
                0x00000400                _cfm
                0x00000410                . = ALIGN (0x4)

.text           0x00000410     0x4e80
                0x00000410                . = ALIGN (0x4)
 *(.text)
 .text          0x00000410       0x54 c:/freescale/kds_v3/toolchain/bin/../lib/gcc/arm-none-eabi/4.8.4/armv7e-m/fpu/crtbegin.o
 .text          0x00000464       0x74 c:/freescale/kds_v3/toolchain/bin/../lib/gcc/arm-none-eabi/4.8.4/../../../../arm-none-eabi/lib/armv7e-m/fpu/crt0.o
                0x00000464                _start
                0x00000464                _mainCRTStartup
 .text          0x000004d8       0x4c ./MQXLITE/psp/cortex_m/core/M4/boot.o
                0x000004d8                __boot
                0x00000510                __set_MSP
 *(.text*)
 .text.CPU_SetBASEPRI
                0x00000524       0x18 ./Static_Code/System/CPU_Init.o
                0x00000524                CPU_SetBASEPRI
 .text.__init_hardware
                0x0000053c       0x90 ./Static_Code/System/CPU_Init.o
                0x0000053c                __init_hardware
 .text.PE_low_level_init
                0x000005cc       0x5c ./Static_Code/System/CPU_Init.o
                0x000005cc                PE_low_level_init
 .text.CPU_GetClockGenMode
                0x00000628       0x90 ./Static_Code/System/CPU_Init.o
                0x00000628                CPU_GetClockGenMode
 .text.CPU_SetClockConfigGenMode
                0x000006b8      0x54c ./Static_Code/System/CPU_Init.o
                0x000006b8                CPU_SetClockConfigGenMode
 .text.UnhandledInterrupt
                0x00000c04       0x18 ./Static_Code/System/Vectors.o
                0x00000c04                UnhandledInterrupt
 .text._DoInit  0x00000c1c       0xa4 ./Sources/RTT/SEGGER_RTT.o
 .text._WriteBlocking
                0x00000cc0       0xb4 ./Sources/RTT/SEGGER_RTT.o
 .text._WriteNoCheck
                0x00000d74       0x80 ./Sources/RTT/SEGGER_RTT.o
 .text._GetAvailWriteSpace
                0x00000df4       0x48 ./Sources/RTT/SEGGER_RTT.o
 .text.SEGGER_RTT_WriteNoLock
                0x00000e3c       0x9c ./Sources/RTT/SEGGER_RTT.o
                0x00000e3c                SEGGER_RTT_WriteNoLock
 .text.SEGGER_RTT_Write
                0x00000ed8       0x48 ./Sources/RTT/SEGGER_RTT.o
                0x00000ed8                SEGGER_RTT_Write
 .text.SEGGER_RTT_WriteString
                0x00000f20       0x28 ./Sources/RTT/SEGGER_RTT.o
                0x00000f20                SEGGER_RTT_WriteString
 .text.thtlServoInit
                0x00000f48       0x64 ./Sources/RS485/Servo/MX28R.o
                0x00000f48                thtlServoInit
 .text.MX28R_GetCheckSum
                0x00000fac       0x5c ./Sources/RS485/Servo/MX28R.o
                0x00000fac                MX28R_GetCheckSum
 .text.MX28R_SetGoalPosition
                0x00001008       0x70 ./Sources/RS485/Servo/MX28R.o
                0x00001008                MX28R_SetGoalPosition
 .text.MX28R_SetThrottlePercent
                0x00001078       0x64 ./Sources/RS485/Servo/MX28R.o
                0x00001078                MX28R_SetThrottlePercent
 .text.MX28R_Read
                0x000010dc       0x90 ./Sources/RS485/Servo/MX28R.o
                0x000010dc                MX28R_Read
 .text.MX28R_Write
                0x0000116c       0x94 ./Sources/RS485/Servo/MX28R.o
                0x0000116c                MX28R_Write
 .text.MX28R_GetActualSpeed
                0x00001200       0x18 ./Sources/RS485/Servo/MX28R.o
                0x00001200                MX28R_GetActualSpeed
 .text.MX28R_GetActualPosition
                0x00001218       0x18 ./Sources/RS485/Servo/MX28R.o
                0x00001218                MX28R_GetActualPosition
 .text.MX28R_Calibration
                0x00001230       0xac ./Sources/RS485/Servo/MX28R.o
                0x00001230                MX28R_Calibration
 .text.MX28R_set_task
                0x000012dc       0xb8 ./Sources/RS485/Servo/MX28R.o
                0x000012dc                MX28R_set_task
 .text.MX28R_FrameComposer
                0x00001394      0x134 ./Sources/RS485/Servo/MX28R.o
                0x00001394                MX28R_FrameComposer
 .text.crrntMtr_GetCheckSum
                0x000014c8       0x48 ./Sources/RS485/CurrentMeter/AE12AE.o
                0x000014c8                crrntMtr_GetCheckSum
 .text.crrntMtr_Read
                0x00001510       0x78 ./Sources/RS485/CurrentMeter/AE12AE.o
                0x00001510                crrntMtr_Read
 .text.crrntMtr_Write
                0x00001588       0x4c ./Sources/RS485/CurrentMeter/AE12AE.o
                0x00001588                crrntMtr_Write
 .text.crrntMtr_FrameComposer
                0x000015d4      0x124 ./Sources/RS485/CurrentMeter/AE12AE.o
                0x000015d4                crrntMtr_FrameComposer
 .text.CurrentMeter_task
                0x000016f8       0xac ./Sources/RS485/CurrentMeter/AE12AE.o
                0x000016f8                CurrentMeter_task
 .text.RS485_Send
                0x000017a4       0x3c ./Sources/RS485/RS485_Driver.o
 .text.RS485_Receive
                0x000017e0       0x28 ./Sources/RS485/RS485_Driver.o
 .text.RS485_Init
                0x00001808       0x48 ./Sources/RS485/RS485_Driver.o
                0x00001808                RS485_Init
 .text.RS485_Read
                0x00001850       0x44 ./Sources/RS485/RS485_Driver.o
                0x00001850                RS485_Read
 .text.RS485_Write
                0x00001894       0x44 ./Sources/RS485/RS485_Driver.o
                0x00001894                RS485_Write
 .text.RS485_WaitForResponse
                0x000018d8       0x64 ./Sources/RS485/RS485_Driver.o
                0x000018d8                RS485_WaitForResponse
 .text.RS485_OnBlockRx
                0x0000193c       0x74 ./Sources/RS485/RS485_Driver.o
                0x0000193c                RS485_OnBlockRx
 .text.RS485_OnTxCompleted
                0x000019b0       0x20 ./Sources/RS485/RS485_Driver.o
                0x000019b0                RS485_OnTxCompleted
 .text.Cpu_OnNMI
                0x000019d0        0xc ./Sources/Events.o
                0x000019d0                Cpu_OnNMI
 .text.RS485_UART_OnBlockReceived
                0x000019dc       0x14 ./Sources/Events.o
                0x000019dc                RS485_UART_OnBlockReceived
 .text.RS485_UART_OnBlockSent
                0x000019f0       0x14 ./Sources/Events.o
                0x000019f0                RS485_UART_OnBlockSent
 .text.RS485_UART_OnTxComplete
                0x00001a04       0x14 ./Sources/Events.o
                0x00001a04                RS485_UART_OnTxComplete
 .text.main     0x00001a18       0x14 ./Sources/main.o
                0x00001a18                main
 .text.MX28R_Set_task
                0x00001a2c       0x14 ./Sources/mqx_tasks.o
                0x00001a2c                MX28R_Set_task
 .text.AE12AE_Demade_task
                0x00001a40       0x14 ./Sources/mqx_tasks.o
                0x00001a40                AE12AE_Demade_task
 .text.__copy_rom_section
                0x00001a54       0xe4 ./Project_Settings/Startup_Code/startup.o
                0x00001a54                __copy_rom_section
 .text.__copy_rom_sections_to_ram
                0x00001b38       0x9c ./Project_Settings/Startup_Code/startup.o
                0x00001b38                __copy_rom_sections_to_ram
 .text.__init_registers
                0x00001bd4       0x20 ./Project_Settings/Startup_Code/startup.o
                0x00001bd4                __init_registers
 .text.__init_user
                0x00001bf4        0xc ./Project_Settings/Startup_Code/startup.o
                0x00001bf4                __init_user
 .text.__thumb_startup
                0x00001c00       0x34 ./Project_Settings/Startup_Code/startup.o
                0x00001c00                __thumb_startup
 .text._psp_int_install
                0x00001c34       0x20 ./MQXLITE/psp/cortex_m/int_inst.o
                0x00001c34                _psp_int_install
 .text._int_set_vector_table
                0x00001c54       0x34 ./MQXLITE/psp/cortex_m/int_vtab.o
                0x00001c54                _int_set_vector_table
 .text._mem_zero
                0x00001c88      0x1c8 ./MQXLITE/psp/cortex_m/mem_zero.o
                0x00001c88                _mem_zero
 .text._psp_int_init
                0x00001e50       0x28 ./MQXLITE/psp/cortex_m/psp_iinit.o
                0x00001e50                _psp_int_init
 .text._psp_add_ticks
                0x00001e78       0x68 ./MQXLITE/psp/cortex_m/psp_tiad.o
                0x00001e78                _psp_add_ticks
 .text._psp_normalize_ticks
                0x00001ee0       0x58 ./MQXLITE/psp/cortex_m/psp_tinm.o
                0x00001ee0                _psp_normalize_ticks
 .text._psp_set_kernel_disable_level
                0x00001f38       0xa8 ./MQXLITE/psp/cortex_m/sc_irdyq.o
                0x00001f38                _psp_set_kernel_disable_level
 .text._psp_init_readyqs
                0x00001fe0       0xa8 ./MQXLITE/psp/cortex_m/sc_irdyq.o
                0x00001fe0                _psp_init_readyqs
 .text._psp_build_stack_frame
                0x00002088       0x90 ./MQXLITE/psp/cortex_m/stack_bu.o
                0x00002088                _psp_build_stack_frame
 .text._psp_destroy_stack_frame
                0x00002118       0x14 ./MQXLITE/psp/cortex_m/stack_de.o
                0x00002118                _psp_destroy_stack_frame
 .text._mqx_idle_task
                0x0000212c       0x14 ./MQXLITE/kernel/idletask.o
                0x0000212c                _mqx_idle_task
 .text._int_default_isr
                0x00002140       0x5c ./MQXLITE/kernel/int.o
                0x00002140                _int_default_isr
 .text._int_disable
                0x0000219c       0x38 ./MQXLITE/kernel/int.o
                0x0000219c                _int_disable
 .text._int_enable
                0x000021d4       0x50 ./MQXLITE/kernel/int.o
                0x000021d4                _int_enable
 .text._int_get_isr_data
                0x00002224       0x68 ./MQXLITE/kernel/int.o
                0x00002224                _int_get_isr_data
 .text._int_install_isr
                0x0000228c       0x84 ./MQXLITE/kernel/int.o
                0x0000228c                _int_install_isr
 .text._int_init
                0x00002310       0x8c ./MQXLITE/kernel/int.o
                0x00002310                _int_init
 .text._lwevent_create_internal
                0x0000239c      0x124 ./MQXLITE/kernel/lwevent.o
                0x0000239c                _lwevent_create_internal
 .text._lwevent_create
                0x000024c0       0x20 ./MQXLITE/kernel/lwevent.o
                0x000024c0                _lwevent_create
 .text._lwevent_clear
                0x000024e0       0x94 ./MQXLITE/kernel/lwevent.o
                0x000024e0                _lwevent_clear
 .text._lwevent_set
                0x00002574      0x1d4 ./MQXLITE/kernel/lwevent.o
                0x00002574                _lwevent_set
 .text._lwevent_wait_internal
                0x00002748      0x1d4 ./MQXLITE/kernel/lwevent.o
                0x00002748                _lwevent_wait_internal
 .text._lwevent_wait_ticks
                0x0000291c       0x74 ./MQXLITE/kernel/lwevent.o
                0x0000291c                _lwevent_wait_ticks
 .text._lwsem_create_internal
                0x00002990       0xc8 ./MQXLITE/kernel/lwsem.o
                0x00002990                _lwsem_create_internal
 .text._lwsem_create
                0x00002a58       0x20 ./MQXLITE/kernel/lwsem.o
                0x00002a58                _lwsem_create
 .text._lwsem_post
                0x00002a78      0x164 ./MQXLITE/kernel/lwsem.o
                0x00002a78                _lwsem_post
 .text._lwsem_wait
                0x00002bdc      0x128 ./MQXLITE/kernel/lwsem.o
                0x00002bdc                _lwsem_wait
 .text._mqx_set_cpu_type
                0x00002d04       0x24 ./MQXLITE/kernel/mqx_utils.o
                0x00002d04                _mqx_set_cpu_type
 .text._mqx_init_kernel_data_internal
                0x00002d28      0x190 ./MQXLITE/kernel/mqx_utils.o
                0x00002d28                _mqx_init_kernel_data_internal
 .text._mqxlite_init
                0x00002eb8      0x104 ./MQXLITE/kernel/mqxlite.o
                0x00002eb8                _mqxlite_init
 .text._mqxlite
                0x00002fbc       0xc0 ./MQXLITE/kernel/mqxlite.o
                0x00002fbc                _mqxlite
 .text._mqx_exit
                0x0000307c       0x18 ./MQXLITE/kernel/mqxlite.o
                0x0000307c                _mqx_exit
 .text._task_destroy_internal
                0x00003094      0x268 ./MQXLITE/kernel/task.o
                0x00003094                _task_destroy_internal
 .text._task_destroy
                0x000032fc       0x1c ./MQXLITE/kernel/task.o
                0x000032fc                _task_destroy
 .text._task_get_td
                0x00003318       0xc4 ./MQXLITE/kernel/task.o
                0x00003318                _task_get_td
 .text._task_set_error
                0x000033dc       0x4c ./MQXLITE/kernel/task.o
                0x000033dc                _task_set_error
 .text._task_exit_function_internal
                0x00003428       0x24 ./MQXLITE/kernel/task.o
                0x00003428                _task_exit_function_internal
 .text._task_init_internal
                0x0000344c      0x198 ./MQXLITE/kernel/task.o
                0x0000344c                _task_init_internal
 .text._task_fill_stack_internal
                0x000035e4       0x38 ./MQXLITE/kernel/task.o
                0x000035e4                _task_fill_stack_internal
 .text._task_ready_internal
                0x0000361c       0x44 ./MQXLITE/kernel/task.o
                0x0000361c                _task_ready_internal
 .text._task_alloc_td_internal
                0x00003660      0x108 ./MQXLITE/kernel/task.o
                0x00003660                _task_alloc_td_internal
 .text._task_set_error_td_internal
                0x00003768       0x30 ./MQXLITE/kernel/task.o
                0x00003768                _task_set_error_td_internal
 .text._time_delay_for
                0x00003798       0x74 ./MQXLITE/kernel/time_ticks.o
                0x00003798                _time_delay_for
 .text._time_delay_internal
                0x0000380c       0xc8 ./MQXLITE/kernel/time_ticks.o
                0x0000380c                _time_delay_internal
 .text._time_delay_ticks
                0x000038d4       0x7c ./MQXLITE/kernel/time_ticks.o
                0x000038d4                _time_delay_ticks
 .text._time_delay_until
                0x00003950       0x70 ./MQXLITE/kernel/time_ticks.o
                0x00003950                _time_delay_until
 .text._time_notify_kernel
                0x000039c0      0x17c ./MQXLITE/kernel/time_ticks.o
                0x000039c0                _time_notify_kernel
 .text._time_set_hwtick_function
                0x00003b3c       0x28 ./MQXLITE/kernel/time_ticks.o
                0x00003b3c                _time_set_hwtick_function
 .text._time_set_hwticks_per_tick
                0x00003b64       0x20 ./MQXLITE/kernel/time_ticks.o
                0x00003b64                _time_set_hwticks_per_tick
 .text.Common_Init
                0x00003b84       0xb0 ./Generated_Code/Cpu.o
                0x00003b84                Common_Init
 .text.Components_Init
                0x00003c34        0xc ./Generated_Code/Cpu.o
                0x00003c34                Components_Init
 .text.Cpu_INT_NMIInterrupt
                0x00003c40        0xc ./Generated_Code/Cpu.o
                0x00003c40                Cpu_INT_NMIInterrupt
 .text.SystemTimer1_OnCounterRestart
                0x00003c4c       0x14 ./Generated_Code/MQX1.o
                0x00003c4c                SystemTimer1_OnCounterRestart
 .text.SystemTimer1_GetTicsPerSecond
                0x00003c60       0x2c ./Generated_Code/MQX1.o
                0x00003c60                SystemTimer1_GetTicsPerSecond
 .text.system_timer_init
                0x00003c8c       0x68 ./Generated_Code/MQX1.o
                0x00003c8c                system_timer_init
 .text.system_timer_start
                0x00003cf4       0x20 ./Generated_Code/MQX1.o
                0x00003cf4                system_timer_start
 .text.RS485_DE_Init
                0x00003d14       0x80 ./Generated_Code/RS485_DE.o
                0x00003d14                RS485_DE_Init
 .text.RS485_DE_ClrVal
                0x00003d94       0x20 ./Generated_Code/RS485_DE.o
                0x00003d94                RS485_DE_ClrVal
 .text.RS485_DE_SetVal
                0x00003db4       0x20 ./Generated_Code/RS485_DE.o
                0x00003db4                RS485_DE_SetVal
 .text.RS485_RE_Init
                0x00003dd4       0x80 ./Generated_Code/RS485_RE.o
                0x00003dd4                RS485_RE_Init
 .text.RS485_RE_ClrVal
                0x00003e54       0x20 ./Generated_Code/RS485_RE.o
                0x00003e54                RS485_RE_ClrVal
 .text.RS485_RE_SetVal
                0x00003e74       0x20 ./Generated_Code/RS485_RE.o
                0x00003e74                RS485_RE_SetVal
 .text.RS485_UART_Init
                0x00003e94      0x1f0 ./Generated_Code/RS485_UART.o
                0x00003e94                RS485_UART_Init
 .text.RS485_UART_ReceiveBlock
                0x00004084       0x4c ./Generated_Code/RS485_UART.o
                0x00004084                RS485_UART_ReceiveBlock
 .text.RS485_UART_SendBlock
                0x000040d0       0x78 ./Generated_Code/RS485_UART.o
                0x000040d0                RS485_UART_SendBlock
 .text.InterruptRx
                0x00004148       0x58 ./Generated_Code/RS485_UART.o
 .text.InterruptTx
                0x000041a0       0x9c ./Generated_Code/RS485_UART.o
 .text.RS485_UART_Interrupt
                0x0000423c       0x90 ./Generated_Code/RS485_UART.o
                0x0000423c                RS485_UART_Interrupt
 .text.SystemTimer1_Init
                0x000042cc       0x84 ./Generated_Code/SystemTimer1.o
                0x000042cc                SystemTimer1_Init
 .text.SystemTimer1_Enable
                0x00004350       0x28 ./Generated_Code/SystemTimer1.o
                0x00004350                SystemTimer1_Enable
 .text.SystemTimer1_GetInputFrequency
                0x00004378       0x18 ./Generated_Code/SystemTimer1.o
                0x00004378                SystemTimer1_GetInputFrequency
 .text.SystemTimer1_GetPeriodTicks
                0x00004390       0x3c ./Generated_Code/SystemTimer1.o
                0x00004390                SystemTimer1_GetPeriodTicks
 .text.SystemTimer1_GetCounterValue
                0x000043cc       0x1c ./Generated_Code/SystemTimer1.o
                0x000043cc                SystemTimer1_GetCounterValue
 .text.SystemTimer1_Interrupt
                0x000043e8       0x2c ./Generated_Code/SystemTimer1.o
                0x000043e8                SystemTimer1_Interrupt
 .text.exit     0x00004414       0x28 c:/freescale/kds_v3/toolchain/bin/../lib/gcc/arm-none-eabi/4.8.4/../../../../arm-none-eabi/lib/armv7e-m/fpu\libg_s.a(lib_a-exit.o)
                0x00004414                exit
 .text.__libc_init_array
                0x0000443c       0x4c c:/freescale/kds_v3/toolchain/bin/../lib/gcc/arm-none-eabi/4.8.4/../../../../arm-none-eabi/lib/armv7e-m/fpu\libg_s.a(lib_a-init.o)
                0x0000443c                __libc_init_array
 .text.memcpy   0x00004488       0x12 c:/freescale/kds_v3/toolchain/bin/../lib/gcc/arm-none-eabi/4.8.4/../../../../arm-none-eabi/lib/armv7e-m/fpu\libg_s.a(lib_a-memcpy-stub.o)
                0x00004488                memcpy
 .text.memset   0x0000449a       0x10 c:/freescale/kds_v3/toolchain/bin/../lib/gcc/arm-none-eabi/4.8.4/../../../../arm-none-eabi/lib/armv7e-m/fpu\libg_s.a(lib_a-memset.o)
                0x0000449a                memset
 *fill*         0x000044aa        0x2 
 .text.sprintf  0x000044ac       0x48 c:/freescale/kds_v3/toolchain/bin/../lib/gcc/arm-none-eabi/4.8.4/../../../../arm-none-eabi/lib/armv7e-m/fpu\libg_s.a(lib_a-sprintf.o)
                0x000044ac                siprintf
                0x000044ac                sprintf
 .text.strlen   0x000044f4       0x10 c:/freescale/kds_v3/toolchain/bin/../lib/gcc/arm-none-eabi/4.8.4/../../../../arm-none-eabi/lib/armv7e-m/fpu\libg_s.a(lib_a-strlen.o)
                0x000044f4                strlen
 .text.__ssputs_r
                0x00004504       0xb8 c:/freescale/kds_v3/toolchain/bin/../lib/gcc/arm-none-eabi/4.8.4/../../../../arm-none-eabi/lib/armv7e-m/fpu\libg_s.a(lib_a-svfprintf.o)
                0x00004504                __ssputs_r
 .text._svfprintf_r
                0x000045bc      0x1dc c:/freescale/kds_v3/toolchain/bin/../lib/gcc/arm-none-eabi/4.8.4/../../../../arm-none-eabi/lib/armv7e-m/fpu\libg_s.a(lib_a-svfprintf.o)
                0x000045bc                _svfiprintf_r
                0x000045bc                _svfprintf_r
 .text._printf_common
                0x00004798       0xe4 c:/freescale/kds_v3/toolchain/bin/../lib/gcc/arm-none-eabi/4.8.4/../../../../arm-none-eabi/lib/armv7e-m/fpu\libg_s.a(lib_a-vfprintf_i.o)
                0x00004798                _printf_common
 .text._printf_i
                0x0000487c      0x228 c:/freescale/kds_v3/toolchain/bin/../lib/gcc/arm-none-eabi/4.8.4/../../../../arm-none-eabi/lib/armv7e-m/fpu\libg_s.a(lib_a-vfprintf_i.o)
                0x0000487c                _printf_i
 .text.memchr   0x00004aa4       0x1e c:/freescale/kds_v3/toolchain/bin/../lib/gcc/arm-none-eabi/4.8.4/../../../../arm-none-eabi/lib/armv7e-m/fpu\libg_s.a(lib_a-memchr-stub.o)
                0x00004aa4                memchr
 .text.memmove  0x00004ac2       0x36 c:/freescale/kds_v3/toolchain/bin/../lib/gcc/arm-none-eabi/4.8.4/../../../../arm-none-eabi/lib/armv7e-m/fpu\libg_s.a(lib_a-memmove.o)
                0x00004ac2                memmove
 .text._free_r  0x00004af8       0x88 c:/freescale/kds_v3/toolchain/bin/../lib/gcc/arm-none-eabi/4.8.4/../../../../arm-none-eabi/lib/armv7e-m/fpu\libg_s.a(lib_a-nano-freer.o)
                0x00004af8                _free_r
 .text._malloc_r
                0x00004b80       0xa8 c:/freescale/kds_v3/toolchain/bin/../lib/gcc/arm-none-eabi/4.8.4/../../../../arm-none-eabi/lib/armv7e-m/fpu\libg_s.a(lib_a-nano-mallocr.o)
                0x00004b80                _malloc_r
 .text._realloc_r
                0x00004c28       0x4c c:/freescale/kds_v3/toolchain/bin/../lib/gcc/arm-none-eabi/4.8.4/../../../../arm-none-eabi/lib/armv7e-m/fpu\libg_s.a(lib_a-nano-reallocr.o)
                0x00004c28                _realloc_r
 .text._sbrk_r  0x00004c74       0x20 c:/freescale/kds_v3/toolchain/bin/../lib/gcc/arm-none-eabi/4.8.4/../../../../arm-none-eabi/lib/armv7e-m/fpu\libg_s.a(lib_a-sbrkr.o)
                0x00004c74                _sbrk_r
 .text._malloc_usable_size_r
                0x00004c94       0x12 c:/freescale/kds_v3/toolchain/bin/../lib/gcc/arm-none-eabi/4.8.4/../../../../arm-none-eabi/lib/armv7e-m/fpu\libg_s.a(lib_a-nano-msizer.o)
                0x00004c94                _malloc_usable_size_r
 *fill*         0x00004ca6        0x2 
 .text._sbrk    0x00004ca8       0x34 c:/freescale/kds_v3/toolchain/bin/../lib/gcc/arm-none-eabi/4.8.4/../../../../arm-none-eabi/lib/armv7e-m/fpu\libnosys.a(sbrk.o)
                0x00004ca8                _sbrk
 .text._exit    0x00004cdc        0x4 c:/freescale/kds_v3/toolchain/bin/../lib/gcc/arm-none-eabi/4.8.4/../../../../arm-none-eabi/lib/armv7e-m/fpu\libnosys.a(_exit.o)
                0x00004cdc                _exit
 *(.rodata)
 .rodata        0x00004ce0       0x18 ./Sources/RTT/SEGGER_RTT.o
 .rodata        0x00004cf8        0x4 ./Sources/RS485/CurrentMeter/AE12AE.o
 .rodata        0x00004cfc       0x10 ./MQXLITE/kernel/mqx_utils.o
 .rodata        0x00004d0c       0xd8 ./MQXLITE/kernel/mqxlite.o
 .rodata        0x00004de4       0x24 ./MQXLITE/config/task_template_list.o
 *(.rodata*)
 .rodata.ClockGenModeMatrix
                0x00004e08       0x80 ./Static_Code/System/CPU_Init.o
 .rodata.CPU_ClockConfigDescriptors
                0x00004e88       0x1c ./Static_Code/System/CPU_Init.o
 .rodata.CPU_DefaultFEI
                0x00004ea4        0x8 ./Static_Code/System/CPU_Init.o
 .rodata.CPU_DefaultFBI
                0x00004eac        0x8 ./Static_Code/System/CPU_Init.o
 .rodata.CPU_DefaultBLPI
                0x00004eb4        0x8 ./Static_Code/System/CPU_Init.o
 .rodata.CPU_DefaultFEE
                0x00004ebc        0x8 ./Static_Code/System/CPU_Init.o
 .rodata.CPU_DefaultFBE
                0x00004ec4        0x8 ./Static_Code/System/CPU_Init.o
 .rodata.CPU_DefaultBLPE
                0x00004ecc        0x8 ./Static_Code/System/CPU_Init.o
 .rodata.CPU_DefaultPBE
                0x00004ed4        0x8 ./Static_Code/System/CPU_Init.o
 .rodata.CPU_DefaultPEE
                0x00004edc        0x8 ./Static_Code/System/CPU_Init.o
 .rodata.CPU_ClockGenModeRegs
                0x00004ee4       0x20 ./Static_Code/System/CPU_Init.o
 .rodata._mqx_version_number
                0x00004f04        0x4 ./MQXLITE/kernel/mqxlite.o
                0x00004f04                _mqx_version_number
 .rodata._mqx_vendor
                0x00004f08        0x4 ./MQXLITE/kernel/mqxlite.o
                0x00004f08                _mqx_vendor
 .rodata._mqx_path
                0x00004f0c        0x4 ./MQXLITE/kernel/mqxlite.o
                0x00004f0c                _mqx_path
 .rodata._mqxlite_version_number
                0x00004f10        0x4 ./MQXLITE/kernel/mqxlite.o
                0x00004f10                _mqxlite_version_number
 .rodata.MQX_template_list
                0x00004f14       0x54 ./MQXLITE/config/task_template_list.o
                0x00004f14                MQX_template_list
 .rodata.MQX_init_struct
                0x00004f68       0x24 ./Generated_Code/MQX1.o
                0x00004f68                MQX_init_struct
 .rodata.str1.1
                0x00004f8c        0x2 c:/freescale/kds_v3/toolchain/bin/../lib/gcc/arm-none-eabi/4.8.4/../../../../arm-none-eabi/lib/armv7e-m/fpu\libg_s.a(lib_a-impure.o)
 *fill*         0x00004f8e        0x2 
 .rodata._global_impure_ptr
                0x00004f90        0x4 c:/freescale/kds_v3/toolchain/bin/../lib/gcc/arm-none-eabi/4.8.4/../../../../arm-none-eabi/lib/armv7e-m/fpu\libg_s.a(lib_a-impure.o)
                0x00004f90                _global_impure_ptr
 .rodata.str1.1
                0x00004f94       0x11 c:/freescale/kds_v3/toolchain/bin/../lib/gcc/arm-none-eabi/4.8.4/../../../../arm-none-eabi/lib/armv7e-m/fpu\libg_s.a(lib_a-svfprintf.o)
 .rodata.str1.1
                0x00004fa5       0x22 c:/freescale/kds_v3/toolchain/bin/../lib/gcc/arm-none-eabi/4.8.4/../../../../arm-none-eabi/lib/armv7e-m/fpu\libg_s.a(lib_a-vfprintf_i.o)
 *fill*         0x00004fc7        0x1 
 .rodata.__sf_fake_stdin
                0x00004fc8       0x20 c:/freescale/kds_v3/toolchain/bin/../lib/gcc/arm-none-eabi/4.8.4/../../../../arm-none-eabi/lib/armv7e-m/fpu\libg_s.a(lib_a-findfp.o)
                0x00004fc8                __sf_fake_stdin
 .rodata.__sf_fake_stdout
                0x00004fe8       0x20 c:/freescale/kds_v3/toolchain/bin/../lib/gcc/arm-none-eabi/4.8.4/../../../../arm-none-eabi/lib/armv7e-m/fpu\libg_s.a(lib_a-findfp.o)
                0x00004fe8                __sf_fake_stdout
 .rodata.__sf_fake_stderr
                0x00005008       0x20 c:/freescale/kds_v3/toolchain/bin/../lib/gcc/arm-none-eabi/4.8.4/../../../../arm-none-eabi/lib/armv7e-m/fpu\libg_s.a(lib_a-findfp.o)
                0x00005008                __sf_fake_stderr
 *(.glue_7)
 .glue_7        0x00000000        0x0 linker stubs
 *(.glue_7t)
 .glue_7t       0x00000000        0x0 linker stubs
 *(.eh_frame)
 .eh_frame      0x00005028        0x0 c:/freescale/kds_v3/toolchain/bin/../lib/gcc/arm-none-eabi/4.8.4/armv7e-m/fpu/crtbegin.o
 *(.init)
 .init          0x00005028        0x4 c:/freescale/kds_v3/toolchain/bin/../lib/gcc/arm-none-eabi/4.8.4/armv7e-m/fpu/crti.o
                0x00005028                _init
 .init          0x0000502c        0x8 c:/freescale/kds_v3/toolchain/bin/../lib/gcc/arm-none-eabi/4.8.4/armv7e-m/fpu/crtn.o
 *(.fini)
 .fini          0x00005034        0x4 c:/freescale/kds_v3/toolchain/bin/../lib/gcc/arm-none-eabi/4.8.4/armv7e-m/fpu/crti.o
                0x00005034                _fini
 .fini          0x00005038        0x8 c:/freescale/kds_v3/toolchain/bin/../lib/gcc/arm-none-eabi/4.8.4/armv7e-m/fpu/crtn.o
                0x00005040                . = ALIGN (0x4)
 *(KERNEL)
 KERNEL         0x00005040      0x250 ./MQXLITE/psp/cortex_m/core/M4/dispatch.o
                0x00005040                _sched_start_internal
                0x00005044                _sched_run_internal
                0x0000504a                _sched_check_scheduler_internal
                0x00005068                _sched_execute_scheduler_internal
                0x0000506c                _mqx_api_call
                0x00005070                _task_block
                0x00005074                _svc_handler
                0x000050f6                _pend_svc
                0x0000515e                _int_kernel_isr
                0x000051e6                _psp_exception_return
                0x00005220                _psp_save_fp_context_internal
                0x00005222                _mem_test_and_set
                0x00005240                __get_PSP
                0x00005246                __get_MSP
                0x00005252                __get_PSR
                0x00005258                __enable_interrupt
                0x0000525c                __disable_interrupt
                0x00005260                __get_LR
                0x00005264                __get_PC
                0x00005268                __get_CONTROL
                0x00000000                __VECTOR_TABLE_START = __vector_table
                0x00005290                . = ALIGN (0x4)
 *(.rdata)
                0x00005290                . = ALIGN (0x4)
 *(.exception)
                0x00005290                . = ALIGN (0x4)
                0x00005290                __exception_table_start__ = .
                0x00005290                __exception_table_end__ = .
                0x00005290                __sinit__ = .
                0x00005290                _etext = .

.vfp11_veneer   0x00005290        0x0
 .vfp11_veneer  0x00000000        0x0 linker stubs

.v4_bx          0x00005290        0x0
 .v4_bx         0x00000000        0x0 linker stubs

.iplt           0x00005290        0x0
 .iplt          0x00000000        0x0 c:/freescale/kds_v3/toolchain/bin/../lib/gcc/arm-none-eabi/4.8.4/armv7e-m/fpu/crtbegin.o

.ARM.extab
 *(.ARM.extab* .gnu.linkonce.armextab.*)

.ARM            0x00005290        0x8
                0x00005290                __exidx_start = .
 *(.ARM.exidx*)
 .ARM.exidx     0x00005290        0x8 c:/freescale/kds_v3/toolchain/bin/../lib/gcc/arm-none-eabi/4.8.4/../../../../arm-none-eabi/lib/armv7e-m/fpu/crt0.o
                0x00005298                __exidx_end = .

.rel.dyn        0x00005298        0x0
 .rel.iplt      0x00000000        0x0 c:/freescale/kds_v3/toolchain/bin/../lib/gcc/arm-none-eabi/4.8.4/armv7e-m/fpu/crtbegin.o

.ctors          0x00005298        0x0
                0x00005298                __CTOR_LIST__ = .
 *crtbegin.o(.ctors)
 *(EXCLUDE_FILE(*crtend.o) .ctors)
 *(SORT(.ctors.*))
 *(.ctors)
                0x00005298                __CTOR_END__ = .

.dtors          0x00005298        0x0
                0x00005298                __DTOR_LIST__ = .
 *crtbegin.o(.dtors)
 *(EXCLUDE_FILE(*crtend.o) .dtors)
 *(SORT(.dtors.*))
 *(.dtors)
                0x00005298                __DTOR_END__ = .

.preinit_array  0x00005298        0x0
                0x00005298                PROVIDE (__preinit_array_start, .)
 *(.preinit_array*)
                0x00005298                PROVIDE (__preinit_array_end, .)

.init_array     0x00005298        0x4
                0x00005298                PROVIDE (__init_array_start, .)
 *(SORT(.init_array.*))
 *(.init_array*)
 .init_array    0x00005298        0x4 c:/freescale/kds_v3/toolchain/bin/../lib/gcc/arm-none-eabi/4.8.4/armv7e-m/fpu/crtbegin.o
                0x0000529c                PROVIDE (__init_array_end, .)

.fini_array     0x0000529c        0x4
                0x0000529c                PROVIDE (__fini_array_start, .)
 *(SORT(.fini_array.*))
 *(.fini_array*)
 .fini_array    0x0000529c        0x4 c:/freescale/kds_v3/toolchain/bin/../lib/gcc/arm-none-eabi/4.8.4/armv7e-m/fpu/crtbegin.o
                0x000052a0                PROVIDE (__fini_array_end, .)
                0x000052a0                ___ROM_AT = .

.data           0x20000000       0x78 load address 0x000052a0
                0x20000000                . = ALIGN (0x4)
                0x20000000                _sdata = .
 *(.data)
 *(.data*)
 .data.torqueLimit.7794
                0x20000000        0x2 ./Sources/RS485/Servo/MX28R.o
 *fill*         0x20000002        0x2 
 .data._mqx_kernel_data
                0x20000004        0x4 ./MQXLITE/kernel/mqxlite.o
                0x20000004                _mqx_kernel_data
 .data.mqx_task_stack_pointers
                0x20000008        0xc ./Generated_Code/MQX1.o
                0x20000008                mqx_task_stack_pointers
 .data.impure_data
                0x20000014       0x60 c:/freescale/kds_v3/toolchain/bin/../lib/gcc/arm-none-eabi/4.8.4/../../../../arm-none-eabi/lib/armv7e-m/fpu\libg_s.a(lib_a-impure.o)
 .data._impure_ptr
                0x20000074        0x4 c:/freescale/kds_v3/toolchain/bin/../lib/gcc/arm-none-eabi/4.8.4/../../../../arm-none-eabi/lib/armv7e-m/fpu\libg_s.a(lib_a-impure.o)
                0x20000074                _impure_ptr
                0x20000078                . = ALIGN (0x4)
                0x20000078                _edata = .
                0x00000078                ___data_size = (_edata - _sdata)
                0x00005318                ___m_data_1FFF0000_ROMStart = (___ROM_AT + SIZEOF (.data))

.jcr            0x20000078        0x0 load address 0x00005318
 .jcr           0x20000078        0x0 c:/freescale/kds_v3/toolchain/bin/../lib/gcc/arm-none-eabi/4.8.4/armv7e-m/fpu/crtbegin.o

.igot.plt       0x20000078        0x0 load address 0x00005318
 .igot.plt      0x00000000        0x0 c:/freescale/kds_v3/toolchain/bin/../lib/gcc/arm-none-eabi/4.8.4/armv7e-m/fpu/crtbegin.o

.m_data_1FFF0000
                0x1fff0000        0x0 load address 0x00005318
                0x1fff0000                . = ALIGN (0x4)
                0x1fff0000                ___m_data_1FFF0000_RAMStart = .
 *(.m_data_1FFF0000)
                0x1fff0000                ___m_data_1FFF0000_RAMEnd = .
                0x1fff0000                . = ALIGN (0x4)
                0x00000000                ___m_data_1FFF0000_ROMSize = (___m_data_1FFF0000_RAMEnd - ___m_data_1FFF0000_RAMStart)
                0x1fff0000                . = ALIGN (0x4)

.bss            0x20000078     0x1404 load address 0x00005318
                0x20000078                __START_BSS = .
                0x20000078                PROVIDE (__bss_start__, __START_BSS)
 *(.bss)
 .bss           0x20000078       0x1c c:/freescale/kds_v3/toolchain/bin/../lib/gcc/arm-none-eabi/4.8.4/armv7e-m/fpu/crtbegin.o
 *(.bss*)
 .bss._acUpBuffer
                0x20000094      0x400 ./Sources/RTT/SEGGER_RTT.o
 .bss._acDownBuffer
                0x20000494       0x10 ./Sources/RTT/SEGGER_RTT.o
 .bss.TxData    0x200004a4       0x14 ./Sources/RS485/Servo/MX28R.o
 .bss.MX28R_Response
                0x200004b8       0x14 ./Sources/RS485/Servo/MX28R.o
 .bss.thtl0Pos  0x200004cc        0x2 ./Sources/RS485/Servo/MX28R.o
 .bss.thtl100Pos
                0x200004ce        0x2 ./Sources/RS485/Servo/MX28R.o
 .bss.FinalThtl
                0x200004d0        0x2 ./Sources/RS485/Servo/MX28R.o
 .bss.speed.7795
                0x200004d2        0x2 ./Sources/RS485/Servo/MX28R.o
 .bss.HeaderState.7818
                0x200004d4        0x1 ./Sources/RS485/Servo/MX28R.o
 .bss.i.7815    0x200004d5        0x1 ./Sources/RS485/Servo/MX28R.o
 .bss.length.7814
                0x200004d6        0x1 ./Sources/RS485/Servo/MX28R.o
 *fill*         0x200004d7        0x1 
 .bss.checksum.7816
                0x200004d8        0x2 ./Sources/RS485/Servo/MX28R.o
 .bss.error.7817
                0x200004da        0x1 ./Sources/RS485/Servo/MX28R.o
 .bss.HeaderState.8342
                0x200004db        0x1 ./Sources/RS485/CurrentMeter/AE12AE.o
 .bss.checksum.8338
                0x200004dc        0x2 ./Sources/RS485/CurrentMeter/AE12AE.o
 .bss.i.8337    0x200004de        0x1 ./Sources/RS485/CurrentMeter/AE12AE.o
 .bss.id.8339   0x200004df        0x1 ./Sources/RS485/CurrentMeter/AE12AE.o
 .bss.mesure_MSB.8340
                0x200004e0        0x1 ./Sources/RS485/CurrentMeter/AE12AE.o
 .bss.mesure_LSB.8341
                0x200004e1        0x1 ./Sources/RS485/CurrentMeter/AE12AE.o
 *fill*         0x200004e2        0x2 
 .bss.RX_Buffer.8357
                0x200004e4       0xc8 ./Sources/RS485/CurrentMeter/AE12AE.o
 .bss.RX_Cursor.8358
                0x200005ac        0x2 ./Sources/RS485/CurrentMeter/AE12AE.o
 *fill*         0x200005ae        0x2 
 .bss.RS485State
                0x200005b0       0x34 ./Sources/RS485/RS485_Driver.o
 .bss.RS485RcvChar
                0x200005e4        0x1 ./Sources/RS485/RS485_Driver.o
 *fill*         0x200005e5        0x3 
 .bss.SystemTimerDeviceDataPtr
                0x200005e8        0x4 ./Generated_Code/MQX1.o
 .bss.PE_LDD_DeviceDataList
                0x200005ec       0x14 ./Generated_Code/PE_LDD.o
                0x200005ec                PE_LDD_DeviceDataList
 .bss.DeviceDataPrv__DEFAULT_RTOS_ALLOC
                0x20000600        0x4 ./Generated_Code/RS485_DE.o
 .bss.DeviceDataPrv__DEFAULT_RTOS_ALLOC
                0x20000604        0x4 ./Generated_Code/RS485_RE.o
 .bss.DeviceDataPrv__DEFAULT_RTOS_ALLOC
                0x20000608       0x20 ./Generated_Code/RS485_UART.o
 .bss.DeviceDataPrv__DEFAULT_RTOS_ALLOC
                0x20000628        0xc ./Generated_Code/SystemTimer1.o
 .bss.__malloc_sbrk_start
                0x20000634        0x4 c:/freescale/kds_v3/toolchain/bin/../lib/gcc/arm-none-eabi/4.8.4/../../../../arm-none-eabi/lib/armv7e-m/fpu\libg_s.a(lib_a-nano-mallocr.o)
                0x20000634                __malloc_sbrk_start
 .bss.__malloc_free_list
                0x20000638        0x4 c:/freescale/kds_v3/toolchain/bin/../lib/gcc/arm-none-eabi/4.8.4/../../../../arm-none-eabi/lib/armv7e-m/fpu\libg_s.a(lib_a-nano-mallocr.o)
                0x20000638                __malloc_free_list
 .bss.heap_end.4246
                0x2000063c        0x4 c:/freescale/kds_v3/toolchain/bin/../lib/gcc/arm-none-eabi/4.8.4/../../../../arm-none-eabi/lib/armv7e-m/fpu\libnosys.a(sbrk.o)
 *(COMMON)
 COMMON         0x20000640       0xa8 ./Sources/RTT/SEGGER_RTT.o
                0x20000640                _SEGGER_RTT
 COMMON         0x200006e8       0x58 ./Sources/RS485/CurrentMeter/AE12AE.o
                0x200006e8                RS485_RE_Ptr
                0x200006ec                lwevent_dmndMsr
                0x20000710                crrntMtr_Response
                0x20000724                TxData
                0x20000738                AE12AE_RS485_Ptr
                0x2000073c                RS485_DE_Ptr
 COMMON         0x20000740       0x10 ./MQXLITE/kernel/mqxlite.o
                0x20000740                _mqx_zero_tick_struct
                0x2000074c                _mqx_system_stack
 COMMON         0x20000750      0xd28 ./Generated_Code/MQX1.o
                0x20000750                _mqx_kernel_data_struct
                0x20000994                mqx_interrupt_stack
                0x20000ba4                MX28R_Set_Task_task_stack
                0x20000e30                AE12AE_Demade_Task_task_stack
                0x200010bc                mqx_static_ready_queue
                0x2000115c                mqx_static_isr_table
                0x2000130c                mqx_idle_task_stack
 COMMON         0x20001478        0x4 c:/freescale/kds_v3/toolchain/bin/../lib/gcc/arm-none-eabi/4.8.4/../../../../arm-none-eabi/lib/armv7e-m/fpu\libg_s.a(lib_a-reent.o)
                0x20001478                errno
                0x2000147c                . = ALIGN (0x4)
                0x2000147c                __END_BSS = .
                0x2000147c                PROVIDE (__bss_end__, __END_BSS)
                0x00005318                _romp_at = ((___ROM_AT + SIZEOF (.data)) + SIZEOF (.m_data_1FFF0000))

.romp           0x2000147c       0x24 load address 0x00005318
                0x00005318                __S_romp = _romp_at
                0x2000147c        0x4 LONG 0x52a0 ___ROM_AT
                0x20001480        0x4 LONG 0x20000000 _sdata
                0x20001484        0x4 LONG 0x78 ___data_size
                0x20001488        0x4 LONG 0x5318 ___m_data_1FFF0000_ROMStart
                0x2000148c        0x4 LONG 0x1fff0000 ___m_data_1FFF0000_RAMStart
                0x20001490        0x4 LONG 0x0 ___m_data_1FFF0000_ROMSize
                0x20001494        0x4 LONG 0x0
                0x20001498        0x4 LONG 0x0
                0x2000149c        0x4 LONG 0x0
                0x00100000                text_end = (ORIGIN (m_text) + 0xffbf0)
                0x0000533c                data_init_end = ((___m_data_1FFF0000_ROMStart + SIZEOF (.m_data_1FFF0000)) + SIZEOF (.romp))
                0x00000001                ASSERT ((data_init_end <= text_end), region m_text overflowed with text and data)

._user_heap_stack
                0x200014a0      0x400 load address 0x0000533c
                0x200014a0                . = ALIGN (0x4)
                0x200014a0                PROVIDE (end, .)
                0x200014a0                PROVIDE (_end, .)
                0x200014a0                PROVIDE (__end__, .)
                0x200014a0                __heap_addr = .
                0x200014a0                __HeapBase = .
                0x200014a0                . = (. + __heap_size)
                0x200014a0                __HeapLimit = .
                0x200018a0                . = (. + __stack_size)
 *fill*         0x200014a0      0x400 
                0x200018a0                . = ALIGN (0x4)

.ARM.attributes
                0x00000000       0x30
 *(.ARM.attributes)
 .ARM.attributes
                0x00000000       0x22 c:/freescale/kds_v3/toolchain/bin/../lib/gcc/arm-none-eabi/4.8.4/armv7e-m/fpu/crti.o
 .ARM.attributes
                0x00000022       0x34 c:/freescale/kds_v3/toolchain/bin/../lib/gcc/arm-none-eabi/4.8.4/armv7e-m/fpu/crtbegin.o
 .ARM.attributes
                0x00000056       0x20 c:/freescale/kds_v3/toolchain/bin/../lib/gcc/arm-none-eabi/4.8.4/../../../../arm-none-eabi/lib/armv7e-m/fpu/crt0.o
 .ARM.attributes
                0x00000076       0x39 ./Static_Code/System/CPU_Init.o
 .ARM.attributes
                0x000000af       0x39 ./Static_Code/System/Vectors.o
 .ARM.attributes
                0x000000e8       0x39 ./Sources/RTT/SEGGER_RTT.o
 .ARM.attributes
                0x00000121       0x39 ./Sources/RS485/Servo/MX28R.o
 .ARM.attributes
                0x0000015a       0x39 ./Sources/RS485/CurrentMeter/AE12AE.o
 .ARM.attributes
                0x00000193       0x39 ./Sources/RS485/RS485_Driver.o
 .ARM.attributes
                0x000001cc       0x39 ./Sources/Events.o
 .ARM.attributes
                0x00000205       0x39 ./Sources/main.o
 .ARM.attributes
                0x0000023e       0x39 ./Sources/mqx_tasks.o
 .ARM.attributes
                0x00000277       0x39 ./Project_Settings/Startup_Code/startup.o
 .ARM.attributes
                0x000002b0       0x25 ./MQXLITE/psp/cortex_m/core/M4/boot.o
 .ARM.attributes
                0x000002d5       0x25 ./MQXLITE/psp/cortex_m/core/M4/dispatch.o
 .ARM.attributes
                0x000002fa       0x39 ./MQXLITE/psp/cortex_m/int_inst.o
 .ARM.attributes
                0x00000333       0x39 ./MQXLITE/psp/cortex_m/int_vtab.o
 .ARM.attributes
                0x0000036c       0x39 ./MQXLITE/psp/cortex_m/mem_zero.o
 .ARM.attributes
                0x000003a5       0x39 ./MQXLITE/psp/cortex_m/psp_iinit.o
 .ARM.attributes
                0x000003de       0x39 ./MQXLITE/psp/cortex_m/psp_tiad.o
 .ARM.attributes
                0x00000417       0x39 ./MQXLITE/psp/cortex_m/psp_tinm.o
 .ARM.attributes
                0x00000450       0x39 ./MQXLITE/psp/cortex_m/sc_irdyq.o
 .ARM.attributes
                0x00000489       0x39 ./MQXLITE/psp/cortex_m/stack_bu.o
 .ARM.attributes
                0x000004c2       0x39 ./MQXLITE/psp/cortex_m/stack_de.o
 .ARM.attributes
                0x000004fb       0x39 ./MQXLITE/kernel/idletask.o
 .ARM.attributes
                0x00000534       0x39 ./MQXLITE/kernel/int.o
 .ARM.attributes
                0x0000056d       0x39 ./MQXLITE/kernel/lwevent.o
 .ARM.attributes
                0x000005a6       0x39 ./MQXLITE/kernel/lwsem.o
 .ARM.attributes
                0x000005df       0x39 ./MQXLITE/kernel/mqx_utils.o
 .ARM.attributes
                0x00000618       0x39 ./MQXLITE/kernel/mqxlite.o
 .ARM.attributes
                0x00000651       0x39 ./MQXLITE/kernel/task.o
 .ARM.attributes
                0x0000068a       0x39 ./MQXLITE/kernel/time_ticks.o
 .ARM.attributes
                0x000006c3       0x39 ./MQXLITE/config/task_template_list.o
 .ARM.attributes
                0x000006fc       0x39 ./Generated_Code/Cpu.o
 .ARM.attributes
                0x00000735       0x39 ./Generated_Code/MQX1.o
 .ARM.attributes
                0x0000076e       0x39 ./Generated_Code/PE_LDD.o
 .ARM.attributes
                0x000007a7       0x39 ./Generated_Code/RS485_DE.o
 .ARM.attributes
                0x000007e0       0x39 ./Generated_Code/RS485_RE.o
 .ARM.attributes
                0x00000819       0x39 ./Generated_Code/RS485_UART.o
 .ARM.attributes
                0x00000852       0x39 ./Generated_Code/SystemTimer1.o
 .ARM.attributes
                0x0000088b       0x34 c:/freescale/kds_v3/toolchain/bin/../lib/gcc/arm-none-eabi/4.8.4/../../../../arm-none-eabi/lib/armv7e-m/fpu\libg_s.a(lib_a-exit.o)
 .ARM.attributes
                0x000008bf       0x34 c:/freescale/kds_v3/toolchain/bin/../lib/gcc/arm-none-eabi/4.8.4/../../../../arm-none-eabi/lib/armv7e-m/fpu\libg_s.a(lib_a-impure.o)
 .ARM.attributes
                0x000008f3       0x34 c:/freescale/kds_v3/toolchain/bin/../lib/gcc/arm-none-eabi/4.8.4/../../../../arm-none-eabi/lib/armv7e-m/fpu\libg_s.a(lib_a-init.o)
 .ARM.attributes
                0x00000927       0x34 c:/freescale/kds_v3/toolchain/bin/../lib/gcc/arm-none-eabi/4.8.4/../../../../arm-none-eabi/lib/armv7e-m/fpu\libg_s.a(lib_a-memcpy-stub.o)
 .ARM.attributes
                0x0000095b       0x34 c:/freescale/kds_v3/toolchain/bin/../lib/gcc/arm-none-eabi/4.8.4/../../../../arm-none-eabi/lib/armv7e-m/fpu\libg_s.a(lib_a-memset.o)
 .ARM.attributes
                0x0000098f       0x34 c:/freescale/kds_v3/toolchain/bin/../lib/gcc/arm-none-eabi/4.8.4/../../../../arm-none-eabi/lib/armv7e-m/fpu\libg_s.a(lib_a-sprintf.o)
 .ARM.attributes
                0x000009c3       0x34 c:/freescale/kds_v3/toolchain/bin/../lib/gcc/arm-none-eabi/4.8.4/../../../../arm-none-eabi/lib/armv7e-m/fpu\libg_s.a(lib_a-strlen.o)
 .ARM.attributes
                0x000009f7       0x34 c:/freescale/kds_v3/toolchain/bin/../lib/gcc/arm-none-eabi/4.8.4/../../../../arm-none-eabi/lib/armv7e-m/fpu\libg_s.a(lib_a-svfprintf.o)
 .ARM.attributes
                0x00000a2b       0x34 c:/freescale/kds_v3/toolchain/bin/../lib/gcc/arm-none-eabi/4.8.4/../../../../arm-none-eabi/lib/armv7e-m/fpu\libg_s.a(lib_a-vfprintf_i.o)
 .ARM.attributes
                0x00000a5f       0x34 c:/freescale/kds_v3/toolchain/bin/../lib/gcc/arm-none-eabi/4.8.4/../../../../arm-none-eabi/lib/armv7e-m/fpu\libg_s.a(lib_a-findfp.o)
 .ARM.attributes
                0x00000a93       0x34 c:/freescale/kds_v3/toolchain/bin/../lib/gcc/arm-none-eabi/4.8.4/../../../../arm-none-eabi/lib/armv7e-m/fpu\libg_s.a(lib_a-memchr-stub.o)
 .ARM.attributes
                0x00000ac7       0x34 c:/freescale/kds_v3/toolchain/bin/../lib/gcc/arm-none-eabi/4.8.4/../../../../arm-none-eabi/lib/armv7e-m/fpu\libg_s.a(lib_a-memmove.o)
 .ARM.attributes
                0x00000afb       0x34 c:/freescale/kds_v3/toolchain/bin/../lib/gcc/arm-none-eabi/4.8.4/../../../../arm-none-eabi/lib/armv7e-m/fpu\libg_s.a(lib_a-nano-freer.o)
 .ARM.attributes
                0x00000b2f       0x34 c:/freescale/kds_v3/toolchain/bin/../lib/gcc/arm-none-eabi/4.8.4/../../../../arm-none-eabi/lib/armv7e-m/fpu\libg_s.a(lib_a-nano-mallocr.o)
 .ARM.attributes
                0x00000b63       0x34 c:/freescale/kds_v3/toolchain/bin/../lib/gcc/arm-none-eabi/4.8.4/../../../../arm-none-eabi/lib/armv7e-m/fpu\libg_s.a(lib_a-nano-reallocr.o)
 .ARM.attributes
                0x00000b97       0x34 c:/freescale/kds_v3/toolchain/bin/../lib/gcc/arm-none-eabi/4.8.4/../../../../arm-none-eabi/lib/armv7e-m/fpu\libg_s.a(lib_a-sbrkr.o)
 .ARM.attributes
                0x00000bcb       0x34 c:/freescale/kds_v3/toolchain/bin/../lib/gcc/arm-none-eabi/4.8.4/../../../../arm-none-eabi/lib/armv7e-m/fpu\libg_s.a(lib_a-nano-msizer.o)
 .ARM.attributes
                0x00000bff       0x34 c:/freescale/kds_v3/toolchain/bin/../lib/gcc/arm-none-eabi/4.8.4/../../../../arm-none-eabi/lib/armv7e-m/fpu\libg_s.a(lib_a-reent.o)
 .ARM.attributes
                0x00000c33       0x34 c:/freescale/kds_v3/toolchain/bin/../lib/gcc/arm-none-eabi/4.8.4/../../../../arm-none-eabi/lib/armv7e-m/fpu\libnosys.a(sbrk.o)
 .ARM.attributes
                0x00000c67       0x34 c:/freescale/kds_v3/toolchain/bin/../lib/gcc/arm-none-eabi/4.8.4/../../../../arm-none-eabi/lib/armv7e-m/fpu\libnosys.a(_exit.o)
 .ARM.attributes
                0x00000c9b       0x22 c:/freescale/kds_v3/toolchain/bin/../lib/gcc/arm-none-eabi/4.8.4/armv7e-m/fpu/crtn.o
OUTPUT(AE12AE_MX28R_Combined.elf elf32-littlearm)

.debug_info     0x00000000    0x13cd4
 .debug_info    0x00000000      0xe9d ./Static_Code/System/CPU_Init.o
 .debug_info    0x00000e9d      0xac0 ./Static_Code/System/Vectors.o
 .debug_info    0x0000195d      0xd3b ./Sources/RTT/SEGGER_RTT.o
 .debug_info    0x00002698      0x86f ./Sources/RS485/Servo/MX28R.o
 .debug_info    0x00002f07      0x744 ./Sources/RS485/CurrentMeter/AE12AE.o
 .debug_info    0x0000364b      0x744 ./Sources/RS485/RS485_Driver.o
 .debug_info    0x00003d8f      0x112 ./Sources/Events.o
 .debug_info    0x00003ea1       0xa1 ./Sources/main.o
 .debug_info    0x00003f42      0x515 ./Sources/mqx_tasks.o
 .debug_info    0x00004457      0x3b0 ./Project_Settings/Startup_Code/startup.o
 .debug_info    0x00004807       0x85 ./MQXLITE/psp/cortex_m/core/M4/boot.o
 .debug_info    0x0000488c       0x89 ./MQXLITE/psp/cortex_m/core/M4/dispatch.o
 .debug_info    0x00004915      0x991 ./MQXLITE/psp/cortex_m/int_inst.o
 .debug_info    0x000052a6      0x33d ./MQXLITE/psp/cortex_m/int_vtab.o
 .debug_info    0x000055e3      0x144 ./MQXLITE/psp/cortex_m/mem_zero.o
 .debug_info    0x00005727       0xe2 ./MQXLITE/psp/cortex_m/psp_iinit.o
 .debug_info    0x00005809      0xa29 ./MQXLITE/psp/cortex_m/psp_tiad.o
 .debug_info    0x00006232      0xa22 ./MQXLITE/psp/cortex_m/psp_tinm.o
 .debug_info    0x00006c54      0xbd0 ./MQXLITE/psp/cortex_m/sc_irdyq.o
 .debug_info    0x00007824      0x62c ./MQXLITE/psp/cortex_m/stack_bu.o
 .debug_info    0x00007e50      0x409 ./MQXLITE/psp/cortex_m/stack_de.o
 .debug_info    0x00008259      0x9a4 ./MQXLITE/kernel/idletask.o
 .debug_info    0x00008bfd      0xd87 ./MQXLITE/kernel/int.o
 .debug_info    0x00009984     0x1052 ./MQXLITE/kernel/lwevent.o
 .debug_info    0x0000a9d6     0x1011 ./MQXLITE/kernel/lwsem.o
 .debug_info    0x0000b9e7      0xb43 ./MQXLITE/kernel/mqx_utils.o
 .debug_info    0x0000c52a      0xef4 ./MQXLITE/kernel/mqxlite.o
 .debug_info    0x0000d41e     0x1f83 ./MQXLITE/kernel/task.o
 .debug_info    0x0000f3a1      0xfd2 ./MQXLITE/kernel/time_ticks.o
 .debug_info    0x00010373      0x40b ./MQXLITE/config/task_template_list.o
 .debug_info    0x0001077e      0x375 ./Generated_Code/Cpu.o
 .debug_info    0x00010af3      0xeec ./Generated_Code/MQX1.o
 .debug_info    0x000119df      0x501 ./Generated_Code/PE_LDD.o
 .debug_info    0x00011ee0      0x523 ./Generated_Code/RS485_DE.o
 .debug_info    0x00012403      0x523 ./Generated_Code/RS485_RE.o
 .debug_info    0x00012926      0xbd2 ./Generated_Code/RS485_UART.o
 .debug_info    0x000134f8      0x7dc ./Generated_Code/SystemTimer1.o

.debug_abbrev   0x00000000     0x30bf
 .debug_abbrev  0x00000000      0x1e5 ./Static_Code/System/CPU_Init.o
 .debug_abbrev  0x000001e5       0xee ./Static_Code/System/Vectors.o
 .debug_abbrev  0x000002d3      0x1d6 ./Sources/RTT/SEGGER_RTT.o
 .debug_abbrev  0x000004a9      0x1a4 ./Sources/RS485/Servo/MX28R.o
 .debug_abbrev  0x0000064d      0x15a ./Sources/RS485/CurrentMeter/AE12AE.o
 .debug_abbrev  0x000007a7      0x198 ./Sources/RS485/RS485_Driver.o
 .debug_abbrev  0x0000093f       0xb4 ./Sources/Events.o
 .debug_abbrev  0x000009f3       0x47 ./Sources/main.o
 .debug_abbrev  0x00000a3a       0xdd ./Sources/mqx_tasks.o
 .debug_abbrev  0x00000b17      0x189 ./Project_Settings/Startup_Code/startup.o
 .debug_abbrev  0x00000ca0       0x14 ./MQXLITE/psp/cortex_m/core/M4/boot.o
 .debug_abbrev  0x00000cb4       0x14 ./MQXLITE/psp/cortex_m/core/M4/dispatch.o
 .debug_abbrev  0x00000cc8      0x12e ./MQXLITE/psp/cortex_m/int_inst.o
 .debug_abbrev  0x00000df6      0x120 ./MQXLITE/psp/cortex_m/int_vtab.o
 .debug_abbrev  0x00000f16       0x80 ./MQXLITE/psp/cortex_m/mem_zero.o
 .debug_abbrev  0x00000f96       0x72 ./MQXLITE/psp/cortex_m/psp_iinit.o
 .debug_abbrev  0x00001008      0x13d ./MQXLITE/psp/cortex_m/psp_tiad.o
 .debug_abbrev  0x00001145      0x155 ./MQXLITE/psp/cortex_m/psp_tinm.o
 .debug_abbrev  0x0000129a      0x192 ./MQXLITE/psp/cortex_m/sc_irdyq.o
 .debug_abbrev  0x0000142c      0x117 ./MQXLITE/psp/cortex_m/stack_bu.o
 .debug_abbrev  0x00001543       0xdc ./MQXLITE/psp/cortex_m/stack_de.o
 .debug_abbrev  0x0000161f      0x144 ./MQXLITE/kernel/idletask.o
 .debug_abbrev  0x00001763      0x1ff ./MQXLITE/kernel/int.o
 .debug_abbrev  0x00001962      0x1dd ./MQXLITE/kernel/lwevent.o
 .debug_abbrev  0x00001b3f      0x1c7 ./MQXLITE/kernel/lwsem.o
 .debug_abbrev  0x00001d06      0x1e1 ./MQXLITE/kernel/mqx_utils.o
 .debug_abbrev  0x00001ee7      0x1e3 ./MQXLITE/kernel/mqxlite.o
 .debug_abbrev  0x000020ca      0x276 ./MQXLITE/kernel/task.o
 .debug_abbrev  0x00002340      0x200 ./MQXLITE/kernel/time_ticks.o
 .debug_abbrev  0x00002540       0xba ./MQXLITE/config/task_template_list.o
 .debug_abbrev  0x000025fa       0xed ./Generated_Code/Cpu.o
 .debug_abbrev  0x000026e7      0x1bd ./Generated_Code/MQX1.o
 .debug_abbrev  0x000028a4      0x123 ./Generated_Code/PE_LDD.o
 .debug_abbrev  0x000029c7      0x15d ./Generated_Code/RS485_DE.o
 .debug_abbrev  0x00002b24      0x15d ./Generated_Code/RS485_RE.o
 .debug_abbrev  0x00002c81      0x20c ./Generated_Code/RS485_UART.o
 .debug_abbrev  0x00002e8d      0x232 ./Generated_Code/SystemTimer1.o

.debug_aranges  0x00000000      0xe18
 .debug_aranges
                0x00000000       0x40 ./Static_Code/System/CPU_Init.o
 .debug_aranges
                0x00000040      0x340 ./Static_Code/System/Vectors.o
 .debug_aranges
                0x00000380       0xf0 ./Sources/RTT/SEGGER_RTT.o
 .debug_aranges
                0x00000470       0x90 ./Sources/RS485/Servo/MX28R.o
 .debug_aranges
                0x00000500       0x40 ./Sources/RS485/CurrentMeter/AE12AE.o
 .debug_aranges
                0x00000540       0x60 ./Sources/RS485/RS485_Driver.o
 .debug_aranges
                0x000005a0       0x38 ./Sources/Events.o
 .debug_aranges
                0x000005d8       0x20 ./Sources/main.o
 .debug_aranges
                0x000005f8       0x28 ./Sources/mqx_tasks.o
 .debug_aranges
                0x00000620       0x50 ./Project_Settings/Startup_Code/startup.o
 .debug_aranges
                0x00000670       0x20 ./MQXLITE/psp/cortex_m/core/M4/boot.o
 .debug_aranges
                0x00000690       0x20 ./MQXLITE/psp/cortex_m/core/M4/dispatch.o
 .debug_aranges
                0x000006b0       0x20 ./MQXLITE/psp/cortex_m/int_inst.o
 .debug_aranges
                0x000006d0       0x28 ./MQXLITE/psp/cortex_m/int_vtab.o
 .debug_aranges
                0x000006f8       0x20 ./MQXLITE/psp/cortex_m/mem_zero.o
 .debug_aranges
                0x00000718       0x20 ./MQXLITE/psp/cortex_m/psp_iinit.o
 .debug_aranges
                0x00000738       0x20 ./MQXLITE/psp/cortex_m/psp_tiad.o
 .debug_aranges
                0x00000758       0x20 ./MQXLITE/psp/cortex_m/psp_tinm.o
 .debug_aranges
                0x00000778       0x28 ./MQXLITE/psp/cortex_m/sc_irdyq.o
 .debug_aranges
                0x000007a0       0x20 ./MQXLITE/psp/cortex_m/stack_bu.o
 .debug_aranges
                0x000007c0       0x20 ./MQXLITE/psp/cortex_m/stack_de.o
 .debug_aranges
                0x000007e0       0x20 ./MQXLITE/kernel/idletask.o
 .debug_aranges
                0x00000800       0x90 ./MQXLITE/kernel/int.o
 .debug_aranges
                0x00000890       0x80 ./MQXLITE/kernel/lwevent.o
 .debug_aranges
                0x00000910       0x80 ./MQXLITE/kernel/lwsem.o
 .debug_aranges
                0x00000990       0x60 ./MQXLITE/kernel/mqx_utils.o
 .debug_aranges
                0x000009f0       0x30 ./MQXLITE/kernel/mqxlite.o
 .debug_aranges
                0x00000a20      0x160 ./MQXLITE/kernel/task.o
 .debug_aranges
                0x00000b80       0xb8 ./MQXLITE/kernel/time_ticks.o
 .debug_aranges
                0x00000c38       0x18 ./MQXLITE/config/task_template_list.o
 .debug_aranges
                0x00000c50       0x30 ./Generated_Code/Cpu.o
 .debug_aranges
                0x00000c80       0x40 ./Generated_Code/MQX1.o
 .debug_aranges
                0x00000cc0       0x30 ./Generated_Code/PE_LDD.o
 .debug_aranges
                0x00000cf0       0x40 ./Generated_Code/RS485_DE.o
 .debug_aranges
                0x00000d30       0x40 ./Generated_Code/RS485_RE.o
 .debug_aranges
                0x00000d70       0x48 ./Generated_Code/RS485_UART.o
 .debug_aranges
                0x00000db8       0x60 ./Generated_Code/SystemTimer1.o

.debug_ranges   0x00000000      0xba0
 .debug_ranges  0x00000000       0x30 ./Static_Code/System/CPU_Init.o
 .debug_ranges  0x00000030      0x330 ./Static_Code/System/Vectors.o
 .debug_ranges  0x00000360       0xe0 ./Sources/RTT/SEGGER_RTT.o
 .debug_ranges  0x00000440       0x80 ./Sources/RS485/Servo/MX28R.o
 .debug_ranges  0x000004c0       0x30 ./Sources/RS485/CurrentMeter/AE12AE.o
 .debug_ranges  0x000004f0       0x50 ./Sources/RS485/RS485_Driver.o
 .debug_ranges  0x00000540       0x28 ./Sources/Events.o
 .debug_ranges  0x00000568       0x10 ./Sources/main.o
 .debug_ranges  0x00000578       0x18 ./Sources/mqx_tasks.o
 .debug_ranges  0x00000590       0x40 ./Project_Settings/Startup_Code/startup.o
 .debug_ranges  0x000005d0       0x10 ./MQXLITE/psp/cortex_m/int_inst.o
 .debug_ranges  0x000005e0       0x18 ./MQXLITE/psp/cortex_m/int_vtab.o
 .debug_ranges  0x000005f8       0x10 ./MQXLITE/psp/cortex_m/mem_zero.o
 .debug_ranges  0x00000608       0x10 ./MQXLITE/psp/cortex_m/psp_iinit.o
 .debug_ranges  0x00000618       0x10 ./MQXLITE/psp/cortex_m/psp_tiad.o
 .debug_ranges  0x00000628       0x10 ./MQXLITE/psp/cortex_m/psp_tinm.o
 .debug_ranges  0x00000638       0x18 ./MQXLITE/psp/cortex_m/sc_irdyq.o
 .debug_ranges  0x00000650       0x10 ./MQXLITE/psp/cortex_m/stack_bu.o
 .debug_ranges  0x00000660       0x10 ./MQXLITE/psp/cortex_m/stack_de.o
 .debug_ranges  0x00000670       0x10 ./MQXLITE/kernel/idletask.o
 .debug_ranges  0x00000680       0x80 ./MQXLITE/kernel/int.o
 .debug_ranges  0x00000700       0x70 ./MQXLITE/kernel/lwevent.o
 .debug_ranges  0x00000770       0x70 ./MQXLITE/kernel/lwsem.o
 .debug_ranges  0x000007e0       0x50 ./MQXLITE/kernel/mqx_utils.o
 .debug_ranges  0x00000830       0x20 ./MQXLITE/kernel/mqxlite.o
 .debug_ranges  0x00000850      0x150 ./MQXLITE/kernel/task.o
 .debug_ranges  0x000009a0       0xa8 ./MQXLITE/kernel/time_ticks.o
 .debug_ranges  0x00000a48       0x20 ./Generated_Code/Cpu.o
 .debug_ranges  0x00000a68       0x30 ./Generated_Code/MQX1.o
 .debug_ranges  0x00000a98       0x20 ./Generated_Code/PE_LDD.o
 .debug_ranges  0x00000ab8       0x30 ./Generated_Code/RS485_DE.o
 .debug_ranges  0x00000ae8       0x30 ./Generated_Code/RS485_RE.o
 .debug_ranges  0x00000b18       0x38 ./Generated_Code/RS485_UART.o
 .debug_ranges  0x00000b50       0x50 ./Generated_Code/SystemTimer1.o

.debug_macro    0x00000000    0x38122
 .debug_macro   0x00000000      0x286 ./Static_Code/System/CPU_Init.o
 .debug_macro   0x00000286      0x850 ./Static_Code/System/CPU_Init.o
 .debug_macro   0x00000ad6       0x16 ./Static_Code/System/CPU_Init.o
 .debug_macro   0x00000aec       0x44 ./Static_Code/System/CPU_Init.o
 .debug_macro   0x00000b30      0x209 ./Static_Code/System/CPU_Init.o
 .debug_macro   0x00000d39     0x1791 ./Static_Code/System/CPU_Init.o
 .debug_macro   0x000024ca    0x110ae ./Static_Code/System/CPU_Init.o
 .debug_macro   0x00013578      0x4b1 ./Static_Code/System/CPU_Init.o
 .debug_macro   0x00013a29      0x14e ./Static_Code/System/CPU_Init.o
 .debug_macro   0x00013b77       0x6a ./Static_Code/System/CPU_Init.o
 .debug_macro   0x00013be1       0x58 ./Static_Code/System/CPU_Init.o
 .debug_macro   0x00013c39       0x35 ./Static_Code/System/CPU_Init.o
 .debug_macro   0x00013c6e       0xa3 ./Static_Code/System/CPU_Init.o
 .debug_macro   0x00013d11       0x16 ./Static_Code/System/CPU_Init.o
 .debug_macro   0x00013d27       0x94 ./Static_Code/System/CPU_Init.o
 .debug_macro   0x00013dbb      0x12c ./Static_Code/System/CPU_Init.o
 .debug_macro   0x00013ee7       0x3a ./Static_Code/System/CPU_Init.o
 .debug_macro   0x00013f21       0x40 ./Static_Code/System/CPU_Init.o
 .debug_macro   0x00013f61       0x40 ./Static_Code/System/CPU_Init.o
 .debug_macro   0x00013fa1       0x57 ./Static_Code/System/CPU_Init.o
 .debug_macro   0x00013ff8       0x81 ./Static_Code/System/CPU_Init.o
 .debug_macro   0x00014079       0x81 ./Static_Code/System/CPU_Init.o
 .debug_macro   0x000140fa       0x22 ./Static_Code/System/CPU_Init.o
 .debug_macro   0x0001411c       0x16 ./Static_Code/System/CPU_Init.o
 .debug_macro   0x00014132       0x70 ./Static_Code/System/CPU_Init.o
 .debug_macro   0x000141a2      0x215 ./Static_Code/System/CPU_Init.o
 .debug_macro   0x000143b7       0xa2 ./Static_Code/System/CPU_Init.o
 .debug_macro   0x00014459       0x16 ./Static_Code/System/CPU_Init.o
 .debug_macro   0x0001446f       0x1c ./Static_Code/System/CPU_Init.o
 .debug_macro   0x0001448b      0x70f ./Static_Code/System/CPU_Init.o
 .debug_macro   0x00014b9a       0x10 ./Static_Code/System/CPU_Init.o
 .debug_macro   0x00014baa       0xa6 ./Static_Code/System/CPU_Init.o
 .debug_macro   0x00014c50      0x16d ./Static_Code/System/CPU_Init.o
 .debug_macro   0x00014dbd       0x76 ./Static_Code/System/CPU_Init.o
 .debug_macro   0x00014e33       0xfc ./Static_Code/System/CPU_Init.o
 .debug_macro   0x00014f2f       0x89 ./Static_Code/System/CPU_Init.o
 .debug_macro   0x00014fb8      0x3c9 ./Static_Code/System/CPU_Init.o
 .debug_macro   0x00015381       0x67 ./Static_Code/System/CPU_Init.o
 .debug_macro   0x000153e8      0x299 ./Static_Code/System/CPU_Init.o
 .debug_macro   0x00015681      0x274 ./Static_Code/System/Vectors.o
 .debug_macro   0x000158f5      0x13c ./Sources/RTT/SEGGER_RTT.o
 .debug_macro   0x00015a31       0x42 ./Sources/RTT/SEGGER_RTT.o
 .debug_macro   0x00015a73      0x115 ./Sources/RTT/SEGGER_RTT.o
 .debug_macro   0x00015b88      0x166 ./Sources/RTT/SEGGER_RTT.o
 .debug_macro   0x00015cee       0x4a ./Sources/RTT/SEGGER_RTT.o
 .debug_macro   0x00015d38       0x52 ./Sources/RTT/SEGGER_RTT.o
 .debug_macro   0x00015d8a       0x16 ./Sources/RTT/SEGGER_RTT.o
 .debug_macro   0x00015da0       0x43 ./Sources/RTT/SEGGER_RTT.o
 .debug_macro   0x00015de3      0x180 ./Sources/RTT/SEGGER_RTT.o
 .debug_macro   0x00015f63      0x2a6 ./Sources/RTT/SEGGER_RTT.o
 .debug_macro   0x00016209       0x10 ./Sources/RTT/SEGGER_RTT.o
 .debug_macro   0x00016219       0x35 ./Sources/RTT/SEGGER_RTT.o
 .debug_macro   0x0001624e      0x308 ./Sources/RS485/Servo/MX28R.o
 .debug_macro   0x00016556       0x46 ./Sources/RS485/Servo/MX28R.o
 .debug_macro   0x0001659c       0x10 ./Sources/RS485/Servo/MX28R.o
 .debug_macro   0x000165ac     0x1797 ./Sources/RS485/Servo/MX28R.o
 .debug_macro   0x00017d43       0x7c ./Sources/RS485/Servo/MX28R.o
 .debug_macro   0x00017dbf      0x492 ./Sources/RS485/CurrentMeter/AE12AE.o
 .debug_macro   0x00018251      0x61c ./Sources/RS485/CurrentMeter/AE12AE.o
 .debug_macro   0x0001886d      0x625 ./Sources/RS485/CurrentMeter/AE12AE.o
 .debug_macro   0x00018e92      0x328 ./Sources/RS485/CurrentMeter/AE12AE.o
 .debug_macro   0x000191ba      0x1e9 ./Sources/RS485/CurrentMeter/AE12AE.o
 .debug_macro   0x000193a3      0x109 ./Sources/RS485/CurrentMeter/AE12AE.o
 .debug_macro   0x000194ac      0x17f ./Sources/RS485/CurrentMeter/AE12AE.o
 .debug_macro   0x0001962b      0x202 ./Sources/RS485/CurrentMeter/AE12AE.o
 .debug_macro   0x0001982d      0x91e ./Sources/RS485/CurrentMeter/AE12AE.o
 .debug_macro   0x0001a14b      0x585 ./Sources/RS485/CurrentMeter/AE12AE.o
 .debug_macro   0x0001a6d0       0x9e ./Sources/RS485/CurrentMeter/AE12AE.o
 .debug_macro   0x0001a76e      0x1f9 ./Sources/RS485/CurrentMeter/AE12AE.o
 .debug_macro   0x0001a967      0x50f ./Sources/RS485/CurrentMeter/AE12AE.o
 .debug_macro   0x0001ae76      0x6a6 ./Sources/RS485/CurrentMeter/AE12AE.o
 .debug_macro   0x0001b51c      0x29c ./Sources/RS485/CurrentMeter/AE12AE.o
 .debug_macro   0x0001b7b8      0x264 ./Sources/RS485/CurrentMeter/AE12AE.o
 .debug_macro   0x0001ba1c      0x25b ./Sources/RS485/CurrentMeter/AE12AE.o
 .debug_macro   0x0001bc77      0x4f1 ./Sources/RS485/CurrentMeter/AE12AE.o
 .debug_macro   0x0001c168      0x13f ./Sources/RS485/CurrentMeter/AE12AE.o
 .debug_macro   0x0001c2a7       0x6c ./Sources/RS485/CurrentMeter/AE12AE.o
 .debug_macro   0x0001c313      0x30d ./Sources/RS485/CurrentMeter/AE12AE.o
 .debug_macro   0x0001c620       0xbb ./Sources/RS485/CurrentMeter/AE12AE.o
 .debug_macro   0x0001c6db       0xe9 ./Sources/RS485/CurrentMeter/AE12AE.o
 .debug_macro   0x0001c7c4      0x4ea ./Sources/RS485/CurrentMeter/AE12AE.o
 .debug_macro   0x0001ccae      0x18f ./Sources/RS485/CurrentMeter/AE12AE.o
 .debug_macro   0x0001ce3d       0xea ./Sources/RS485/CurrentMeter/AE12AE.o
 .debug_macro   0x0001cf27      0x344 ./Sources/RS485/CurrentMeter/AE12AE.o
 .debug_macro   0x0001d26b      0x824 ./Sources/RS485/CurrentMeter/AE12AE.o
 .debug_macro   0x0001da8f      0x179 ./Sources/RS485/CurrentMeter/AE12AE.o
 .debug_macro   0x0001dc08      0x644 ./Sources/RS485/CurrentMeter/AE12AE.o
 .debug_macro   0x0001e24c      0xa28 ./Sources/RS485/CurrentMeter/AE12AE.o
 .debug_macro   0x0001ec74      0x124 ./Sources/RS485/CurrentMeter/AE12AE.o
 .debug_macro   0x0001ed98      0x648 ./Sources/RS485/CurrentMeter/AE12AE.o
 .debug_macro   0x0001f3e0      0x7bf ./Sources/RS485/CurrentMeter/AE12AE.o
 .debug_macro   0x0001fb9f      0x10f ./Sources/RS485/CurrentMeter/AE12AE.o
 .debug_macro   0x0001fcae      0x66f ./Sources/RS485/CurrentMeter/AE12AE.o
 .debug_macro   0x0002031d       0x7b ./Sources/RS485/CurrentMeter/AE12AE.o
 .debug_macro   0x00020398      0x182 ./Sources/RS485/CurrentMeter/AE12AE.o
 .debug_macro   0x0002051a       0x1c ./Sources/RS485/CurrentMeter/AE12AE.o
 .debug_macro   0x00020536       0x10 ./Sources/RS485/CurrentMeter/AE12AE.o
 .debug_macro   0x00020546       0x10 ./Sources/RS485/CurrentMeter/AE12AE.o
 .debug_macro   0x00020556       0x22 ./Sources/RS485/CurrentMeter/AE12AE.o
 .debug_macro   0x00020578       0xbd ./Sources/RS485/CurrentMeter/AE12AE.o
 .debug_macro   0x00020635       0x16 ./Sources/RS485/CurrentMeter/AE12AE.o
 .debug_macro   0x0002064b      0x14a ./Sources/RS485/CurrentMeter/AE12AE.o
 .debug_macro   0x00020795      0x3d1 ./Sources/RS485/RS485_Driver.o
 .debug_macro   0x00020b66       0x40 ./Sources/RS485/RS485_Driver.o
 .debug_macro   0x00020ba6      0x3bd ./Sources/Events.o
 .debug_macro   0x00020f63      0x3ae ./Sources/main.o
 .debug_macro   0x00021311      0x3d5 ./Sources/mqx_tasks.o
 .debug_macro   0x000216e6      0x121 ./Project_Settings/Startup_Code/startup.o
 .debug_macro   0x00021807       0x10 ./Project_Settings/Startup_Code/startup.o
 .debug_macro   0x00021817      0x20f ./Project_Settings/Startup_Code/startup.o
 .debug_macro   0x00021a26    0x110a2 ./Project_Settings/Startup_Code/startup.o
 .debug_macro   0x00032ac8      0x285 ./MQXLITE/psp/cortex_m/int_inst.o
 .debug_macro   0x00032d4d      0x285 ./MQXLITE/psp/cortex_m/int_vtab.o
 .debug_macro   0x00032fd2      0x285 ./MQXLITE/psp/cortex_m/mem_zero.o
 .debug_macro   0x00033257      0x285 ./MQXLITE/psp/cortex_m/psp_iinit.o
 .debug_macro   0x000334dc      0x285 ./MQXLITE/psp/cortex_m/psp_tiad.o
 .debug_macro   0x00033761      0x285 ./MQXLITE/psp/cortex_m/psp_tinm.o
 .debug_macro   0x000339e6      0x285 ./MQXLITE/psp/cortex_m/sc_irdyq.o
 .debug_macro   0x00033c6b      0x285 ./MQXLITE/psp/cortex_m/stack_bu.o
 .debug_macro   0x00033ef0      0x285 ./MQXLITE/psp/cortex_m/stack_de.o
 .debug_macro   0x00034175      0x285 ./MQXLITE/kernel/idletask.o
 .debug_macro   0x000343fa      0x285 ./MQXLITE/kernel/int.o
 .debug_macro   0x0003467f      0x292 ./MQXLITE/kernel/lwevent.o
 .debug_macro   0x00034911       0x10 ./MQXLITE/kernel/lwevent.o
 .debug_macro   0x00034921      0x285 ./MQXLITE/kernel/lwsem.o
 .debug_macro   0x00034ba6      0x293 ./MQXLITE/kernel/mqx_utils.o
 .debug_macro   0x00034e39      0x293 ./MQXLITE/kernel/mqxlite.o
 .debug_macro   0x000350cc      0x2f0 ./MQXLITE/kernel/task.o
 .debug_macro   0x000353bc     0x178b ./MQXLITE/kernel/task.o
 .debug_macro   0x00036b47      0x291 ./MQXLITE/kernel/time_ticks.o
 .debug_macro   0x00036dd8      0x247 ./MQXLITE/config/task_template_list.o
 .debug_macro   0x0003701f      0x265 ./Generated_Code/Cpu.o
 .debug_macro   0x00037284      0x267 ./Generated_Code/MQX1.o
 .debug_macro   0x000374eb       0x7b ./Generated_Code/MQX1.o
 .debug_macro   0x00037566      0x132 ./Generated_Code/MQX1.o
 .debug_macro   0x00037698      0x232 ./Generated_Code/PE_LDD.o
 .debug_macro   0x000378ca      0x1bc ./Generated_Code/RS485_DE.o
 .debug_macro   0x00037a86      0x1bc ./Generated_Code/RS485_RE.o
 .debug_macro   0x00037c42       0x3a ./Generated_Code/RS485_RE.o
 .debug_macro   0x00037c7c      0x27a ./Generated_Code/RS485_UART.o
 .debug_macro   0x00037ef6       0x51 ./Generated_Code/RS485_UART.o
 .debug_macro   0x00037f47      0x1db ./Generated_Code/SystemTimer1.o

.debug_line     0x00000000    0x101e3
 .debug_line    0x00000000      0x753 ./Static_Code/System/CPU_Init.o
 .debug_line    0x00000753      0xcf3 ./Static_Code/System/Vectors.o
 .debug_line    0x00001446      0x5d2 ./Sources/RTT/SEGGER_RTT.o
 .debug_line    0x00001a18      0x8a2 ./Sources/RS485/Servo/MX28R.o
 .debug_line    0x000022ba      0xa4d ./Sources/RS485/CurrentMeter/AE12AE.o
 .debug_line    0x00002d07      0x999 ./Sources/RS485/RS485_Driver.o
 .debug_line    0x000036a0      0x869 ./Sources/Events.o
 .debug_line    0x00003f09      0x7ea ./Sources/main.o
 .debug_line    0x000046f3      0x8f4 ./Sources/mqx_tasks.o
 .debug_line    0x00004fe7      0x3d1 ./Project_Settings/Startup_Code/startup.o
 .debug_line    0x000053b8       0x71 ./MQXLITE/psp/cortex_m/core/M4/boot.o
 .debug_line    0x00005429      0x17a ./MQXLITE/psp/cortex_m/core/M4/dispatch.o
 .debug_line    0x000055a3      0x637 ./MQXLITE/psp/cortex_m/int_inst.o
 .debug_line    0x00005bda      0x64a ./MQXLITE/psp/cortex_m/int_vtab.o
 .debug_line    0x00006224      0x6be ./MQXLITE/psp/cortex_m/mem_zero.o
 .debug_line    0x000068e2      0x638 ./MQXLITE/psp/cortex_m/psp_iinit.o
 .debug_line    0x00006f1a      0x63b ./MQXLITE/psp/cortex_m/psp_tiad.o
 .debug_line    0x00007555      0x639 ./MQXLITE/psp/cortex_m/psp_tinm.o
 .debug_line    0x00007b8e      0x690 ./MQXLITE/psp/cortex_m/sc_irdyq.o
 .debug_line    0x0000821e      0x645 ./MQXLITE/psp/cortex_m/stack_bu.o
 .debug_line    0x00008863      0x633 ./MQXLITE/psp/cortex_m/stack_de.o
 .debug_line    0x00008e96      0x634 ./MQXLITE/kernel/idletask.o
 .debug_line    0x000094ca      0x7f6 ./MQXLITE/kernel/int.o
 .debug_line    0x00009cc0      0x8b2 ./MQXLITE/kernel/lwevent.o
 .debug_line    0x0000a572      0x8bf ./MQXLITE/kernel/lwsem.o
 .debug_line    0x0000ae31      0x713 ./MQXLITE/kernel/mqx_utils.o
 .debug_line    0x0000b544      0x6bc ./MQXLITE/kernel/mqxlite.o
 .debug_line    0x0000bc00      0xcb1 ./MQXLITE/kernel/task.o
 .debug_line    0x0000c8b1      0x96d ./MQXLITE/kernel/time_ticks.o
 .debug_line    0x0000d21e      0x5d8 ./MQXLITE/config/task_template_list.o
 .debug_line    0x0000d7f6      0x64c ./Generated_Code/Cpu.o
 .debug_line    0x0000de42      0x671 ./Generated_Code/MQX1.o
 .debug_line    0x0000e4b3      0x5de ./Generated_Code/PE_LDD.o
 .debug_line    0x0000ea91      0x54d ./Generated_Code/RS485_DE.o
 .debug_line    0x0000efde      0x54d ./Generated_Code/RS485_RE.o
 .debug_line    0x0000f52b      0x6e6 ./Generated_Code/RS485_UART.o
 .debug_line    0x0000fc11      0x5d2 ./Generated_Code/SystemTimer1.o

.debug_str      0x00000000    0xf79d0
 .debug_str     0x00000000    0x75381 ./Static_Code/System/CPU_Init.o
                              0x75a0c (size before relaxing)
 .debug_str     0x00075381      0x984 ./Static_Code/System/Vectors.o
                              0x75c50 (size before relaxing)
 .debug_str     0x00075d05     0x2d38 ./Sources/RTT/SEGGER_RTT.o
                               0x5823 (size before relaxing)
 .debug_str     0x00078a3d      0x6a1 ./Sources/RS485/Servo/MX28R.o
                              0x75bdc (size before relaxing)
 .debug_str     0x000790de    0x7b54b ./Sources/RS485/CurrentMeter/AE12AE.o
                              0xf2299 (size before relaxing)
 .debug_str     0x000f4629      0x12c ./Sources/RS485/RS485_Driver.o
                              0xef10c (size before relaxing)
 .debug_str     0x000f4755       0x82 ./Sources/Events.o
                              0xee94f (size before relaxing)
 .debug_str     0x000f47d7       0x17 ./Sources/main.o
                              0xee8a0 (size before relaxing)
 .debug_str     0x000f47ee       0x48 ./Sources/mqx_tasks.o
                              0xeef75 (size before relaxing)
 .debug_str     0x000f4836       0xeb ./Project_Settings/Startup_Code/startup.o
                              0x636a3 (size before relaxing)
 .debug_str     0x000f4921     0x1098 ./MQXLITE/psp/cortex_m/int_inst.o
                              0x751f0 (size before relaxing)
 .debug_str     0x000f59b9      0x154 ./MQXLITE/psp/cortex_m/int_vtab.o
                              0x74a5d (size before relaxing)
 .debug_str     0x000f5b0d       0x8f ./MQXLITE/psp/cortex_m/mem_zero.o
                              0x7496a (size before relaxing)
 .debug_str     0x000f5b9c       0x6b ./MQXLITE/psp/cortex_m/psp_iinit.o
                              0x74944 (size before relaxing)
 .debug_str     0x000f5c07       0x80 ./MQXLITE/psp/cortex_m/psp_tiad.o
                              0x75225 (size before relaxing)
 .debug_str     0x000f5c87       0x38 ./MQXLITE/psp/cortex_m/psp_tinm.o
                              0x75238 (size before relaxing)
 .debug_str     0x000f5cbf      0x12f ./MQXLITE/psp/cortex_m/sc_irdyq.o
                              0x75343 (size before relaxing)
 .debug_str     0x000f5dee      0x15f ./MQXLITE/psp/cortex_m/stack_bu.o
                              0x74d5a (size before relaxing)
 .debug_str     0x000f5f4d       0x3c ./MQXLITE/psp/cortex_m/stack_de.o
                              0x74bfb (size before relaxing)
 .debug_str     0x000f5f89       0x2c ./MQXLITE/kernel/idletask.o
                              0x751f2 (size before relaxing)
 .debug_str     0x000f5fb5      0x1d5 ./MQXLITE/kernel/int.o
                              0x7542c (size before relaxing)
 .debug_str     0x000f618a      0x224 ./MQXLITE/kernel/lwevent.o
                              0x754b5 (size before relaxing)
 .debug_str     0x000f63ae      0x14c ./MQXLITE/kernel/lwsem.o
                              0x753d4 (size before relaxing)
 .debug_str     0x000f64fa      0x11f ./MQXLITE/kernel/mqx_utils.o
                              0x7536b (size before relaxing)
 .debug_str     0x000f6619      0x158 ./MQXLITE/kernel/mqxlite.o
                              0x758cd (size before relaxing)
 .debug_str     0x000f6771      0x5a8 ./MQXLITE/kernel/task.o
                              0x77ef1 (size before relaxing)
 .debug_str     0x000f6d19      0x274 ./MQXLITE/kernel/time_ticks.o
                              0x75518 (size before relaxing)
 .debug_str     0x000f6f8d       0x66 ./MQXLITE/config/task_template_list.o
                              0x744ad (size before relaxing)
 .debug_str     0x000f6ff3       0x34 ./Generated_Code/Cpu.o
                              0x73fdf (size before relaxing)
 .debug_str     0x000f7027      0x233 ./Generated_Code/MQX1.o
                              0x74fac (size before relaxing)
 .debug_str     0x000f725a      0x169 ./Generated_Code/PE_LDD.o
                              0x74529 (size before relaxing)
 .debug_str     0x000f73c3      0x10a ./Generated_Code/RS485_DE.o
                              0x72c7a (size before relaxing)
 .debug_str     0x000f74cd       0x98 ./Generated_Code/RS485_RE.o
                              0x72c7a (size before relaxing)
 .debug_str     0x000f7565      0x295 ./Generated_Code/RS485_UART.o
                              0x832da (size before relaxing)
 .debug_str     0x000f77fa      0x1d6 ./Generated_Code/SystemTimer1.o
                              0x7396d (size before relaxing)

.comment        0x00000000       0x70
 .comment       0x00000000       0x70 ./Static_Code/System/CPU_Init.o
                                 0x71 (size before relaxing)
 .comment       0x00000000       0x71 ./Static_Code/System/Vectors.o
 .comment       0x00000000       0x71 ./Sources/RTT/SEGGER_RTT.o
 .comment       0x00000000       0x71 ./Sources/RS485/Servo/MX28R.o
 .comment       0x00000000       0x71 ./Sources/RS485/CurrentMeter/AE12AE.o
 .comment       0x00000000       0x71 ./Sources/RS485/RS485_Driver.o
 .comment       0x00000000       0x71 ./Sources/Events.o
 .comment       0x00000000       0x71 ./Sources/main.o
 .comment       0x00000000       0x71 ./Sources/mqx_tasks.o
 .comment       0x00000000       0x71 ./Project_Settings/Startup_Code/startup.o
 .comment       0x00000000       0x71 ./MQXLITE/psp/cortex_m/int_inst.o
 .comment       0x00000000       0x71 ./MQXLITE/psp/cortex_m/int_vtab.o
 .comment       0x00000000       0x71 ./MQXLITE/psp/cortex_m/mem_zero.o
 .comment       0x00000000       0x71 ./MQXLITE/psp/cortex_m/psp_iinit.o
 .comment       0x00000000       0x71 ./MQXLITE/psp/cortex_m/psp_tiad.o
 .comment       0x00000000       0x71 ./MQXLITE/psp/cortex_m/psp_tinm.o
 .comment       0x00000000       0x71 ./MQXLITE/psp/cortex_m/sc_irdyq.o
 .comment       0x00000000       0x71 ./MQXLITE/psp/cortex_m/stack_bu.o
 .comment       0x00000000       0x71 ./MQXLITE/psp/cortex_m/stack_de.o
 .comment       0x00000000       0x71 ./MQXLITE/kernel/idletask.o
 .comment       0x00000000       0x71 ./MQXLITE/kernel/int.o
 .comment       0x00000000       0x71 ./MQXLITE/kernel/lwevent.o
 .comment       0x00000000       0x71 ./MQXLITE/kernel/lwsem.o
 .comment       0x00000000       0x71 ./MQXLITE/kernel/mqx_utils.o
 .comment       0x00000000       0x71 ./MQXLITE/kernel/mqxlite.o
 .comment       0x00000000       0x71 ./MQXLITE/kernel/task.o
 .comment       0x00000000       0x71 ./MQXLITE/kernel/time_ticks.o
 .comment       0x00000000       0x71 ./MQXLITE/config/task_template_list.o
 .comment       0x00000000       0x71 ./Generated_Code/Cpu.o
 .comment       0x00000000       0x71 ./Generated_Code/MQX1.o
 .comment       0x00000000       0x71 ./Generated_Code/PE_LDD.o
 .comment       0x00000000       0x71 ./Generated_Code/RS485_DE.o
 .comment       0x00000000       0x71 ./Generated_Code/RS485_RE.o
 .comment       0x00000000       0x71 ./Generated_Code/RS485_UART.o
 .comment       0x00000000       0x71 ./Generated_Code/SystemTimer1.o

.debug_frame    0x00000000     0x2fec
 .debug_frame   0x00000000       0x9c ./Static_Code/System/CPU_Init.o
 .debug_frame   0x0000009c      0xcb0 ./Static_Code/System/Vectors.o
 .debug_frame   0x00000d4c      0x360 ./Sources/RTT/SEGGER_RTT.o
 .debug_frame   0x000010ac      0x1e8 ./Sources/RS485/Servo/MX28R.o
 .debug_frame   0x00001294       0xa8 ./Sources/RS485/CurrentMeter/AE12AE.o
 .debug_frame   0x0000133c      0x120 ./Sources/RS485/RS485_Driver.o
 .debug_frame   0x0000145c       0x84 ./Sources/Events.o
 .debug_frame   0x000014e0       0x2c ./Sources/main.o
 .debug_frame   0x0000150c       0x50 ./Sources/mqx_tasks.o
 .debug_frame   0x0000155c       0xc0 ./Project_Settings/Startup_Code/startup.o
 .debug_frame   0x0000161c       0x30 ./MQXLITE/psp/cortex_m/int_inst.o
 .debug_frame   0x0000164c       0x44 ./MQXLITE/psp/cortex_m/int_vtab.o
 .debug_frame   0x00001690       0x30 ./MQXLITE/psp/cortex_m/mem_zero.o
 .debug_frame   0x000016c0       0x30 ./MQXLITE/psp/cortex_m/psp_iinit.o
 .debug_frame   0x000016f0       0x34 ./MQXLITE/psp/cortex_m/psp_tiad.o
 .debug_frame   0x00001724       0x30 ./MQXLITE/psp/cortex_m/psp_tinm.o
 .debug_frame   0x00001754       0x48 ./MQXLITE/psp/cortex_m/sc_irdyq.o
 .debug_frame   0x0000179c       0x30 ./MQXLITE/psp/cortex_m/stack_bu.o
 .debug_frame   0x000017cc       0x2c ./MQXLITE/psp/cortex_m/stack_de.o
 .debug_frame   0x000017f8       0x2c ./MQXLITE/kernel/idletask.o
 .debug_frame   0x00001824      0x1d8 ./MQXLITE/kernel/int.o
 .debug_frame   0x000019fc      0x1ac ./MQXLITE/kernel/lwevent.o
 .debug_frame   0x00001ba8      0x1ac ./MQXLITE/kernel/lwsem.o
 .debug_frame   0x00001d54      0x110 ./MQXLITE/kernel/mqx_utils.o
 .debug_frame   0x00001e64       0x74 ./MQXLITE/kernel/mqxlite.o
 .debug_frame   0x00001ed8      0x50c ./MQXLITE/kernel/task.o
 .debug_frame   0x000023e4      0x29c ./MQXLITE/kernel/time_ticks.o
 .debug_frame   0x00002680       0x5c ./Generated_Code/Cpu.o
 .debug_frame   0x000026dc       0xb0 ./Generated_Code/MQX1.o
 .debug_frame   0x0000278c       0x64 ./Generated_Code/PE_LDD.o
 .debug_frame   0x000027f0       0x9c ./Generated_Code/RS485_DE.o
 .debug_frame   0x0000288c       0x9c ./Generated_Code/RS485_RE.o
 .debug_frame   0x00002928       0xd0 ./Generated_Code/RS485_UART.o
 .debug_frame   0x000029f8      0x11c ./Generated_Code/SystemTimer1.o
 .debug_frame   0x00002b14       0x28 c:/freescale/kds_v3/toolchain/bin/../lib/gcc/arm-none-eabi/4.8.4/../../../../arm-none-eabi/lib/armv7e-m/fpu\libg_s.a(lib_a-exit.o)
 .debug_frame   0x00002b3c       0x2c c:/freescale/kds_v3/toolchain/bin/../lib/gcc/arm-none-eabi/4.8.4/../../../../arm-none-eabi/lib/armv7e-m/fpu\libg_s.a(lib_a-init.o)
 .debug_frame   0x00002b68       0x28 c:/freescale/kds_v3/toolchain/bin/../lib/gcc/arm-none-eabi/4.8.4/../../../../arm-none-eabi/lib/armv7e-m/fpu\libg_s.a(lib_a-memcpy-stub.o)
 .debug_frame   0x00002b90       0x20 c:/freescale/kds_v3/toolchain/bin/../lib/gcc/arm-none-eabi/4.8.4/../../../../arm-none-eabi/lib/armv7e-m/fpu\libg_s.a(lib_a-memset.o)
 .debug_frame   0x00002bb0       0x58 c:/freescale/kds_v3/toolchain/bin/../lib/gcc/arm-none-eabi/4.8.4/../../../../arm-none-eabi/lib/armv7e-m/fpu\libg_s.a(lib_a-sprintf.o)
 .debug_frame   0x00002c08       0x20 c:/freescale/kds_v3/toolchain/bin/../lib/gcc/arm-none-eabi/4.8.4/../../../../arm-none-eabi/lib/armv7e-m/fpu\libg_s.a(lib_a-strlen.o)
 .debug_frame   0x00002c28       0x88 c:/freescale/kds_v3/toolchain/bin/../lib/gcc/arm-none-eabi/4.8.4/../../../../arm-none-eabi/lib/armv7e-m/fpu\libg_s.a(lib_a-svfprintf.o)
 .debug_frame   0x00002cb0       0x60 c:/freescale/kds_v3/toolchain/bin/../lib/gcc/arm-none-eabi/4.8.4/../../../../arm-none-eabi/lib/armv7e-m/fpu\libg_s.a(lib_a-vfprintf_i.o)
 .debug_frame   0x00002d10      0x12c c:/freescale/kds_v3/toolchain/bin/../lib/gcc/arm-none-eabi/4.8.4/../../../../arm-none-eabi/lib/armv7e-m/fpu\libg_s.a(lib_a-findfp.o)
 .debug_frame   0x00002e3c       0x28 c:/freescale/kds_v3/toolchain/bin/../lib/gcc/arm-none-eabi/4.8.4/../../../../arm-none-eabi/lib/armv7e-m/fpu\libg_s.a(lib_a-memchr-stub.o)
 .debug_frame   0x00002e64       0x2c c:/freescale/kds_v3/toolchain/bin/../lib/gcc/arm-none-eabi/4.8.4/../../../../arm-none-eabi/lib/armv7e-m/fpu\libg_s.a(lib_a-memmove.o)
 .debug_frame   0x00002e90       0x2c c:/freescale/kds_v3/toolchain/bin/../lib/gcc/arm-none-eabi/4.8.4/../../../../arm-none-eabi/lib/armv7e-m/fpu\libg_s.a(lib_a-nano-freer.o)
 .debug_frame   0x00002ebc       0x2c c:/freescale/kds_v3/toolchain/bin/../lib/gcc/arm-none-eabi/4.8.4/../../../../arm-none-eabi/lib/armv7e-m/fpu\libg_s.a(lib_a-nano-mallocr.o)
 .debug_frame   0x00002ee8       0x30 c:/freescale/kds_v3/toolchain/bin/../lib/gcc/arm-none-eabi/4.8.4/../../../../arm-none-eabi/lib/armv7e-m/fpu\libg_s.a(lib_a-nano-reallocr.o)
 .debug_frame   0x00002f18       0x2c c:/freescale/kds_v3/toolchain/bin/../lib/gcc/arm-none-eabi/4.8.4/../../../../arm-none-eabi/lib/armv7e-m/fpu\libg_s.a(lib_a-sbrkr.o)
 .debug_frame   0x00002f44       0x20 c:/freescale/kds_v3/toolchain/bin/../lib/gcc/arm-none-eabi/4.8.4/../../../../arm-none-eabi/lib/armv7e-m/fpu\libg_s.a(lib_a-nano-msizer.o)
 .debug_frame   0x00002f64       0x48 c:/freescale/kds_v3/toolchain/bin/../lib/gcc/arm-none-eabi/4.8.4/../../../../arm-none-eabi/lib/armv7e-m/fpu\libg_s.a(lib_a-reent.o)
 .debug_frame   0x00002fac       0x20 c:/freescale/kds_v3/toolchain/bin/../lib/gcc/arm-none-eabi/4.8.4/../../../../arm-none-eabi/lib/armv7e-m/fpu\libnosys.a(sbrk.o)
 .debug_frame   0x00002fcc       0x20 c:/freescale/kds_v3/toolchain/bin/../lib/gcc/arm-none-eabi/4.8.4/../../../../arm-none-eabi/lib/armv7e-m/fpu\libnosys.a(_exit.o)

.stabstr        0x00000000      0x14d
 .stabstr       0x00000000      0x14d c:/freescale/kds_v3/toolchain/bin/../lib/gcc/arm-none-eabi/4.8.4/../../../../arm-none-eabi/lib/armv7e-m/fpu\libnosys.a(close.o)
