Archive member included because of file (symbol)

c:/freescale/kds_v3/toolchain/bin/../lib/gcc/arm-none-eabi/4.8.4/../../../../arm-none-eabi/lib/armv7e-m/fpu\libg_s.a(lib_a-exit.o)
                              c:/freescale/kds_v3/toolchain/bin/../lib/gcc/arm-none-eabi/4.8.4/../../../../arm-none-eabi/lib/armv7e-m/fpu/crt0.o (exit)
c:/freescale/kds_v3/toolchain/bin/../lib/gcc/arm-none-eabi/4.8.4/../../../../arm-none-eabi/lib/armv7e-m/fpu\libg_s.a(lib_a-impure.o)
                              c:/freescale/kds_v3/toolchain/bin/../lib/gcc/arm-none-eabi/4.8.4/../../../../arm-none-eabi/lib/armv7e-m/fpu\libg_s.a(lib_a-exit.o) (_global_impure_ptr)
c:/freescale/kds_v3/toolchain/bin/../lib/gcc/arm-none-eabi/4.8.4/../../../../arm-none-eabi/lib/armv7e-m/fpu\libg_s.a(lib_a-init.o)
                              c:/freescale/kds_v3/toolchain/bin/../lib/gcc/arm-none-eabi/4.8.4/../../../../arm-none-eabi/lib/armv7e-m/fpu/crt0.o (__libc_init_array)
c:/freescale/kds_v3/toolchain/bin/../lib/gcc/arm-none-eabi/4.8.4/../../../../arm-none-eabi/lib/armv7e-m/fpu\libg_s.a(lib_a-memcpy-stub.o)
                              ./Sources/RTT/SEGGER_RTT.o (memcpy)
c:/freescale/kds_v3/toolchain/bin/../lib/gcc/arm-none-eabi/4.8.4/../../../../arm-none-eabi/lib/armv7e-m/fpu\libg_s.a(lib_a-memset.o)
                              c:/freescale/kds_v3/toolchain/bin/../lib/gcc/arm-none-eabi/4.8.4/../../../../arm-none-eabi/lib/armv7e-m/fpu/crt0.o (memset)
c:/freescale/kds_v3/toolchain/bin/../lib/gcc/arm-none-eabi/4.8.4/../../../../arm-none-eabi/lib/armv7e-m/fpu\libg_s.a(lib_a-printf.o)
                              ./MQXLITE/psp/cortex_m/psp_tipr.o (printf)
c:/freescale/kds_v3/toolchain/bin/../lib/gcc/arm-none-eabi/4.8.4/../../../../arm-none-eabi/lib/armv7e-m/fpu\libg_s.a(lib_a-sprintf.o)
                              ./Sources/RS485/CurrentMeter/AE12AE.o (sprintf)
c:/freescale/kds_v3/toolchain/bin/../lib/gcc/arm-none-eabi/4.8.4/../../../../arm-none-eabi/lib/armv7e-m/fpu\libg_s.a(lib_a-strlen.o)
                              ./Sources/RTT/SEGGER_RTT.o (strlen)
c:/freescale/kds_v3/toolchain/bin/../lib/gcc/arm-none-eabi/4.8.4/../../../../arm-none-eabi/lib/armv7e-m/fpu\libg_s.a(lib_a-strncmp.o)
                              ./MQXLITE/kernel/task.o (strncmp)
c:/freescale/kds_v3/toolchain/bin/../lib/gcc/arm-none-eabi/4.8.4/../../../../arm-none-eabi/lib/armv7e-m/fpu\libg_s.a(lib_a-svfprintf.o)
                              c:/freescale/kds_v3/toolchain/bin/../lib/gcc/arm-none-eabi/4.8.4/../../../../arm-none-eabi/lib/armv7e-m/fpu\libg_s.a(lib_a-sprintf.o) (_svfprintf_r)
c:/freescale/kds_v3/toolchain/bin/../lib/gcc/arm-none-eabi/4.8.4/../../../../arm-none-eabi/lib/armv7e-m/fpu\libg_s.a(lib_a-vfprintf.o)
                              c:/freescale/kds_v3/toolchain/bin/../lib/gcc/arm-none-eabi/4.8.4/../../../../arm-none-eabi/lib/armv7e-m/fpu\libg_s.a(lib_a-printf.o) (_vfprintf_r)
c:/freescale/kds_v3/toolchain/bin/../lib/gcc/arm-none-eabi/4.8.4/../../../../arm-none-eabi/lib/armv7e-m/fpu\libg_s.a(lib_a-vfprintf_i.o)
                              c:/freescale/kds_v3/toolchain/bin/../lib/gcc/arm-none-eabi/4.8.4/../../../../arm-none-eabi/lib/armv7e-m/fpu\libg_s.a(lib_a-svfprintf.o) (_printf_i)
c:/freescale/kds_v3/toolchain/bin/../lib/gcc/arm-none-eabi/4.8.4/../../../../arm-none-eabi/lib/armv7e-m/fpu\libg_s.a(lib_a-wbuf.o)
                              c:/freescale/kds_v3/toolchain/bin/../lib/gcc/arm-none-eabi/4.8.4/../../../../arm-none-eabi/lib/armv7e-m/fpu\libg_s.a(lib_a-vfprintf.o) (__swbuf_r)
c:/freescale/kds_v3/toolchain/bin/../lib/gcc/arm-none-eabi/4.8.4/../../../../arm-none-eabi/lib/armv7e-m/fpu\libg_s.a(lib_a-wsetup.o)
                              c:/freescale/kds_v3/toolchain/bin/../lib/gcc/arm-none-eabi/4.8.4/../../../../arm-none-eabi/lib/armv7e-m/fpu\libg_s.a(lib_a-vfprintf.o) (__swsetup_r)
c:/freescale/kds_v3/toolchain/bin/../lib/gcc/arm-none-eabi/4.8.4/../../../../arm-none-eabi/lib/armv7e-m/fpu\libg_s.a(lib_a-fflush.o)
                              c:/freescale/kds_v3/toolchain/bin/../lib/gcc/arm-none-eabi/4.8.4/../../../../arm-none-eabi/lib/armv7e-m/fpu\libg_s.a(lib_a-wbuf.o) (_fflush_r)
c:/freescale/kds_v3/toolchain/bin/../lib/gcc/arm-none-eabi/4.8.4/../../../../arm-none-eabi/lib/armv7e-m/fpu\libg_s.a(lib_a-findfp.o)
                              c:/freescale/kds_v3/toolchain/bin/../lib/gcc/arm-none-eabi/4.8.4/../../../../arm-none-eabi/lib/armv7e-m/fpu\libg_s.a(lib_a-printf.o) (__sinit)
c:/freescale/kds_v3/toolchain/bin/../lib/gcc/arm-none-eabi/4.8.4/../../../../arm-none-eabi/lib/armv7e-m/fpu\libg_s.a(lib_a-fvwrite.o)
                              c:/freescale/kds_v3/toolchain/bin/../lib/gcc/arm-none-eabi/4.8.4/../../../../arm-none-eabi/lib/armv7e-m/fpu\libg_s.a(lib_a-vfprintf.o) (__sfvwrite_r)
c:/freescale/kds_v3/toolchain/bin/../lib/gcc/arm-none-eabi/4.8.4/../../../../arm-none-eabi/lib/armv7e-m/fpu\libg_s.a(lib_a-fwalk.o)
[...]
Memory Configuration

Name             Origin             Length             Attributes
m_interrupts     0x00000000         0x00000198         xr
m_text           0x00000410         0x000ffbf0         xr
m_data_1FFF0000  0x1fff0000         0x00010000         rw
m_data           0x20000000         0x00030000         rw
m_cfmprotrom     0x00000400         0x00000010         xr
*default*        0x00000000         0xffffffff

Linker script and memory map

LOAD c:/freescale/kds_v3/toolchain/bin/../lib/gcc/arm-none-eabi/4.8.4/armv7e-m/fpu/crti.o
LOAD c:/freescale/kds_v3/toolchain/bin/../lib/gcc/arm-none-eabi/4.8.4/armv7e-m/fpu/crtbegin.o
LOAD c:/freescale/kds_v3/toolchain/bin/../lib/gcc/arm-none-eabi/4.8.4/../../../../arm-none-eabi/lib/armv7e-m/fpu/crt0.o
LOAD ./Static_Code/System/CPU_Init.o
LOAD ./Static_Code/System/Peripherals_Init.o
LOAD ./Static_Code/System/Vectors.o
LOAD ./Sources/RTT/SEGGER_RTT.o
LOAD ./Sources/RTT/SEGGER_RTT_printf.o
LOAD ./Sources/RS485/Servo/MX28R.o
LOAD ./Sources/RS485/CurrentMeter/AE12AE.o
LOAD ./Sources/RS485/RS485_Driver.o
LOAD ./Sources/Events.o
LOAD ./Sources/main.o
LOAD ./Sources/mqx_tasks.o
LOAD ./Project_Settings/Startup_Code/startup.o
LOAD ./MQXLITE/psp/cortex_m/core/M4/boot.o
LOAD ./MQXLITE/psp/cortex_m/core/M4/dispatch.o
LOAD ./MQXLITE/psp/cortex_m/cortex.o
LOAD ./MQXLITE/psp/cortex_m/int_gkis.o
LOAD ./MQXLITE/psp/cortex_m/int_inst.o
LOAD ./MQXLITE/psp/cortex_m/int_kisr.o
LOAD ./MQXLITE/psp/cortex_m/int_pvta.o
LOAD ./MQXLITE/psp/cortex_m/int_unx.o
LOAD ./MQXLITE/psp/cortex_m/int_vtab.o
LOAD ./MQXLITE/psp/cortex_m/int_xcpt.o
LOAD ./MQXLITE/psp/cortex_m/mem_zero.o
LOAD ./MQXLITE/psp/cortex_m/psp_iinit.o
LOAD ./MQXLITE/psp/cortex_m/psp_supp.o
LOAD ./MQXLITE/psp/cortex_m/psp_tiad.o
LOAD ./MQXLITE/psp/cortex_m/psp_tinm.o
LOAD ./MQXLITE/psp/cortex_m/psp_tipr.o
LOAD ./MQXLITE/psp/cortex_m/psp_tisu.o
LOAD ./MQXLITE/psp/cortex_m/sc_irdyq.o
LOAD ./MQXLITE/psp/cortex_m/stack_bu.o
LOAD ./MQXLITE/psp/cortex_m/stack_de.o
LOAD ./MQXLITE/psp/cortex_m/stack_st.o
LOAD ./MQXLITE/kernel/idletask.o
LOAD ./MQXLITE/kernel/int.o
LOAD ./MQXLITE/kernel/klog.o
LOAD ./MQXLITE/kernel/lwevent.o
LOAD ./MQXLITE/kernel/lwlog.o
LOAD ./MQXLITE/kernel/lwmem.o
LOAD ./MQXLITE/kernel/lwmsgq.o
LOAD ./MQXLITE/kernel/lwsem.o
LOAD ./MQXLITE/kernel/lwtimer.o
LOAD ./MQXLITE/kernel/mqx_utils.o
LOAD ./MQXLITE/kernel/mqxlite.o
LOAD ./MQXLITE/kernel/mutex.o
LOAD ./MQXLITE/kernel/qu_test.o
LOAD ./MQXLITE/kernel/sched.o
LOAD ./MQXLITE/kernel/task.o
LOAD ./MQXLITE/kernel/time_ticks.o
LOAD ./MQXLITE/config/task_template_list.o
LOAD ./Generated_Code/ALIM_12V_RLY.o
LOAD ./Generated_Code/Cpu.o
LOAD ./Generated_Code/MQX1.o
LOAD ./Generated_Code/PE_LDD.o
LOAD ./Generated_Code/Pins1.o
LOAD ./Generated_Code/RS485_DE.o
LOAD ./Generated_Code/RS485_RE.o
LOAD ./Generated_Code/RS485_UART.o
LOAD ./Generated_Code/SystemTimer1.o
LOAD c:/freescale/kds_v3/toolchain/bin/../lib/gcc/arm-none-eabi/4.8.4/../../../../arm-none-eabi/lib/armv7e-m/fpu\libstdc++_s.a
LOAD c:/freescale/kds_v3/toolchain/bin/../lib/gcc/arm-none-eabi/4.8.4/../../../../arm-none-eabi/lib/armv7e-m/fpu\libm.a
START GROUP
LOAD c:/freescale/kds_v3/toolchain/bin/../lib/gcc/arm-none-eabi/4.8.4/armv7e-m/fpu\libgcc.a
LOAD c:/freescale/kds_v3/toolchain/bin/../lib/gcc/arm-none-eabi/4.8.4/../../../../arm-none-eabi/lib/armv7e-m/fpu\libg_s.a
LOAD c:/freescale/kds_v3/toolchain/bin/../lib/gcc/arm-none-eabi/4.8.4/../../../../arm-none-eabi/lib/armv7e-m/fpu\libc_s.a
END GROUP
START GROUP
LOAD c:/freescale/kds_v3/toolchain/bin/../lib/gcc/arm-none-eabi/4.8.4/armv7e-m/fpu\libgcc.a
LOAD c:/freescale/kds_v3/toolchain/bin/../lib/gcc/arm-none-eabi/4.8.4/../../../../arm-none-eabi/lib/armv7e-m/fpu\libc_s.a
LOAD c:/freescale/kds_v3/toolchain/bin/../lib/gcc/arm-none-eabi/4.8.4/../../../../arm-none-eabi/lib/armv7e-m/fpu\libnosys.a
END GROUP
START GROUP
LOAD c:/freescale/kds_v3/toolchain/bin/../lib/gcc/arm-none-eabi/4.8.4/armv7e-m/fpu\libgcc.a
LOAD c:/freescale/kds_v3/toolchain/bin/../lib/gcc/arm-none-eabi/4.8.4/../../../../arm-none-eabi/lib/armv7e-m/fpu\libc_s.a
LOAD c:/freescale/kds_v3/toolchain/bin/../lib/gcc/arm-none-eabi/4.8.4/../../../../arm-none-eabi/lib/armv7e-m/fpu\libnosys.a
END GROUP
LOAD c:/freescale/kds_v3/toolchain/bin/../lib/gcc/arm-none-eabi/4.8.4/armv7e-m/fpu/crtend.o
LOAD c:/freescale/kds_v3/toolchain/bin/../lib/gcc/arm-none-eabi/4.8.4/armv7e-m/fpu/crtn.o
                0x20030000                _estack = 0x20030000
                0x20030000                __SP_INIT = _estack
                0x20030000                __stack = _estack
                0x00000000                __heap_size = 0x0
                0x00000400                __stack_size = 0x400

.interrupts     0x00000000      0x198
                0x00000000                __vector_table = .
                0x00000000                . = ALIGN (0x4)
 *(.vectortable)
 .vectortable   0x00000000      0x198 ./Static_Code/System/Vectors.o
                0x00000000                __vect_table
                0x00000198                . = ALIGN (0x4)

.cfmprotect     0x00000400       0x10
                0x00000400                . = ALIGN (0x4)
 *(.cfmconfig)
 .cfmconfig     0x00000400       0x10 ./Static_Code/System/CPU_Init.o
                0x00000400                _cfm
                0x00000410                . = ALIGN (0x4)

.text           0x00000410     0x5108
                0x00000410                . = ALIGN (0x4)
 *(.text)
 .text          0x00000410       0x54 c:/freescale/kds_v3/toolchain/bin/../lib/gcc/arm-none-eabi/4.8.4/armv7e-m/fpu/crtbegin.o
 .text          0x00000464       0x74 c:/freescale/kds_v3/toolchain/bin/../lib/gcc/arm-none-eabi/4.8.4/../../../../arm-none-eabi/lib/armv7e-m/fpu/crt0.o
                0x00000464                _start
                0x00000464                _mainCRTStartup
 .text          0x000004d8       0x4c ./MQXLITE/psp/cortex_m/core/M4/boot.o
                0x000004d8                __boot
                0x00000510                __set_MSP
 *(.text*)
 .text.CPU_SetBASEPRI
                0x00000524       0x18 ./Static_Code/System/CPU_Init.o
                0x00000524                CPU_SetBASEPRI
 .text.__init_hardware
                0x0000053c       0x90 ./Static_Code/System/CPU_Init.o
                0x0000053c                __init_hardware
 .text.PE_low_level_init
                0x000005cc       0x5c ./Static_Code/System/CPU_Init.o
                0x000005cc                PE_low_level_init
 .text.CPU_GetClockGenMode
                0x00000628       0x90 ./Static_Code/System/CPU_Init.o
                0x00000628                CPU_GetClockGenMode
 .text.CPU_SetClockConfigGenMode
                0x000006b8      0x54c ./Static_Code/System/CPU_Init.o
                0x000006b8                CPU_SetClockConfigGenMode
 .text.UnhandledInterrupt
                0x00000c04       0x18 ./Static_Code/System/Vectors.o
                0x00000c04                UnhandledInterrupt
 .text._DoInit  0x00000c1c       0xa4 ./Sources/RTT/SEGGER_RTT.o
 .text._WriteBlocking
                0x00000cc0       0xb4 ./Sources/RTT/SEGGER_RTT.o
 .text._WriteNoCheck
                0x00000d74       0x80 ./Sources/RTT/SEGGER_RTT.o
 .text._GetAvailWriteSpace
                0x00000df4       0x48 ./Sources/RTT/SEGGER_RTT.o
 .text.SEGGER_RTT_WriteNoLock
                0x00000e3c       0x9c ./Sources/RTT/SEGGER_RTT.o
                0x00000e3c                SEGGER_RTT_WriteNoLock
 .text.SEGGER_RTT_Write
                0x00000ed8       0x48 ./Sources/RTT/SEGGER_RTT.o
                0x00000ed8                SEGGER_RTT_Write
 .text.SEGGER_RTT_WriteString
                0x00000f20       0x28 ./Sources/RTT/SEGGER_RTT.o
                0x00000f20                SEGGER_RTT_WriteString
 .text.MX28R_set_task
                0x00000f48       0xb8 ./Sources/RS485/Servo/MX28R.o
                0x00000f48                MX28R_set_task
 .text.MX28R_FrameComposer
                0x00001000      0x144 ./Sources/RS485/Servo/MX28R.o
                0x00001000                MX28R_FrameComposer
 .text.thtlServoInit
                0x00001144       0x64 ./Sources/RS485/Servo/MX28R.o
 .text.MX28R_GetCheckSum
                0x000011a8       0x5c ./Sources/RS485/Servo/MX28R.o
 .text.MX28R_Read
                0x00001204       0x90 ./Sources/RS485/Servo/MX28R.o
 .text.MX28R_Write
                0x00001294       0x8c ./Sources/RS485/Servo/MX28R.o
 .text.MX28R_SetGoalPosition
                0x00001320       0x20 ./Sources/RS485/Servo/MX28R.o
 .text.MX28R_SetThrottlePercent
                0x00001340       0x64 ./Sources/RS485/Servo/MX28R.o
 .text.MX28R_GetActualSpeed
                0x000013a4       0x1c ./Sources/RS485/Servo/MX28R.o
 .text.MX28R_GetActualPosition
                0x000013c0       0x1c ./Sources/RS485/Servo/MX28R.o
 .text.MX28R_Calibration
                0x000013dc       0xac ./Sources/RS485/Servo/MX28R.o
 .text.AE12AE_Init
                0x00001488       0x68 ./Sources/RS485/CurrentMeter/AE12AE.o
                0x00001488                AE12AE_Init
 .text.AE12AE_task
                0x000014f0       0x60 ./Sources/RS485/CurrentMeter/AE12AE.o
                0x000014f0                AE12AE_task
 .text.AE12AE_FrameComposer
                0x00001550      0x13c ./Sources/RS485/CurrentMeter/AE12AE.o
                0x00001550                AE12AE_FrameComposer
 .text.AE12AE_GetCheckSum
                0x0000168c       0x48 ./Sources/RS485/CurrentMeter/AE12AE.o
 .text.AE12AE_Read
                0x000016d4       0x74 ./Sources/RS485/CurrentMeter/AE12AE.o
 .text.AE12AE_Write
                0x00001748       0x48 ./Sources/RS485/CurrentMeter/AE12AE.o
 .text.RS485_Send
                0x00001790       0x4c ./Sources/RS485/RS485_Driver.o
 .text.RS485_Receive
                0x000017dc       0x38 ./Sources/RS485/RS485_Driver.o
 .text.RS485_Init
                0x00001814       0x48 ./Sources/RS485/RS485_Driver.o
                0x00001814                RS485_Init
 .text.RS485_Read
                0x0000185c       0x48 ./Sources/RS485/RS485_Driver.o
                0x0000185c                RS485_Read
 .text.RS485_Write
                0x000018a4       0x48 ./Sources/RS485/RS485_Driver.o
                0x000018a4                RS485_Write
 .text.RS485_WaitForResponse
                0x000018ec       0x70 ./Sources/RS485/RS485_Driver.o
                0x000018ec                RS485_WaitForResponse
 .text.RS485_OnBlockRx
                0x0000195c       0x74 ./Sources/RS485/RS485_Driver.o
                0x0000195c                RS485_OnBlockRx
 .text.RS485_OnTxCompleted
                0x000019d0       0x20 ./Sources/RS485/RS485_Driver.o
                0x000019d0                RS485_OnTxCompleted
 .text.Cpu_OnNMI
                0x000019f0        0xc ./Sources/Events.o
                0x000019f0                Cpu_OnNMI
 .text.RS485_UART_OnBlockReceived
                0x000019fc       0x14 ./Sources/Events.o
                0x000019fc                RS485_UART_OnBlockReceived
 .text.RS485_UART_OnBlockSent
                0x00001a10       0x14 ./Sources/Events.o
                0x00001a10                RS485_UART_OnBlockSent
 .text.RS485_UART_OnTxComplete
                0x00001a24       0x14 ./Sources/Events.o
                0x00001a24                RS485_UART_OnTxComplete
 .text.main     0x00001a38       0x10 ./Sources/main.o
                0x00001a38                main
 .text.MX28R_Set_task
                0x00001a48       0x14 ./Sources/mqx_tasks.o
                0x00001a48                MX28R_Set_task
 .text.AE12AE_Demade_task
                0x00001a5c       0x38 ./Sources/mqx_tasks.o
                0x00001a5c                AE12AE_Demade_task
 .text.__copy_rom_section
                0x00001a94       0xe4 ./Project_Settings/Startup_Code/startup.o
                0x00001a94                __copy_rom_section
 .text.__copy_rom_sections_to_ram
                0x00001b78       0x9c ./Project_Settings/Startup_Code/startup.o
                0x00001b78                __copy_rom_sections_to_ram
 .text.__init_registers
                0x00001c14       0x20 ./Project_Settings/Startup_Code/startup.o
                0x00001c14                __init_registers
 .text.__init_user
                0x00001c34        0xc ./Project_Settings/Startup_Code/startup.o
                0x00001c34                __init_user
 .text.__thumb_startup
                0x00001c40       0x34 ./Project_Settings/Startup_Code/startup.o
                0x00001c40                __thumb_startup
 .text._psp_int_install
                0x00001c74       0x20 ./MQXLITE/psp/cortex_m/int_inst.o
                0x00001c74                _psp_int_install
 .text._int_set_vector_table
                0x00001c94       0x34 ./MQXLITE/psp/cortex_m/int_vtab.o
                0x00001c94                _int_set_vector_table
 .text._mem_zero
                0x00001cc8      0x1c8 ./MQXLITE/psp/cortex_m/mem_zero.o
                0x00001cc8                _mem_zero
 .text._psp_int_init
                0x00001e90       0x28 ./MQXLITE/psp/cortex_m/psp_iinit.o
                0x00001e90                _psp_int_init
 .text._psp_add_ticks
                0x00001eb8       0x68 ./MQXLITE/psp/cortex_m/psp_tiad.o
                0x00001eb8                _psp_add_ticks
 .text._psp_normalize_ticks
                0x00001f20       0x58 ./MQXLITE/psp/cortex_m/psp_tinm.o
                0x00001f20                _psp_normalize_ticks
 .text._psp_set_kernel_disable_level
                0x00001f78       0xa8 ./MQXLITE/psp/cortex_m/sc_irdyq.o
                0x00001f78                _psp_set_kernel_disable_level
 .text._psp_init_readyqs
                0x00002020       0xa8 ./MQXLITE/psp/cortex_m/sc_irdyq.o
                0x00002020                _psp_init_readyqs
 .text._psp_build_stack_frame
                0x000020c8       0x90 ./MQXLITE/psp/cortex_m/stack_bu.o
                0x000020c8                _psp_build_stack_frame
 .text._psp_destroy_stack_frame
                0x00002158       0x14 ./MQXLITE/psp/cortex_m/stack_de.o
                0x00002158                _psp_destroy_stack_frame
 .text._mqx_idle_task
                0x0000216c       0x14 ./MQXLITE/kernel/idletask.o
                0x0000216c                _mqx_idle_task
 .text._int_default_isr
                0x00002180       0x5c ./MQXLITE/kernel/int.o
                0x00002180                _int_default_isr
 .text._int_disable
                0x000021dc       0x38 ./MQXLITE/kernel/int.o
                0x000021dc                _int_disable
 .text._int_enable
                0x00002214       0x50 ./MQXLITE/kernel/int.o
                0x00002214                _int_enable
 .text._int_get_isr_data
                0x00002264       0x68 ./MQXLITE/kernel/int.o
                0x00002264                _int_get_isr_data
 .text._int_install_isr
                0x000022cc       0x84 ./MQXLITE/kernel/int.o
                0x000022cc                _int_install_isr
 .text._int_init
                0x00002350       0x8c ./MQXLITE/kernel/int.o
                0x00002350                _int_init
 .text._lwevent_create_internal
                0x000023dc      0x124 ./MQXLITE/kernel/lwevent.o
                0x000023dc                _lwevent_create_internal
 .text._lwevent_create
                0x00002500       0x20 ./MQXLITE/kernel/lwevent.o
                0x00002500                _lwevent_create
 .text._lwevent_clear
                0x00002520       0x94 ./MQXLITE/kernel/lwevent.o
                0x00002520                _lwevent_clear
 .text._lwevent_set
                0x000025b4      0x1d4 ./MQXLITE/kernel/lwevent.o
                0x000025b4                _lwevent_set
 .text._lwevent_wait_internal
                0x00002788      0x1d4 ./MQXLITE/kernel/lwevent.o
                0x00002788                _lwevent_wait_internal
 .text._lwevent_wait_ticks
                0x0000295c       0x74 ./MQXLITE/kernel/lwevent.o
                0x0000295c                _lwevent_wait_ticks
 .text._lwsem_create_internal
                0x000029d0       0xc8 ./MQXLITE/kernel/lwsem.o
                0x000029d0                _lwsem_create_internal
 .text._lwsem_create
                0x00002a98       0x20 ./MQXLITE/kernel/lwsem.o
                0x00002a98                _lwsem_create
 .text._lwsem_post
                0x00002ab8      0x164 ./MQXLITE/kernel/lwsem.o
                0x00002ab8                _lwsem_post
 .text._lwsem_wait
                0x00002c1c      0x128 ./MQXLITE/kernel/lwsem.o
                0x00002c1c                _lwsem_wait
 .text._mqx_set_cpu_type
                0x00002d44       0x24 ./MQXLITE/kernel/mqx_utils.o
                0x00002d44                _mqx_set_cpu_type
 .text._mqx_init_kernel_data_internal
                0x00002d68      0x190 ./MQXLITE/kernel/mqx_utils.o
                0x00002d68                _mqx_init_kernel_data_internal
 .text._mqxlite_init
                0x00002ef8      0x104 ./MQXLITE/kernel/mqxlite.o
                0x00002ef8                _mqxlite_init
 .text._mqxlite
                0x00002ffc       0xc0 ./MQXLITE/kernel/mqxlite.o
                0x00002ffc                _mqxlite
 .text._mqx_exit
                0x000030bc       0x18 ./MQXLITE/kernel/mqxlite.o
                0x000030bc                _mqx_exit
 .text._task_create_at
                0x000030d4       0xd4 ./MQXLITE/kernel/task.o
                0x000030d4                _task_create_at
 .text._task_destroy_internal
                0x000031a8      0x268 ./MQXLITE/kernel/task.o
                0x000031a8                _task_destroy_internal
 .text._task_destroy
                0x00003410       0x1c ./MQXLITE/kernel/task.o
                0x00003410                _task_destroy
 .text._task_get_td
                0x0000342c       0xc4 ./MQXLITE/kernel/task.o
                0x0000342c                _task_get_td
 .text._task_set_error
                0x000034f0       0x4c ./MQXLITE/kernel/task.o
                0x000034f0                _task_set_error
 .text._task_build_internal
                0x0000353c       0xb4 ./MQXLITE/kernel/task.o
                0x0000353c                _task_build_internal
 .text._task_exit_function_internal
                0x000035f0       0x24 ./MQXLITE/kernel/task.o
                0x000035f0                _task_exit_function_internal
 .text._task_init_internal
                0x00003614      0x198 ./MQXLITE/kernel/task.o
                0x00003614                _task_init_internal
 .text._task_fill_stack_internal
                0x000037ac       0x38 ./MQXLITE/kernel/task.o
                0x000037ac                _task_fill_stack_internal
 .text._task_ready_internal
                0x000037e4       0x44 ./MQXLITE/kernel/task.o
                0x000037e4                _task_ready_internal
 .text._task_alloc_td_internal
                0x00003828      0x108 ./MQXLITE/kernel/task.o
                0x00003828                _task_alloc_td_internal
 .text._task_set_error_td_internal
                0x00003930       0x30 ./MQXLITE/kernel/task.o
                0x00003930                _task_set_error_td_internal
 .text._time_delay_for
                0x00003960       0x74 ./MQXLITE/kernel/time_ticks.o
                0x00003960                _time_delay_for
 .text._time_delay_internal
                0x000039d4       0xc8 ./MQXLITE/kernel/time_ticks.o
                0x000039d4                _time_delay_internal
 .text._time_delay_ticks
                0x00003a9c       0x7c ./MQXLITE/kernel/time_ticks.o
                0x00003a9c                _time_delay_ticks
 .text._time_delay_until
                0x00003b18       0x70 ./MQXLITE/kernel/time_ticks.o
                0x00003b18                _time_delay_until
 .text._time_notify_kernel
                0x00003b88      0x17c ./MQXLITE/kernel/time_ticks.o
                0x00003b88                _time_notify_kernel
 .text._time_set_hwtick_function
                0x00003d04       0x28 ./MQXLITE/kernel/time_ticks.o
                0x00003d04                _time_set_hwtick_function
 .text._time_set_hwticks_per_tick
                0x00003d2c       0x20 ./MQXLITE/kernel/time_ticks.o
                0x00003d2c                _time_set_hwticks_per_tick
 .text.ALIM_12V_RLY_Init
                0x00003d4c       0x80 ./Generated_Code/ALIM_12V_RLY.o
                0x00003d4c                ALIM_12V_RLY_Init
 .text.ALIM_12V_RLY_ClrVal
                0x00003dcc       0x20 ./Generated_Code/ALIM_12V_RLY.o
                0x00003dcc                ALIM_12V_RLY_ClrVal
 .text.ALIM_12V_RLY_SetVal
                0x00003dec       0x20 ./Generated_Code/ALIM_12V_RLY.o
                0x00003dec                ALIM_12V_RLY_SetVal
 .text.Common_Init
                0x00003e0c       0xb0 ./Generated_Code/Cpu.o
                0x00003e0c                Common_Init
 .text.Components_Init
                0x00003ebc        0xc ./Generated_Code/Cpu.o
                0x00003ebc                Components_Init
 .text.Cpu_INT_NMIInterrupt
                0x00003ec8        0xc ./Generated_Code/Cpu.o
                0x00003ec8                Cpu_INT_NMIInterrupt
 .text.SystemTimer1_OnCounterRestart
                0x00003ed4       0x14 ./Generated_Code/MQX1.o
                0x00003ed4                SystemTimer1_OnCounterRestart
 .text.SystemTimer1_GetTicsPerSecond
                0x00003ee8       0x2c ./Generated_Code/MQX1.o
                0x00003ee8                SystemTimer1_GetTicsPerSecond
 .text.system_timer_init
                0x00003f14       0x68 ./Generated_Code/MQX1.o
                0x00003f14                system_timer_init
 .text.system_timer_start
                0x00003f7c       0x20 ./Generated_Code/MQX1.o
                0x00003f7c                system_timer_start
 .text.RS485_DE_Init
                0x00003f9c       0x80 ./Generated_Code/RS485_DE.o
                0x00003f9c                RS485_DE_Init
 .text.RS485_DE_ClrVal
                0x0000401c       0x20 ./Generated_Code/RS485_DE.o
                0x0000401c                RS485_DE_ClrVal
 .text.RS485_DE_SetVal
                0x0000403c       0x20 ./Generated_Code/RS485_DE.o
                0x0000403c                RS485_DE_SetVal
 .text.RS485_RE_Init
                0x0000405c       0x80 ./Generated_Code/RS485_RE.o
                0x0000405c                RS485_RE_Init
 .text.RS485_RE_ClrVal
                0x000040dc       0x20 ./Generated_Code/RS485_RE.o
                0x000040dc                RS485_RE_ClrVal
 .text.RS485_RE_SetVal
                0x000040fc       0x20 ./Generated_Code/RS485_RE.o
                0x000040fc                RS485_RE_SetVal
 .text.RS485_UART_Init
                0x0000411c      0x1f0 ./Generated_Code/RS485_UART.o
                0x0000411c                RS485_UART_Init
 .text.RS485_UART_ReceiveBlock
                0x0000430c       0x4c ./Generated_Code/RS485_UART.o
                0x0000430c                RS485_UART_ReceiveBlock
 .text.RS485_UART_SendBlock
                0x00004358       0x78 ./Generated_Code/RS485_UART.o
                0x00004358                RS485_UART_SendBlock
 .text.InterruptRx
                0x000043d0       0x58 ./Generated_Code/RS485_UART.o
 .text.InterruptTx
                0x00004428       0x9c ./Generated_Code/RS485_UART.o
 .text.RS485_UART_Interrupt
                0x000044c4       0x90 ./Generated_Code/RS485_UART.o
                0x000044c4                RS485_UART_Interrupt
 .text.SystemTimer1_Init
                0x00004554       0x84 ./Generated_Code/SystemTimer1.o
                0x00004554                SystemTimer1_Init
 .text.SystemTimer1_Enable
                0x000045d8       0x28 ./Generated_Code/SystemTimer1.o
                0x000045d8                SystemTimer1_Enable
 .text.SystemTimer1_GetInputFrequency
                0x00004600       0x18 ./Generated_Code/SystemTimer1.o
                0x00004600                SystemTimer1_GetInputFrequency
 .text.SystemTimer1_GetPeriodTicks
                0x00004618       0x3c ./Generated_Code/SystemTimer1.o
                0x00004618                SystemTimer1_GetPeriodTicks
 .text.SystemTimer1_GetCounterValue
                0x00004654       0x1c ./Generated_Code/SystemTimer1.o
                0x00004654                SystemTimer1_GetCounterValue
 .text.SystemTimer1_Interrupt
                0x00004670       0x2c ./Generated_Code/SystemTimer1.o
                0x00004670                SystemTimer1_Interrupt
 .text.exit     0x0000469c       0x28 c:/freescale/kds_v3/toolchain/bin/../lib/gcc/arm-none-eabi/4.8.4/../../../../arm-none-eabi/lib/armv7e-m/fpu\libg_s.a(lib_a-exit.o)
                0x0000469c                exit
 .text.__libc_init_array
                0x000046c4       0x4c c:/freescale/kds_v3/toolchain/bin/../lib/gcc/arm-none-eabi/4.8.4/../../../../arm-none-eabi/lib/armv7e-m/fpu\libg_s.a(lib_a-init.o)
                0x000046c4                __libc_init_array
 .text.memcpy   0x00004710       0x12 c:/freescale/kds_v3/toolchain/bin/../lib/gcc/arm-none-eabi/4.8.4/../../../../arm-none-eabi/lib/armv7e-m/fpu\libg_s.a(lib_a-memcpy-stub.o)
                0x00004710                memcpy
 .text.memset   0x00004722       0x10 c:/freescale/kds_v3/toolchain/bin/../lib/gcc/arm-none-eabi/4.8.4/../../../../arm-none-eabi/lib/armv7e-m/fpu\libg_s.a(lib_a-memset.o)
                0x00004722                memset
 *fill*         0x00004732        0x2 
 .text.sprintf  0x00004734       0x48 c:/freescale/kds_v3/toolchain/bin/../lib/gcc/arm-none-eabi/4.8.4/../../../../arm-none-eabi/lib/armv7e-m/fpu\libg_s.a(lib_a-sprintf.o)
                0x00004734                siprintf
                0x00004734                sprintf
 .text.strlen   0x0000477c       0x10 c:/freescale/kds_v3/toolchain/bin/../lib/gcc/arm-none-eabi/4.8.4/../../../../arm-none-eabi/lib/armv7e-m/fpu\libg_s.a(lib_a-strlen.o)
                0x0000477c                strlen
 .text.__ssputs_r
                0x0000478c       0xb8 c:/freescale/kds_v3/toolchain/bin/../lib/gcc/arm-none-eabi/4.8.4/../../../../arm-none-eabi/lib/armv7e-m/fpu\libg_s.a(lib_a-svfprintf.o)
                0x0000478c                __ssputs_r
 .text._svfprintf_r
                0x00004844      0x1dc c:/freescale/kds_v3/toolchain/bin/../lib/gcc/arm-none-eabi/4.8.4/../../../../arm-none-eabi/lib/armv7e-m/fpu\libg_s.a(lib_a-svfprintf.o)
                0x00004844                _svfiprintf_r
                0x00004844                _svfprintf_r
 .text._printf_common
                0x00004a20       0xe4 c:/freescale/kds_v3/toolchain/bin/../lib/gcc/arm-none-eabi/4.8.4/../../../../arm-none-eabi/lib/armv7e-m/fpu\libg_s.a(lib_a-vfprintf_i.o)
                0x00004a20                _printf_common
 .text._printf_i
                0x00004b04      0x228 c:/freescale/kds_v3/toolchain/bin/../lib/gcc/arm-none-eabi/4.8.4/../../../../arm-none-eabi/lib/armv7e-m/fpu\libg_s.a(lib_a-vfprintf_i.o)
                0x00004b04                _printf_i
 .text.memchr   0x00004d2c       0x1e c:/freescale/kds_v3/toolchain/bin/../lib/gcc/arm-none-eabi/4.8.4/../../../../arm-none-eabi/lib/armv7e-m/fpu\libg_s.a(lib_a-memchr-stub.o)
                0x00004d2c                memchr
 .text.memmove  0x00004d4a       0x36 c:/freescale/kds_v3/toolchain/bin/../lib/gcc/arm-none-eabi/4.8.4/../../../../arm-none-eabi/lib/armv7e-m/fpu\libg_s.a(lib_a-memmove.o)
                0x00004d4a                memmove
 .text._free_r  0x00004d80       0x88 c:/freescale/kds_v3/toolchain/bin/../lib/gcc/arm-none-eabi/4.8.4/../../../../arm-none-eabi/lib/armv7e-m/fpu\libg_s.a(lib_a-nano-freer.o)
                0x00004d80                _free_r
 .text._malloc_r
                0x00004e08       0xa8 c:/freescale/kds_v3/toolchain/bin/../lib/gcc/arm-none-eabi/4.8.4/../../../../arm-none-eabi/lib/armv7e-m/fpu\libg_s.a(lib_a-nano-mallocr.o)
                0x00004e08                _malloc_r
 .text._realloc_r
                0x00004eb0       0x4c c:/freescale/kds_v3/toolchain/bin/../lib/gcc/arm-none-eabi/4.8.4/../../../../arm-none-eabi/lib/armv7e-m/fpu\libg_s.a(lib_a-nano-reallocr.o)
                0x00004eb0                _realloc_r
 .text._sbrk_r  0x00004efc       0x20 c:/freescale/kds_v3/toolchain/bin/../lib/gcc/arm-none-eabi/4.8.4/../../../../arm-none-eabi/lib/armv7e-m/fpu\libg_s.a(lib_a-sbrkr.o)
                0x00004efc                _sbrk_r
 .text._malloc_usable_size_r
                0x00004f1c       0x12 c:/freescale/kds_v3/toolchain/bin/../lib/gcc/arm-none-eabi/4.8.4/../../../../arm-none-eabi/lib/armv7e-m/fpu\libg_s.a(lib_a-nano-msizer.o)
                0x00004f1c                _malloc_usable_size_r
 *fill*         0x00004f2e        0x2 
 .text._sbrk    0x00004f30       0x34 c:/freescale/kds_v3/toolchain/bin/../lib/gcc/arm-none-eabi/4.8.4/../../../../arm-none-eabi/lib/armv7e-m/fpu\libnosys.a(sbrk.o)
                0x00004f30                _sbrk
 .text._exit    0x00004f64        0x4 c:/freescale/kds_v3/toolchain/bin/../lib/gcc/arm-none-eabi/4.8.4/../../../../arm-none-eabi/lib/armv7e-m/fpu\libnosys.a(_exit.o)
                0x00004f64                _exit
 *(.rodata)
 .rodata        0x00004f68       0x18 ./Sources/RTT/SEGGER_RTT.o
 .rodata        0x00004f80        0x4 ./Sources/RS485/CurrentMeter/AE12AE.o
 .rodata        0x00004f84       0x10 ./MQXLITE/kernel/mqx_utils.o
 .rodata        0x00004f94       0xd8 ./MQXLITE/kernel/mqxlite.o
 .rodata        0x0000506c       0x24 ./MQXLITE/config/task_template_list.o
 *(.rodata*)
 .rodata.ClockGenModeMatrix
                0x00005090       0x80 ./Static_Code/System/CPU_Init.o
 .rodata.CPU_ClockConfigDescriptors
                0x00005110       0x1c ./Static_Code/System/CPU_Init.o
 .rodata.CPU_DefaultFEI
                0x0000512c        0x8 ./Static_Code/System/CPU_Init.o
 .rodata.CPU_DefaultFBI
                0x00005134        0x8 ./Static_Code/System/CPU_Init.o
 .rodata.CPU_DefaultBLPI
                0x0000513c        0x8 ./Static_Code/System/CPU_Init.o
 .rodata.CPU_DefaultFEE
                0x00005144        0x8 ./Static_Code/System/CPU_Init.o
 .rodata.CPU_DefaultFBE
                0x0000514c        0x8 ./Static_Code/System/CPU_Init.o
 .rodata.CPU_DefaultBLPE
                0x00005154        0x8 ./Static_Code/System/CPU_Init.o
 .rodata.CPU_DefaultPBE
                0x0000515c        0x8 ./Static_Code/System/CPU_Init.o
 .rodata.CPU_DefaultPEE
                0x00005164        0x8 ./Static_Code/System/CPU_Init.o
 .rodata.CPU_ClockGenModeRegs
                0x0000516c       0x20 ./Static_Code/System/CPU_Init.o
 .rodata._mqx_version_number
                0x0000518c        0x4 ./MQXLITE/kernel/mqxlite.o
                0x0000518c                _mqx_version_number
 .rodata._mqx_vendor
                0x00005190        0x4 ./MQXLITE/kernel/mqxlite.o
                0x00005190                _mqx_vendor
 .rodata._mqx_path
                0x00005194        0x4 ./MQXLITE/kernel/mqxlite.o
                0x00005194                _mqx_path
 .rodata._mqxlite_version_number
                0x00005198        0x4 ./MQXLITE/kernel/mqxlite.o
                0x00005198                _mqxlite_version_number
 .rodata.MQX_template_list
                0x0000519c       0x54 ./MQXLITE/config/task_template_list.o
                0x0000519c                MQX_template_list
 .rodata.MQX_init_struct
                0x000051f0       0x24 ./Generated_Code/MQX1.o
                0x000051f0                MQX_init_struct
 .rodata.str1.1
                0x00005214        0x2 c:/freescale/kds_v3/toolchain/bin/../lib/gcc/arm-none-eabi/4.8.4/../../../../arm-none-eabi/lib/armv7e-m/fpu\libg_s.a(lib_a-impure.o)
 *fill*         0x00005216        0x2 
 .rodata._global_impure_ptr
                0x00005218        0x4 c:/freescale/kds_v3/toolchain/bin/../lib/gcc/arm-none-eabi/4.8.4/../../../../arm-none-eabi/lib/armv7e-m/fpu\libg_s.a(lib_a-impure.o)
                0x00005218                _global_impure_ptr
 .rodata.str1.1
                0x0000521c       0x11 c:/freescale/kds_v3/toolchain/bin/../lib/gcc/arm-none-eabi/4.8.4/../../../../arm-none-eabi/lib/armv7e-m/fpu\libg_s.a(lib_a-svfprintf.o)
 .rodata.str1.1
                0x0000522d       0x22 c:/freescale/kds_v3/toolchain/bin/../lib/gcc/arm-none-eabi/4.8.4/../../../../arm-none-eabi/lib/armv7e-m/fpu\libg_s.a(lib_a-vfprintf_i.o)
 *fill*         0x0000524f        0x1 
 .rodata.__sf_fake_stdin
                0x00005250       0x20 c:/freescale/kds_v3/toolchain/bin/../lib/gcc/arm-none-eabi/4.8.4/../../../../arm-none-eabi/lib/armv7e-m/fpu\libg_s.a(lib_a-findfp.o)
                0x00005250                __sf_fake_stdin
 .rodata.__sf_fake_stdout
                0x00005270       0x20 c:/freescale/kds_v3/toolchain/bin/../lib/gcc/arm-none-eabi/4.8.4/../../../../arm-none-eabi/lib/armv7e-m/fpu\libg_s.a(lib_a-findfp.o)
                0x00005270                __sf_fake_stdout
 .rodata.__sf_fake_stderr
                0x00005290       0x20 c:/freescale/kds_v3/toolchain/bin/../lib/gcc/arm-none-eabi/4.8.4/../../../../arm-none-eabi/lib/armv7e-m/fpu\libg_s.a(lib_a-findfp.o)
                0x00005290                __sf_fake_stderr
 *(.glue_7)
 .glue_7        0x00000000        0x0 linker stubs
 *(.glue_7t)
 .glue_7t       0x00000000        0x0 linker stubs
 *(.eh_frame)
 .eh_frame      0x000052b0        0x0 c:/freescale/kds_v3/toolchain/bin/../lib/gcc/arm-none-eabi/4.8.4/armv7e-m/fpu/crtbegin.o
 *(.init)
 .init          0x000052b0        0x4 c:/freescale/kds_v3/toolchain/bin/../lib/gcc/arm-none-eabi/4.8.4/armv7e-m/fpu/crti.o
                0x000052b0                _init
 .init          0x000052b4        0x8 c:/freescale/kds_v3/toolchain/bin/../lib/gcc/arm-none-eabi/4.8.4/armv7e-m/fpu/crtn.o
 *(.fini)
 .fini          0x000052bc        0x4 c:/freescale/kds_v3/toolchain/bin/../lib/gcc/arm-none-eabi/4.8.4/armv7e-m/fpu/crti.o
                0x000052bc                _fini
 .fini          0x000052c0        0x8 c:/freescale/kds_v3/toolchain/bin/../lib/gcc/arm-none-eabi/4.8.4/armv7e-m/fpu/crtn.o
                0x000052c8                . = ALIGN (0x4)
 *(KERNEL)
 KERNEL         0x000052c8      0x250 ./MQXLITE/psp/cortex_m/core/M4/dispatch.o
                0x000052c8                _sched_start_internal
                0x000052cc                _sched_run_internal
                0x000052d2                _sched_check_scheduler_internal
                0x000052f0                _sched_execute_scheduler_internal
                0x000052f4                _mqx_api_call
                0x000052f8                _task_block
                0x000052fc                _svc_handler
                0x0000537e                _pend_svc
                0x000053e6                _int_kernel_isr
                0x0000546e                _psp_exception_return
                0x000054a8                _psp_save_fp_context_internal
                0x000054aa                _mem_test_and_set
                0x000054c8                __get_PSP
                0x000054ce                __get_MSP
                0x000054da                __get_PSR
                0x000054e0                __enable_interrupt
                0x000054e4                __disable_interrupt
                0x000054e8                __get_LR
                0x000054ec                __get_PC
                0x000054f0                __get_CONTROL
                0x00000000                __VECTOR_TABLE_START = __vector_table
                0x00005518                . = ALIGN (0x4)
 *(.rdata)
                0x00005518                . = ALIGN (0x4)
 *(.exception)
                0x00005518                . = ALIGN (0x4)
                0x00005518                __exception_table_start__ = .
                0x00005518                __exception_table_end__ = .
                0x00005518                __sinit__ = .
                0x00005518                _etext = .

.vfp11_veneer   0x00005518        0x0
 .vfp11_veneer  0x00000000        0x0 linker stubs

.v4_bx          0x00005518        0x0
 .v4_bx         0x00000000        0x0 linker stubs

.iplt           0x00005518        0x0
 .iplt          0x00000000        0x0 c:/freescale/kds_v3/toolchain/bin/../lib/gcc/arm-none-eabi/4.8.4/armv7e-m/fpu/crtbegin.o

.ARM.extab
 *(.ARM.extab* .gnu.linkonce.armextab.*)

.ARM            0x00005518        0x8
                0x00005518                __exidx_start = .
 *(.ARM.exidx*)
 .ARM.exidx     0x00005518        0x8 c:/freescale/kds_v3/toolchain/bin/../lib/gcc/arm-none-eabi/4.8.4/../../../../arm-none-eabi/lib/armv7e-m/fpu/crt0.o
                0x00005520                __exidx_end = .

.rel.dyn        0x00005520        0x0
 .rel.iplt      0x00000000        0x0 c:/freescale/kds_v3/toolchain/bin/../lib/gcc/arm-none-eabi/4.8.4/armv7e-m/fpu/crtbegin.o

.ctors          0x00005520        0x0
                0x00005520                __CTOR_LIST__ = .
 *crtbegin.o(.ctors)
 *(EXCLUDE_FILE(*crtend.o) .ctors)
 *(SORT(.ctors.*))
 *(.ctors)
                0x00005520                __CTOR_END__ = .

.dtors          0x00005520        0x0
                0x00005520                __DTOR_LIST__ = .
 *crtbegin.o(.dtors)
 *(EXCLUDE_FILE(*crtend.o) .dtors)
 *(SORT(.dtors.*))
 *(.dtors)
                0x00005520                __DTOR_END__ = .

.preinit_array  0x00005520        0x0
                0x00005520                PROVIDE (__preinit_array_start, .)
 *(.preinit_array*)
                0x00005520                PROVIDE (__preinit_array_end, .)

.init_array     0x00005520        0x4
                0x00005520                PROVIDE (__init_array_start, .)
 *(SORT(.init_array.*))
 *(.init_array*)
 .init_array    0x00005520        0x4 c:/freescale/kds_v3/toolchain/bin/../lib/gcc/arm-none-eabi/4.8.4/armv7e-m/fpu/crtbegin.o
                0x00005524                PROVIDE (__init_array_end, .)

.fini_array     0x00005524        0x4
                0x00005524                PROVIDE (__fini_array_start, .)
 *(SORT(.fini_array.*))
 *(.fini_array*)
 .fini_array    0x00005524        0x4 c:/freescale/kds_v3/toolchain/bin/../lib/gcc/arm-none-eabi/4.8.4/armv7e-m/fpu/crtbegin.o
                0x00005528                PROVIDE (__fini_array_end, .)
                0x00005528                ___ROM_AT = .

.data           0x20000000       0x78 load address 0x00005528
                0x20000000                . = ALIGN (0x4)
                0x20000000                _sdata = .
 *(.data)
 *(.data*)
 .data.torqueLimit.7894
                0x20000000        0x2 ./Sources/RS485/Servo/MX28R.o
 *fill*         0x20000002        0x2 
 .data._mqx_kernel_data
                0x20000004        0x4 ./MQXLITE/kernel/mqxlite.o
                0x20000004                _mqx_kernel_data
 .data.mqx_task_stack_pointers
                0x20000008        0xc ./Generated_Code/MQX1.o
                0x20000008                mqx_task_stack_pointers
 .data.impure_data
                0x20000014       0x60 c:/freescale/kds_v3/toolchain/bin/../lib/gcc/arm-none-eabi/4.8.4/../../../../arm-none-eabi/lib/armv7e-m/fpu\libg_s.a(lib_a-impure.o)
 .data._impure_ptr
                0x20000074        0x4 c:/freescale/kds_v3/toolchain/bin/../lib/gcc/arm-none-eabi/4.8.4/../../../../arm-none-eabi/lib/armv7e-m/fpu\libg_s.a(lib_a-impure.o)
                0x20000074                _impure_ptr
                0x20000078                . = ALIGN (0x4)
                0x20000078                _edata = .
                0x00000078                ___data_size = (_edata - _sdata)
                0x000055a0                ___m_data_1FFF0000_ROMStart = (___ROM_AT + SIZEOF (.data))

.jcr            0x20000078        0x0 load address 0x000055a0
 .jcr           0x20000078        0x0 c:/freescale/kds_v3/toolchain/bin/../lib/gcc/arm-none-eabi/4.8.4/armv7e-m/fpu/crtbegin.o

.igot.plt       0x20000078        0x0 load address 0x000055a0
 .igot.plt      0x00000000        0x0 c:/freescale/kds_v3/toolchain/bin/../lib/gcc/arm-none-eabi/4.8.4/armv7e-m/fpu/crtbegin.o

.m_data_1FFF0000
                0x1fff0000        0x0 load address 0x000055a0
                0x1fff0000                . = ALIGN (0x4)
                0x1fff0000                ___m_data_1FFF0000_RAMStart = .
 *(.m_data_1FFF0000)
                0x1fff0000                ___m_data_1FFF0000_RAMEnd = .
                0x1fff0000                . = ALIGN (0x4)
                0x00000000                ___m_data_1FFF0000_ROMSize = (___m_data_1FFF0000_RAMEnd - ___m_data_1FFF0000_RAMStart)
                0x1fff0000                . = ALIGN (0x4)

.bss            0x20000078     0x1330 load address 0x000055a0
                0x20000078                __START_BSS = .
                0x20000078                PROVIDE (__bss_start__, __START_BSS)
 *(.bss)
 .bss           0x20000078       0x1c c:/freescale/kds_v3/toolchain/bin/../lib/gcc/arm-none-eabi/4.8.4/armv7e-m/fpu/crtbegin.o
 *(.bss*)
 .bss._acUpBuffer
                0x20000094      0x400 ./Sources/RTT/SEGGER_RTT.o
 .bss._acDownBuffer
                0x20000494       0x10 ./Sources/RTT/SEGGER_RTT.o
 .bss.MX28R_TxData
                0x200004a4       0x14 ./Sources/RS485/Servo/MX28R.o
 .bss.MX28R_Response
                0x200004b8       0x14 ./Sources/RS485/Servo/MX28R.o
 .bss.thtl0Pos  0x200004cc        0x2 ./Sources/RS485/Servo/MX28R.o
 .bss.thtl100Pos
                0x200004ce        0x2 ./Sources/RS485/Servo/MX28R.o
 .bss.FinalThtl
                0x200004d0        0x2 ./Sources/RS485/Servo/MX28R.o
 .bss.HeaderState.7831
                0x200004d2        0x1 ./Sources/RS485/Servo/MX28R.o
 .bss.i.7827    0x200004d3        0x1 ./Sources/RS485/Servo/MX28R.o
 .bss.length.7826
                0x200004d4        0x1 ./Sources/RS485/Servo/MX28R.o
 *fill*         0x200004d5        0x1 
 .bss.checksum.7829
                0x200004d6        0x2 ./Sources/RS485/Servo/MX28R.o
 .bss.id.7828   0x200004d8        0x1 ./Sources/RS485/Servo/MX28R.o
 .bss.error.7830
                0x200004d9        0x1 ./Sources/RS485/Servo/MX28R.o
 .bss.speed.7895
                0x200004da        0x2 ./Sources/RS485/Servo/MX28R.o
 .bss.AE12AE_Response
                0x200004dc       0x14 ./Sources/RS485/CurrentMeter/AE12AE.o
 .bss.AE12AE_Response_Cursor
                0x200004f0        0x2 ./Sources/RS485/CurrentMeter/AE12AE.o
 *fill*         0x200004f2        0x2 
 .bss.AE12AE_TxData
                0x200004f4       0x14 ./Sources/RS485/CurrentMeter/AE12AE.o
 .bss.HeaderState.8319
                0x20000508        0x1 ./Sources/RS485/CurrentMeter/AE12AE.o
 *fill*         0x20000509        0x1 
 .bss.checksum.8315
                0x2000050a        0x2 ./Sources/RS485/CurrentMeter/AE12AE.o
 .bss.i.8314    0x2000050c        0x1 ./Sources/RS485/CurrentMeter/AE12AE.o
 .bss.id.8316   0x2000050d        0x1 ./Sources/RS485/CurrentMeter/AE12AE.o
 .bss.mesure_MSB.8317
                0x2000050e        0x1 ./Sources/RS485/CurrentMeter/AE12AE.o
 .bss.mesure_LSB.8318
                0x2000050f        0x1 ./Sources/RS485/CurrentMeter/AE12AE.o
 .bss.RS485State
                0x20000510       0x34 ./Sources/RS485/RS485_Driver.o
 .bss.RS485RcvChar
                0x20000544        0x1 ./Sources/RS485/RS485_Driver.o
 *fill*         0x20000545        0x3 
 .bss.DeviceDataPrv__DEFAULT_RTOS_ALLOC
                0x20000548        0x4 ./Generated_Code/ALIM_12V_RLY.o
 .bss.SystemTimerDeviceDataPtr
                0x2000054c        0x4 ./Generated_Code/MQX1.o
 .bss.PE_LDD_DeviceDataList
                0x20000550       0x14 ./Generated_Code/PE_LDD.o
                0x20000550                PE_LDD_DeviceDataList
 .bss.DeviceDataPrv__DEFAULT_RTOS_ALLOC
                0x20000564        0x4 ./Generated_Code/RS485_DE.o
 .bss.DeviceDataPrv__DEFAULT_RTOS_ALLOC
                0x20000568        0x4 ./Generated_Code/RS485_RE.o
 .bss.DeviceDataPrv__DEFAULT_RTOS_ALLOC
                0x2000056c       0x20 ./Generated_Code/RS485_UART.o
 .bss.DeviceDataPrv__DEFAULT_RTOS_ALLOC
                0x2000058c        0xc ./Generated_Code/SystemTimer1.o
 .bss.__malloc_sbrk_start
                0x20000598        0x4 c:/freescale/kds_v3/toolchain/bin/../lib/gcc/arm-none-eabi/4.8.4/../../../../arm-none-eabi/lib/armv7e-m/fpu\libg_s.a(lib_a-nano-mallocr.o)
                0x20000598                __malloc_sbrk_start
 .bss.__malloc_free_list
                0x2000059c        0x4 c:/freescale/kds_v3/toolchain/bin/../lib/gcc/arm-none-eabi/4.8.4/../../../../arm-none-eabi/lib/armv7e-m/fpu\libg_s.a(lib_a-nano-mallocr.o)
                0x2000059c                __malloc_free_list
 .bss.heap_end.4246
                0x200005a0        0x4 c:/freescale/kds_v3/toolchain/bin/../lib/gcc/arm-none-eabi/4.8.4/../../../../arm-none-eabi/lib/armv7e-m/fpu\libnosys.a(sbrk.o)
 *(COMMON)
 COMMON         0x200005a4       0xa8 ./Sources/RTT/SEGGER_RTT.o
                0x200005a4                _SEGGER_RTT
 COMMON         0x2000064c       0x10 ./MQXLITE/kernel/mqxlite.o
                0x2000064c                _mqx_zero_tick_struct
                0x20000658                _mqx_system_stack
 COMMON         0x2000065c        0x4 ./MQXLITE/kernel/task.o
                0x2000065c                _tad_task_at_flag
 COMMON         0x20000660      0xd44 ./Generated_Code/MQX1.o
                0x20000660                _mqx_kernel_data_struct
                0x200008b0                mqx_interrupt_stack
                0x20000ac0                MX28R_Set_Task_task_stack
                0x20000d4c                AE12AE_Demade_Task_task_stack
                0x20000fd8                mqx_static_ready_queue
                0x20001088                mqx_static_isr_table
                0x20001238                mqx_idle_task_stack
 COMMON         0x200013a4        0x4 c:/freescale/kds_v3/toolchain/bin/../lib/gcc/arm-none-eabi/4.8.4/../../../../arm-none-eabi/lib/armv7e-m/fpu\libg_s.a(lib_a-reent.o)
                0x200013a4                errno
                0x200013a8                . = ALIGN (0x4)
                0x200013a8                __END_BSS = .
                0x200013a8                PROVIDE (__bss_end__, __END_BSS)
                0x000055a0                _romp_at = ((___ROM_AT + SIZEOF (.data)) + SIZEOF (.m_data_1FFF0000))

.romp           0x200013a8       0x24 load address 0x000055a0
                0x000055a0                __S_romp = _romp_at
                0x200013a8        0x4 LONG 0x5528 ___ROM_AT
                0x200013ac        0x4 LONG 0x20000000 _sdata
                0x200013b0        0x4 LONG 0x78 ___data_size
                0x200013b4        0x4 LONG 0x55a0 ___m_data_1FFF0000_ROMStart
                0x200013b8        0x4 LONG 0x1fff0000 ___m_data_1FFF0000_RAMStart
                0x200013bc        0x4 LONG 0x0 ___m_data_1FFF0000_ROMSize
                0x200013c0        0x4 LONG 0x0
                0x200013c4        0x4 LONG 0x0
                0x200013c8        0x4 LONG 0x0
                0x00100000                text_end = (ORIGIN (m_text) + 0xffbf0)
                0x000055c4                data_init_end = ((___m_data_1FFF0000_ROMStart + SIZEOF (.m_data_1FFF0000)) + SIZEOF (.romp))
                0x00000001                ASSERT ((data_init_end <= text_end), region m_text overflowed with text and data)

._user_heap_stack
                0x200013cc      0x400 load address 0x000055c4
                0x200013cc                . = ALIGN (0x4)
                0x200013cc                PROVIDE (end, .)
                0x200013cc                PROVIDE (_end, .)
                0x200013cc                PROVIDE (__end__, .)
                0x200013cc                __heap_addr = .
                0x200013cc                __HeapBase = .
                0x200013cc                . = (. + __heap_size)
                0x200013cc                __HeapLimit = .
                0x200017cc                . = (. + __stack_size)
 *fill*         0x200013cc      0x400 
                0x200017cc                . = ALIGN (0x4)

.ARM.attributes
                0x00000000       0x30
 *(.ARM.attributes)
 .ARM.attributes
                0x00000000       0x22 c:/freescale/kds_v3/toolchain/bin/../lib/gcc/arm-none-eabi/4.8.4/armv7e-m/fpu/crti.o
 .ARM.attributes
                0x00000022       0x34 c:/freescale/kds_v3/toolchain/bin/../lib/gcc/arm-none-eabi/4.8.4/armv7e-m/fpu/crtbegin.o
 .ARM.attributes
                0x00000056       0x20 c:/freescale/kds_v3/toolchain/bin/../lib/gcc/arm-none-eabi/4.8.4/../../../../arm-none-eabi/lib/armv7e-m/fpu/crt0.o
 .ARM.attributes
                0x00000076       0x39 ./Static_Code/System/CPU_Init.o
 .ARM.attributes
                0x000000af       0x39 ./Static_Code/System/Vectors.o
 .ARM.attributes
                0x000000e8       0x39 ./Sources/RTT/SEGGER_RTT.o
 .ARM.attributes
                0x00000121       0x39 ./Sources/RS485/Servo/MX28R.o
 .ARM.attributes
                0x0000015a       0x39 ./Sources/RS485/CurrentMeter/AE12AE.o
 .ARM.attributes
                0x00000193       0x39 ./Sources/RS485/RS485_Driver.o
 .ARM.attributes
                0x000001cc       0x39 ./Sources/Events.o
 .ARM.attributes
                0x00000205       0x39 ./Sources/main.o
 .ARM.attributes
                0x0000023e       0x39 ./Sources/mqx_tasks.o
 .ARM.attributes
                0x00000277       0x39 ./Project_Settings/Startup_Code/startup.o
 .ARM.attributes
                0x000002b0       0x25 ./MQXLITE/psp/cortex_m/core/M4/boot.o
 .ARM.attributes
                0x000002d5       0x25 ./MQXLITE/psp/cortex_m/core/M4/dispatch.o
 .ARM.attributes
                0x000002fa       0x39 ./MQXLITE/psp/cortex_m/int_inst.o
 .ARM.attributes
                0x00000333       0x39 ./MQXLITE/psp/cortex_m/int_vtab.o
 .ARM.attributes
                0x0000036c       0x39 ./MQXLITE/psp/cortex_m/mem_zero.o
 .ARM.attributes
                0x000003a5       0x39 ./MQXLITE/psp/cortex_m/psp_iinit.o
 .ARM.attributes
                0x000003de       0x39 ./MQXLITE/psp/cortex_m/psp_tiad.o
 .ARM.attributes
                0x00000417       0x39 ./MQXLITE/psp/cortex_m/psp_tinm.o
 .ARM.attributes
                0x00000450       0x39 ./MQXLITE/psp/cortex_m/sc_irdyq.o
 .ARM.attributes
                0x00000489       0x39 ./MQXLITE/psp/cortex_m/stack_bu.o
 .ARM.attributes
                0x000004c2       0x39 ./MQXLITE/psp/cortex_m/stack_de.o
 .ARM.attributes
                0x000004fb       0x39 ./MQXLITE/kernel/idletask.o
 .ARM.attributes
                0x00000534       0x39 ./MQXLITE/kernel/int.o
 .ARM.attributes
                0x0000056d       0x39 ./MQXLITE/kernel/lwevent.o
 .ARM.attributes
                0x000005a6       0x39 ./MQXLITE/kernel/lwsem.o
 .ARM.attributes
                0x000005df       0x39 ./MQXLITE/kernel/mqx_utils.o
 .ARM.attributes
                0x00000618       0x39 ./MQXLITE/kernel/mqxlite.o
 .ARM.attributes
                0x00000651       0x39 ./MQXLITE/kernel/task.o
 .ARM.attributes
                0x0000068a       0x39 ./MQXLITE/kernel/time_ticks.o
 .ARM.attributes
                0x000006c3       0x39 ./MQXLITE/config/task_template_list.o
 .ARM.attributes
                0x000006fc       0x39 ./Generated_Code/ALIM_12V_RLY.o
 .ARM.attributes
                0x00000735       0x39 ./Generated_Code/Cpu.o
 .ARM.attributes
                0x0000076e       0x39 ./Generated_Code/MQX1.o
 .ARM.attributes
                0x000007a7       0x39 ./Generated_Code/PE_LDD.o
 .ARM.attributes
                0x000007e0       0x39 ./Generated_Code/RS485_DE.o
 .ARM.attributes
                0x00000819       0x39 ./Generated_Code/RS485_RE.o
 .ARM.attributes
                0x00000852       0x39 ./Generated_Code/RS485_UART.o
 .ARM.attributes
                0x0000088b       0x39 ./Generated_Code/SystemTimer1.o
 .ARM.attributes
                0x000008c4       0x34 c:/freescale/kds_v3/toolchain/bin/../lib/gcc/arm-none-eabi/4.8.4/../../../../arm-none-eabi/lib/armv7e-m/fpu\libg_s.a(lib_a-exit.o)
 .ARM.attributes
                0x000008f8       0x34 c:/freescale/kds_v3/toolchain/bin/../lib/gcc/arm-none-eabi/4.8.4/../../../../arm-none-eabi/lib/armv7e-m/fpu\libg_s.a(lib_a-impure.o)
 .ARM.attributes
                0x0000092c       0x34 c:/freescale/kds_v3/toolchain/bin/../lib/gcc/arm-none-eabi/4.8.4/../../../../arm-none-eabi/lib/armv7e-m/fpu\libg_s.a(lib_a-init.o)
 .ARM.attributes
                0x00000960       0x34 c:/freescale/kds_v3/toolchain/bin/../lib/gcc/arm-none-eabi/4.8.4/../../../../arm-none-eabi/lib/armv7e-m/fpu\libg_s.a(lib_a-memcpy-stub.o)
 .ARM.attributes
                0x00000994       0x34 c:/freescale/kds_v3/toolchain/bin/../lib/gcc/arm-none-eabi/4.8.4/../../../../arm-none-eabi/lib/armv7e-m/fpu\libg_s.a(lib_a-memset.o)
 .ARM.attributes
                0x000009c8       0x34 c:/freescale/kds_v3/toolchain/bin/../lib/gcc/arm-none-eabi/4.8.4/../../../../arm-none-eabi/lib/armv7e-m/fpu\libg_s.a(lib_a-sprintf.o)
 .ARM.attributes
                0x000009fc       0x34 c:/freescale/kds_v3/toolchain/bin/../lib/gcc/arm-none-eabi/4.8.4/../../../../arm-none-eabi/lib/armv7e-m/fpu\libg_s.a(lib_a-strlen.o)
 .ARM.attributes
                0x00000a30       0x34 c:/freescale/kds_v3/toolchain/bin/../lib/gcc/arm-none-eabi/4.8.4/../../../../arm-none-eabi/lib/armv7e-m/fpu\libg_s.a(lib_a-svfprintf.o)
 .ARM.attributes
                0x00000a64       0x34 c:/freescale/kds_v3/toolchain/bin/../lib/gcc/arm-none-eabi/4.8.4/../../../../arm-none-eabi/lib/armv7e-m/fpu\libg_s.a(lib_a-vfprintf_i.o)
 .ARM.attributes
                0x00000a98       0x34 c:/freescale/kds_v3/toolchain/bin/../lib/gcc/arm-none-eabi/4.8.4/../../../../arm-none-eabi/lib/armv7e-m/fpu\libg_s.a(lib_a-findfp.o)
 .ARM.attributes
                0x00000acc       0x34 c:/freescale/kds_v3/toolchain/bin/../lib/gcc/arm-none-eabi/4.8.4/../../../../arm-none-eabi/lib/armv7e-m/fpu\libg_s.a(lib_a-memchr-stub.o)
 .ARM.attributes
                0x00000b00       0x34 c:/freescale/kds_v3/toolchain/bin/../lib/gcc/arm-none-eabi/4.8.4/../../../../arm-none-eabi/lib/armv7e-m/fpu\libg_s.a(lib_a-memmove.o)
 .ARM.attributes
                0x00000b34       0x34 c:/freescale/kds_v3/toolchain/bin/../lib/gcc/arm-none-eabi/4.8.4/../../../../arm-none-eabi/lib/armv7e-m/fpu\libg_s.a(lib_a-nano-freer.o)
 .ARM.attributes
                0x00000b68       0x34 c:/freescale/kds_v3/toolchain/bin/../lib/gcc/arm-none-eabi/4.8.4/../../../../arm-none-eabi/lib/armv7e-m/fpu\libg_s.a(lib_a-nano-mallocr.o)
 .ARM.attributes
                0x00000b9c       0x34 c:/freescale/kds_v3/toolchain/bin/../lib/gcc/arm-none-eabi/4.8.4/../../../../arm-none-eabi/lib/armv7e-m/fpu\libg_s.a(lib_a-nano-reallocr.o)
 .ARM.attributes
                0x00000bd0       0x34 c:/freescale/kds_v3/toolchain/bin/../lib/gcc/arm-none-eabi/4.8.4/../../../../arm-none-eabi/lib/armv7e-m/fpu\libg_s.a(lib_a-sbrkr.o)
 .ARM.attributes
                0x00000c04       0x34 c:/freescale/kds_v3/toolchain/bin/../lib/gcc/arm-none-eabi/4.8.4/../../../../arm-none-eabi/lib/armv7e-m/fpu\libg_s.a(lib_a-nano-msizer.o)
 .ARM.attributes
                0x00000c38       0x34 c:/freescale/kds_v3/toolchain/bin/../lib/gcc/arm-none-eabi/4.8.4/../../../../arm-none-eabi/lib/armv7e-m/fpu\libg_s.a(lib_a-reent.o)
 .ARM.attributes
                0x00000c6c       0x34 c:/freescale/kds_v3/toolchain/bin/../lib/gcc/arm-none-eabi/4.8.4/../../../../arm-none-eabi/lib/armv7e-m/fpu\libnosys.a(sbrk.o)
 .ARM.attributes
                0x00000ca0       0x34 c:/freescale/kds_v3/toolchain/bin/../lib/gcc/arm-none-eabi/4.8.4/../../../../arm-none-eabi/lib/armv7e-m/fpu\libnosys.a(_exit.o)
 .ARM.attributes
                0x00000cd4       0x22 c:/freescale/kds_v3/toolchain/bin/../lib/gcc/arm-none-eabi/4.8.4/armv7e-m/fpu/crtn.o
OUTPUT(AE12AE_MX28R_Combined.elf elf32-littlearm)

.debug_info     0x00000000    0x13db8
 .debug_info    0x00000000      0xe9d ./Static_Code/System/CPU_Init.o
 .debug_info    0x00000e9d      0xac0 ./Static_Code/System/Vectors.o
 .debug_info    0x0000195d      0xd3b ./Sources/RTT/SEGGER_RTT.o
 .debug_info    0x00002698      0x8b0 ./Sources/RS485/Servo/MX28R.o
 .debug_info    0x00002f48      0x62c ./Sources/RS485/CurrentMeter/AE12AE.o
 .debug_info    0x00003574      0x6f1 ./Sources/RS485/RS485_Driver.o
 .debug_info    0x00003c65      0x112 ./Sources/Events.o
 .debug_info    0x00003d77       0xa1 ./Sources/main.o
 .debug_info    0x00003e18      0x14a ./Sources/mqx_tasks.o
 .debug_info    0x00003f62      0x3b0 ./Project_Settings/Startup_Code/startup.o
 .debug_info    0x00004312       0x85 ./MQXLITE/psp/cortex_m/core/M4/boot.o
 .debug_info    0x00004397       0x89 ./MQXLITE/psp/cortex_m/core/M4/dispatch.o
 .debug_info    0x00004420      0x99f ./MQXLITE/psp/cortex_m/int_inst.o
 .debug_info    0x00004dbf      0x33d ./MQXLITE/psp/cortex_m/int_vtab.o
 .debug_info    0x000050fc      0x144 ./MQXLITE/psp/cortex_m/mem_zero.o
 .debug_info    0x00005240       0xe2 ./MQXLITE/psp/cortex_m/psp_iinit.o
 .debug_info    0x00005322      0xa37 ./MQXLITE/psp/cortex_m/psp_tiad.o
 .debug_info    0x00005d59      0xa30 ./MQXLITE/psp/cortex_m/psp_tinm.o
 .debug_info    0x00006789      0xbde ./MQXLITE/psp/cortex_m/sc_irdyq.o
 .debug_info    0x00007367      0x62c ./MQXLITE/psp/cortex_m/stack_bu.o
 .debug_info    0x00007993      0x409 ./MQXLITE/psp/cortex_m/stack_de.o
 .debug_info    0x00007d9c      0x9b2 ./MQXLITE/kernel/idletask.o
 .debug_info    0x0000874e      0xd95 ./MQXLITE/kernel/int.o
 .debug_info    0x000094e3     0x1060 ./MQXLITE/kernel/lwevent.o
 .debug_info    0x0000a543     0x101f ./MQXLITE/kernel/lwsem.o
 .debug_info    0x0000b562      0xb51 ./MQXLITE/kernel/mqx_utils.o
 .debug_info    0x0000c0b3      0xf02 ./MQXLITE/kernel/mqxlite.o
 .debug_info    0x0000cfb5     0x1f91 ./MQXLITE/kernel/task.o
 .debug_info    0x0000ef46      0xfe0 ./MQXLITE/kernel/time_ticks.o
 .debug_info    0x0000ff26      0x40b ./MQXLITE/config/task_template_list.o
 .debug_info    0x00010331      0x523 ./Generated_Code/ALIM_12V_RLY.o
 .debug_info    0x00010854      0x375 ./Generated_Code/Cpu.o
 .debug_info    0x00010bc9      0xefa ./Generated_Code/MQX1.o
 .debug_info    0x00011ac3      0x501 ./Generated_Code/PE_LDD.o
 .debug_info    0x00011fc4      0x523 ./Generated_Code/RS485_DE.o
 .debug_info    0x000124e7      0x523 ./Generated_Code/RS485_RE.o
 .debug_info    0x00012a0a      0xbd2 ./Generated_Code/RS485_UART.o
 .debug_info    0x000135dc      0x7dc ./Generated_Code/SystemTimer1.o

.debug_abbrev   0x00000000     0x3163
 .debug_abbrev  0x00000000      0x1e5 ./Static_Code/System/CPU_Init.o
 .debug_abbrev  0x000001e5       0xee ./Static_Code/System/Vectors.o
 .debug_abbrev  0x000002d3      0x1d6 ./Sources/RTT/SEGGER_RTT.o
 .debug_abbrev  0x000004a9      0x1a7 ./Sources/RS485/Servo/MX28R.o
 .debug_abbrev  0x00000650      0x123 ./Sources/RS485/CurrentMeter/AE12AE.o
 .debug_abbrev  0x00000773      0x152 ./Sources/RS485/RS485_Driver.o
 .debug_abbrev  0x000008c5       0xb4 ./Sources/Events.o
 .debug_abbrev  0x00000979       0x47 ./Sources/main.o
 .debug_abbrev  0x000009c0       0x9e ./Sources/mqx_tasks.o
 .debug_abbrev  0x00000a5e      0x189 ./Project_Settings/Startup_Code/startup.o
 .debug_abbrev  0x00000be7       0x14 ./MQXLITE/psp/cortex_m/core/M4/boot.o
 .debug_abbrev  0x00000bfb       0x14 ./MQXLITE/psp/cortex_m/core/M4/dispatch.o
 .debug_abbrev  0x00000c0f      0x12e ./MQXLITE/psp/cortex_m/int_inst.o
 .debug_abbrev  0x00000d3d      0x120 ./MQXLITE/psp/cortex_m/int_vtab.o
 .debug_abbrev  0x00000e5d       0x80 ./MQXLITE/psp/cortex_m/mem_zero.o
 .debug_abbrev  0x00000edd       0x72 ./MQXLITE/psp/cortex_m/psp_iinit.o
 .debug_abbrev  0x00000f4f      0x13d ./MQXLITE/psp/cortex_m/psp_tiad.o
 .debug_abbrev  0x0000108c      0x155 ./MQXLITE/psp/cortex_m/psp_tinm.o
 .debug_abbrev  0x000011e1      0x192 ./MQXLITE/psp/cortex_m/sc_irdyq.o
 .debug_abbrev  0x00001373      0x117 ./MQXLITE/psp/cortex_m/stack_bu.o
 .debug_abbrev  0x0000148a       0xdc ./MQXLITE/psp/cortex_m/stack_de.o
 .debug_abbrev  0x00001566      0x144 ./MQXLITE/kernel/idletask.o
 .debug_abbrev  0x000016aa      0x1ff ./MQXLITE/kernel/int.o
 .debug_abbrev  0x000018a9      0x1dd ./MQXLITE/kernel/lwevent.o
 .debug_abbrev  0x00001a86      0x1c7 ./MQXLITE/kernel/lwsem.o
 .debug_abbrev  0x00001c4d      0x1e1 ./MQXLITE/kernel/mqx_utils.o
 .debug_abbrev  0x00001e2e      0x1e3 ./MQXLITE/kernel/mqxlite.o
 .debug_abbrev  0x00002011      0x276 ./MQXLITE/kernel/task.o
 .debug_abbrev  0x00002287      0x200 ./MQXLITE/kernel/time_ticks.o
 .debug_abbrev  0x00002487       0xba ./MQXLITE/config/task_template_list.o
 .debug_abbrev  0x00002541      0x15d ./Generated_Code/ALIM_12V_RLY.o
 .debug_abbrev  0x0000269e       0xed ./Generated_Code/Cpu.o
 .debug_abbrev  0x0000278b      0x1bd ./Generated_Code/MQX1.o
 .debug_abbrev  0x00002948      0x123 ./Generated_Code/PE_LDD.o
 .debug_abbrev  0x00002a6b      0x15d ./Generated_Code/RS485_DE.o
 .debug_abbrev  0x00002bc8      0x15d ./Generated_Code/RS485_RE.o
 .debug_abbrev  0x00002d25      0x20c ./Generated_Code/RS485_UART.o
 .debug_abbrev  0x00002f31      0x232 ./Generated_Code/SystemTimer1.o

.debug_aranges  0x00000000      0xe58
 .debug_aranges
                0x00000000       0x40 ./Static_Code/System/CPU_Init.o
 .debug_aranges
                0x00000040      0x340 ./Static_Code/System/Vectors.o
 .debug_aranges
                0x00000380       0xf0 ./Sources/RTT/SEGGER_RTT.o
 .debug_aranges
                0x00000470       0x90 ./Sources/RS485/Servo/MX28R.o
 .debug_aranges
                0x00000500       0x48 ./Sources/RS485/CurrentMeter/AE12AE.o
 .debug_aranges
                0x00000548       0x58 ./Sources/RS485/RS485_Driver.o
 .debug_aranges
                0x000005a0       0x38 ./Sources/Events.o
 .debug_aranges
                0x000005d8       0x20 ./Sources/main.o
 .debug_aranges
                0x000005f8       0x28 ./Sources/mqx_tasks.o
 .debug_aranges
                0x00000620       0x50 ./Project_Settings/Startup_Code/startup.o
 .debug_aranges
                0x00000670       0x20 ./MQXLITE/psp/cortex_m/core/M4/boot.o
 .debug_aranges
                0x00000690       0x20 ./MQXLITE/psp/cortex_m/core/M4/dispatch.o
 .debug_aranges
                0x000006b0       0x20 ./MQXLITE/psp/cortex_m/int_inst.o
 .debug_aranges
                0x000006d0       0x28 ./MQXLITE/psp/cortex_m/int_vtab.o
 .debug_aranges
                0x000006f8       0x20 ./MQXLITE/psp/cortex_m/mem_zero.o
 .debug_aranges
                0x00000718       0x20 ./MQXLITE/psp/cortex_m/psp_iinit.o
 .debug_aranges
                0x00000738       0x20 ./MQXLITE/psp/cortex_m/psp_tiad.o
 .debug_aranges
                0x00000758       0x20 ./MQXLITE/psp/cortex_m/psp_tinm.o
 .debug_aranges
                0x00000778       0x28 ./MQXLITE/psp/cortex_m/sc_irdyq.o
 .debug_aranges
                0x000007a0       0x20 ./MQXLITE/psp/cortex_m/stack_bu.o
 .debug_aranges
                0x000007c0       0x20 ./MQXLITE/psp/cortex_m/stack_de.o
 .debug_aranges
                0x000007e0       0x20 ./MQXLITE/kernel/idletask.o
 .debug_aranges
                0x00000800       0x90 ./MQXLITE/kernel/int.o
 .debug_aranges
                0x00000890       0x80 ./MQXLITE/kernel/lwevent.o
 .debug_aranges
                0x00000910       0x80 ./MQXLITE/kernel/lwsem.o
 .debug_aranges
                0x00000990       0x60 ./MQXLITE/kernel/mqx_utils.o
 .debug_aranges
                0x000009f0       0x30 ./MQXLITE/kernel/mqxlite.o
 .debug_aranges
                0x00000a20      0x160 ./MQXLITE/kernel/task.o
 .debug_aranges
                0x00000b80       0xb8 ./MQXLITE/kernel/time_ticks.o
 .debug_aranges
                0x00000c38       0x18 ./MQXLITE/config/task_template_list.o
 .debug_aranges
                0x00000c50       0x40 ./Generated_Code/ALIM_12V_RLY.o
 .debug_aranges
                0x00000c90       0x30 ./Generated_Code/Cpu.o
 .debug_aranges
                0x00000cc0       0x40 ./Generated_Code/MQX1.o
 .debug_aranges
                0x00000d00       0x30 ./Generated_Code/PE_LDD.o
 .debug_aranges
                0x00000d30       0x40 ./Generated_Code/RS485_DE.o
 .debug_aranges
                0x00000d70       0x40 ./Generated_Code/RS485_RE.o
 .debug_aranges
                0x00000db0       0x48 ./Generated_Code/RS485_UART.o
 .debug_aranges
                0x00000df8       0x60 ./Generated_Code/SystemTimer1.o

.debug_ranges   0x00000000      0xbd0
 .debug_ranges  0x00000000       0x30 ./Static_Code/System/CPU_Init.o
 .debug_ranges  0x00000030      0x330 ./Static_Code/System/Vectors.o
 .debug_ranges  0x00000360       0xe0 ./Sources/RTT/SEGGER_RTT.o
 .debug_ranges  0x00000440       0x80 ./Sources/RS485/Servo/MX28R.o
 .debug_ranges  0x000004c0       0x38 ./Sources/RS485/CurrentMeter/AE12AE.o
 .debug_ranges  0x000004f8       0x48 ./Sources/RS485/RS485_Driver.o
 .debug_ranges  0x00000540       0x28 ./Sources/Events.o
 .debug_ranges  0x00000568       0x10 ./Sources/main.o
 .debug_ranges  0x00000578       0x18 ./Sources/mqx_tasks.o
 .debug_ranges  0x00000590       0x40 ./Project_Settings/Startup_Code/startup.o
 .debug_ranges  0x000005d0       0x10 ./MQXLITE/psp/cortex_m/int_inst.o
 .debug_ranges  0x000005e0       0x18 ./MQXLITE/psp/cortex_m/int_vtab.o
 .debug_ranges  0x000005f8       0x10 ./MQXLITE/psp/cortex_m/mem_zero.o
 .debug_ranges  0x00000608       0x10 ./MQXLITE/psp/cortex_m/psp_iinit.o
 .debug_ranges  0x00000618       0x10 ./MQXLITE/psp/cortex_m/psp_tiad.o
 .debug_ranges  0x00000628       0x10 ./MQXLITE/psp/cortex_m/psp_tinm.o
 .debug_ranges  0x00000638       0x18 ./MQXLITE/psp/cortex_m/sc_irdyq.o
 .debug_ranges  0x00000650       0x10 ./MQXLITE/psp/cortex_m/stack_bu.o
 .debug_ranges  0x00000660       0x10 ./MQXLITE/psp/cortex_m/stack_de.o
 .debug_ranges  0x00000670       0x10 ./MQXLITE/kernel/idletask.o
 .debug_ranges  0x00000680       0x80 ./MQXLITE/kernel/int.o
 .debug_ranges  0x00000700       0x70 ./MQXLITE/kernel/lwevent.o
 .debug_ranges  0x00000770       0x70 ./MQXLITE/kernel/lwsem.o
 .debug_ranges  0x000007e0       0x50 ./MQXLITE/kernel/mqx_utils.o
 .debug_ranges  0x00000830       0x20 ./MQXLITE/kernel/mqxlite.o
 .debug_ranges  0x00000850      0x150 ./MQXLITE/kernel/task.o
 .debug_ranges  0x000009a0       0xa8 ./MQXLITE/kernel/time_ticks.o
 .debug_ranges  0x00000a48       0x30 ./Generated_Code/ALIM_12V_RLY.o
 .debug_ranges  0x00000a78       0x20 ./Generated_Code/Cpu.o
 .debug_ranges  0x00000a98       0x30 ./Generated_Code/MQX1.o
 .debug_ranges  0x00000ac8       0x20 ./Generated_Code/PE_LDD.o
 .debug_ranges  0x00000ae8       0x30 ./Generated_Code/RS485_DE.o
 .debug_ranges  0x00000b18       0x30 ./Generated_Code/RS485_RE.o
 .debug_ranges  0x00000b48       0x38 ./Generated_Code/RS485_UART.o
 .debug_ranges  0x00000b80       0x50 ./Generated_Code/SystemTimer1.o

.debug_macro    0x00000000    0x3a5af
 .debug_macro   0x00000000      0x290 ./Static_Code/System/CPU_Init.o
 .debug_macro   0x00000290      0x850 ./Static_Code/System/CPU_Init.o
 .debug_macro   0x00000ae0       0x16 ./Static_Code/System/CPU_Init.o
 .debug_macro   0x00000af6       0x44 ./Static_Code/System/CPU_Init.o
 .debug_macro   0x00000b3a      0x209 ./Static_Code/System/CPU_Init.o
 .debug_macro   0x00000d43     0x1791 ./Static_Code/System/CPU_Init.o
 .debug_macro   0x000024d4    0x110ae ./Static_Code/System/CPU_Init.o
 .debug_macro   0x00013582      0x4b1 ./Static_Code/System/CPU_Init.o
 .debug_macro   0x00013a33      0x14e ./Static_Code/System/CPU_Init.o
 .debug_macro   0x00013b81       0x6a ./Static_Code/System/CPU_Init.o
 .debug_macro   0x00013beb       0x58 ./Static_Code/System/CPU_Init.o
 .debug_macro   0x00013c43       0x35 ./Static_Code/System/CPU_Init.o
 .debug_macro   0x00013c78       0xa3 ./Static_Code/System/CPU_Init.o
 .debug_macro   0x00013d1b       0x16 ./Static_Code/System/CPU_Init.o
 .debug_macro   0x00013d31       0x94 ./Static_Code/System/CPU_Init.o
 .debug_macro   0x00013dc5      0x12c ./Static_Code/System/CPU_Init.o
 .debug_macro   0x00013ef1       0x3a ./Static_Code/System/CPU_Init.o
 .debug_macro   0x00013f2b       0x40 ./Static_Code/System/CPU_Init.o
 .debug_macro   0x00013f6b       0x40 ./Static_Code/System/CPU_Init.o
 .debug_macro   0x00013fab       0x57 ./Static_Code/System/CPU_Init.o
 .debug_macro   0x00014002       0x81 ./Static_Code/System/CPU_Init.o
 .debug_macro   0x00014083       0x81 ./Static_Code/System/CPU_Init.o
 .debug_macro   0x00014104       0x22 ./Static_Code/System/CPU_Init.o
 .debug_macro   0x00014126       0x16 ./Static_Code/System/CPU_Init.o
 .debug_macro   0x0001413c       0x70 ./Static_Code/System/CPU_Init.o
 .debug_macro   0x000141ac      0x215 ./Static_Code/System/CPU_Init.o
 .debug_macro   0x000143c1       0xa2 ./Static_Code/System/CPU_Init.o
 .debug_macro   0x00014463       0x16 ./Static_Code/System/CPU_Init.o
 .debug_macro   0x00014479       0x1c ./Static_Code/System/CPU_Init.o
 .debug_macro   0x00014495      0x70f ./Static_Code/System/CPU_Init.o
 .debug_macro   0x00014ba4       0x10 ./Static_Code/System/CPU_Init.o
 .debug_macro   0x00014bb4       0x52 ./Static_Code/System/CPU_Init.o
 .debug_macro   0x00014c06       0xa6 ./Static_Code/System/CPU_Init.o
 .debug_macro   0x00014cac      0x16d ./Static_Code/System/CPU_Init.o
 .debug_macro   0x00014e19       0x76 ./Static_Code/System/CPU_Init.o
 .debug_macro   0x00014e8f       0xfc ./Static_Code/System/CPU_Init.o
 .debug_macro   0x00014f8b       0x89 ./Static_Code/System/CPU_Init.o
 .debug_macro   0x00015014      0x3c9 ./Static_Code/System/CPU_Init.o
 .debug_macro   0x000153dd       0x67 ./Static_Code/System/CPU_Init.o
 .debug_macro   0x00015444      0x299 ./Static_Code/System/CPU_Init.o
 .debug_macro   0x000156dd      0x27e ./Static_Code/System/Vectors.o
 .debug_macro   0x0001595b      0x13c ./Sources/RTT/SEGGER_RTT.o
 .debug_macro   0x00015a97       0x42 ./Sources/RTT/SEGGER_RTT.o
 .debug_macro   0x00015ad9      0x115 ./Sources/RTT/SEGGER_RTT.o
 .debug_macro   0x00015bee      0x166 ./Sources/RTT/SEGGER_RTT.o
 .debug_macro   0x00015d54       0x4a ./Sources/RTT/SEGGER_RTT.o
 .debug_macro   0x00015d9e       0x52 ./Sources/RTT/SEGGER_RTT.o
 .debug_macro   0x00015df0       0x16 ./Sources/RTT/SEGGER_RTT.o
 .debug_macro   0x00015e06       0x43 ./Sources/RTT/SEGGER_RTT.o
 .debug_macro   0x00015e49      0x180 ./Sources/RTT/SEGGER_RTT.o
 .debug_macro   0x00015fc9      0x2a6 ./Sources/RTT/SEGGER_RTT.o
 .debug_macro   0x0001626f       0x10 ./Sources/RTT/SEGGER_RTT.o
 .debug_macro   0x0001627f       0x35 ./Sources/RTT/SEGGER_RTT.o
 .debug_macro   0x000162b4      0x36d ./Sources/RS485/Servo/MX28R.o
 .debug_macro   0x00016621     0x1797 ./Sources/RS485/Servo/MX28R.o
 .debug_macro   0x00017db8       0x5e ./Sources/RS485/Servo/MX28R.o
 .debug_macro   0x00017e16       0x76 ./Sources/RS485/Servo/MX28R.o
 .debug_macro   0x00017e8c       0x2e ./Sources/RS485/Servo/MX28R.o
 .debug_macro   0x00017eba       0x52 ./Sources/RS485/Servo/MX28R.o
 .debug_macro   0x00017f0c       0x10 ./Sources/RS485/Servo/MX28R.o
 .debug_macro   0x00017f1c      0x35d ./Sources/RS485/CurrentMeter/AE12AE.o
 .debug_macro   0x00018279       0x1c ./Sources/RS485/CurrentMeter/AE12AE.o
 .debug_macro   0x00018295       0x97 ./Sources/RS485/CurrentMeter/AE12AE.o
 .debug_macro   0x0001832c       0x10 ./Sources/RS485/CurrentMeter/AE12AE.o
 .debug_macro   0x0001833c       0xef ./Sources/RS485/CurrentMeter/AE12AE.o
 .debug_macro   0x0001842b       0x10 ./Sources/RS485/CurrentMeter/AE12AE.o
 .debug_macro   0x0001843b       0x22 ./Sources/RS485/CurrentMeter/AE12AE.o
 .debug_macro   0x0001845d       0xbd ./Sources/RS485/CurrentMeter/AE12AE.o
 .debug_macro   0x0001851a       0x16 ./Sources/RS485/CurrentMeter/AE12AE.o
 .debug_macro   0x00018530      0x14a ./Sources/RS485/CurrentMeter/AE12AE.o
 .debug_macro   0x0001867a      0x2e7 ./Sources/RS485/RS485_Driver.o
 .debug_macro   0x00018961      0x43e ./Sources/Events.o
 .debug_macro   0x00018d9f       0x7c ./Sources/Events.o
 .debug_macro   0x00018e1b      0x61c ./Sources/Events.o
 .debug_macro   0x00019437      0x625 ./Sources/Events.o
 .debug_macro   0x00019a5c      0x328 ./Sources/Events.o
 .debug_macro   0x00019d84      0x1e9 ./Sources/Events.o
 .debug_macro   0x00019f6d      0x109 ./Sources/Events.o
 .debug_macro   0x0001a076      0x17f ./Sources/Events.o
 .debug_macro   0x0001a1f5      0x202 ./Sources/Events.o
 .debug_macro   0x0001a3f7      0x91e ./Sources/Events.o
 .debug_macro   0x0001ad15      0x585 ./Sources/Events.o
 .debug_macro   0x0001b29a       0x9e ./Sources/Events.o
 .debug_macro   0x0001b338      0x1f9 ./Sources/Events.o
 .debug_macro   0x0001b531      0x50f ./Sources/Events.o
 .debug_macro   0x0001ba40      0x6a6 ./Sources/Events.o
 .debug_macro   0x0001c0e6      0x29c ./Sources/Events.o
 .debug_macro   0x0001c382      0x264 ./Sources/Events.o
 .debug_macro   0x0001c5e6      0x25b ./Sources/Events.o
 .debug_macro   0x0001c841      0x4f1 ./Sources/Events.o
 .debug_macro   0x0001cd32      0x13f ./Sources/Events.o
 .debug_macro   0x0001ce71       0x6c ./Sources/Events.o
 .debug_macro   0x0001cedd      0x30d ./Sources/Events.o
 .debug_macro   0x0001d1ea       0xbb ./Sources/Events.o
 .debug_macro   0x0001d2a5       0xe9 ./Sources/Events.o
 .debug_macro   0x0001d38e      0x4ea ./Sources/Events.o
 .debug_macro   0x0001d878      0x18f ./Sources/Events.o
 .debug_macro   0x0001da07       0xea ./Sources/Events.o
 .debug_macro   0x0001daf1      0x344 ./Sources/Events.o
 .debug_macro   0x0001de35      0x824 ./Sources/Events.o
 .debug_macro   0x0001e659      0x179 ./Sources/Events.o
 .debug_macro   0x0001e7d2      0x644 ./Sources/Events.o
 .debug_macro   0x0001ee16      0xa28 ./Sources/Events.o
 .debug_macro   0x0001f83e      0x124 ./Sources/Events.o
 .debug_macro   0x0001f962      0x648 ./Sources/Events.o
 .debug_macro   0x0001ffaa      0x7bf ./Sources/Events.o
 .debug_macro   0x00020769      0x10f ./Sources/Events.o
 .debug_macro   0x00020878      0x66f ./Sources/Events.o
 .debug_macro   0x00020ee7       0x7b ./Sources/Events.o
 .debug_macro   0x00020f62      0x182 ./Sources/Events.o
 .debug_macro   0x000210e4      0x42f ./Sources/main.o
 .debug_macro   0x00021513      0x448 ./Sources/mqx_tasks.o
 .debug_macro   0x0002195b      0x121 ./Project_Settings/Startup_Code/startup.o
 .debug_macro   0x00021a7c       0x10 ./Project_Settings/Startup_Code/startup.o
 .debug_macro   0x00021a8c      0x20f ./Project_Settings/Startup_Code/startup.o
 .debug_macro   0x00021c9b    0x110a2 ./Project_Settings/Startup_Code/startup.o
 .debug_macro   0x00032d3d      0x28f ./MQXLITE/psp/cortex_m/int_inst.o
 .debug_macro   0x00032fcc      0x28f ./MQXLITE/psp/cortex_m/int_vtab.o
 .debug_macro   0x0003325b      0x28f ./MQXLITE/psp/cortex_m/mem_zero.o
 .debug_macro   0x000334ea      0x28f ./MQXLITE/psp/cortex_m/psp_iinit.o
 .debug_macro   0x00033779      0x28f ./MQXLITE/psp/cortex_m/psp_tiad.o
 .debug_macro   0x00033a08      0x28f ./MQXLITE/psp/cortex_m/psp_tinm.o
 .debug_macro   0x00033c97      0x28f ./MQXLITE/psp/cortex_m/sc_irdyq.o
 .debug_macro   0x00033f26      0x28f ./MQXLITE/psp/cortex_m/stack_bu.o
 .debug_macro   0x000341b5      0x28f ./MQXLITE/psp/cortex_m/stack_de.o
 .debug_macro   0x00034444      0x28f ./MQXLITE/kernel/idletask.o
 .debug_macro   0x000346d3      0x28f ./MQXLITE/kernel/int.o
 .debug_macro   0x00034962      0x29c ./MQXLITE/kernel/lwevent.o
 .debug_macro   0x00034bfe       0x10 ./MQXLITE/kernel/lwevent.o
 .debug_macro   0x00034c0e      0x28f ./MQXLITE/kernel/lwsem.o
 .debug_macro   0x00034e9d      0x29d ./MQXLITE/kernel/mqx_utils.o
 .debug_macro   0x0003513a      0x29d ./MQXLITE/kernel/mqxlite.o
 .debug_macro   0x000353d7      0x2fa ./MQXLITE/kernel/task.o
 .debug_macro   0x000356d1     0x178b ./MQXLITE/kernel/task.o
 .debug_macro   0x00036e5c      0x29b ./MQXLITE/kernel/time_ticks.o
 .debug_macro   0x000370f7      0x251 ./MQXLITE/config/task_template_list.o
 .debug_macro   0x00037348      0x1c6 ./Generated_Code/ALIM_12V_RLY.o
 .debug_macro   0x0003750e       0x9c ./Generated_Code/ALIM_12V_RLY.o
 .debug_macro   0x000375aa      0x6fd ./Generated_Code/ALIM_12V_RLY.o
 .debug_macro   0x00037ca7     0x1785 ./Generated_Code/ALIM_12V_RLY.o
 .debug_macro   0x0003942c       0x3a ./Generated_Code/ALIM_12V_RLY.o
 .debug_macro   0x00039466      0x26f ./Generated_Code/Cpu.o
 .debug_macro   0x000396d5      0x271 ./Generated_Code/MQX1.o
 .debug_macro   0x00039946       0x7b ./Generated_Code/MQX1.o
 .debug_macro   0x000399c1      0x132 ./Generated_Code/MQX1.o
 .debug_macro   0x00039af3      0x23c ./Generated_Code/PE_LDD.o
 .debug_macro   0x00039d2f      0x1c6 ./Generated_Code/RS485_DE.o
 .debug_macro   0x00039ef5      0x1c6 ./Generated_Code/RS485_RE.o
 .debug_macro   0x0003a0bb       0x3a ./Generated_Code/RS485_RE.o
 .debug_macro   0x0003a0f5      0x284 ./Generated_Code/RS485_UART.o
 .debug_macro   0x0003a379       0x51 ./Generated_Code/RS485_UART.o
 .debug_macro   0x0003a3ca      0x1e5 ./Generated_Code/SystemTimer1.o

.debug_line     0x00000000    0x10776
 .debug_line    0x00000000      0x75f ./Static_Code/System/CPU_Init.o
 .debug_line    0x0000075f      0xcff ./Static_Code/System/Vectors.o
 .debug_line    0x0000145e      0x5d2 ./Sources/RTT/SEGGER_RTT.o
 .debug_line    0x00001a30      0x90b ./Sources/RS485/Servo/MX28R.o
 .debug_line    0x0000233b      0x857 ./Sources/RS485/CurrentMeter/AE12AE.o
 .debug_line    0x00002b92      0x835 ./Sources/RS485/RS485_Driver.o
 .debug_line    0x000033c7      0x923 ./Sources/Events.o
 .debug_line    0x00003cea      0x8a5 ./Sources/main.o
 .debug_line    0x0000458f      0x95e ./Sources/mqx_tasks.o
 .debug_line    0x00004eed      0x3d1 ./Project_Settings/Startup_Code/startup.o
 .debug_line    0x000052be       0x71 ./MQXLITE/psp/cortex_m/core/M4/boot.o
 .debug_line    0x0000532f      0x17a ./MQXLITE/psp/cortex_m/core/M4/dispatch.o
 .debug_line    0x000054a9      0x643 ./MQXLITE/psp/cortex_m/int_inst.o
 .debug_line    0x00005aec      0x656 ./MQXLITE/psp/cortex_m/int_vtab.o
 .debug_line    0x00006142      0x6ca ./MQXLITE/psp/cortex_m/mem_zero.o
 .debug_line    0x0000680c      0x644 ./MQXLITE/psp/cortex_m/psp_iinit.o
 .debug_line    0x00006e50      0x647 ./MQXLITE/psp/cortex_m/psp_tiad.o
 .debug_line    0x00007497      0x645 ./MQXLITE/psp/cortex_m/psp_tinm.o
 .debug_line    0x00007adc      0x69c ./MQXLITE/psp/cortex_m/sc_irdyq.o
 .debug_line    0x00008178      0x651 ./MQXLITE/psp/cortex_m/stack_bu.o
 .debug_line    0x000087c9      0x63f ./MQXLITE/psp/cortex_m/stack_de.o
 .debug_line    0x00008e08      0x640 ./MQXLITE/kernel/idletask.o
 .debug_line    0x00009448      0x802 ./MQXLITE/kernel/int.o
 .debug_line    0x00009c4a      0x8be ./MQXLITE/kernel/lwevent.o
 .debug_line    0x0000a508      0x8cb ./MQXLITE/kernel/lwsem.o
 .debug_line    0x0000add3      0x71f ./MQXLITE/kernel/mqx_utils.o
 .debug_line    0x0000b4f2      0x6c8 ./MQXLITE/kernel/mqxlite.o
 .debug_line    0x0000bbba      0xcbd ./MQXLITE/kernel/task.o
 .debug_line    0x0000c877      0x979 ./MQXLITE/kernel/time_ticks.o
 .debug_line    0x0000d1f0      0x5e4 ./MQXLITE/config/task_template_list.o
 .debug_line    0x0000d7d4      0x561 ./Generated_Code/ALIM_12V_RLY.o
 .debug_line    0x0000dd35      0x658 ./Generated_Code/Cpu.o
 .debug_line    0x0000e38d      0x67d ./Generated_Code/MQX1.o
 .debug_line    0x0000ea0a      0x5ea ./Generated_Code/PE_LDD.o
 .debug_line    0x0000eff4      0x559 ./Generated_Code/RS485_DE.o
 .debug_line    0x0000f54d      0x559 ./Generated_Code/RS485_RE.o
 .debug_line    0x0000faa6      0x6f2 ./Generated_Code/RS485_UART.o
 .debug_line    0x00010198      0x5de ./Generated_Code/SystemTimer1.o

.debug_str      0x00000000    0xf7d58
 .debug_str     0x00000000    0x755a6 ./Static_Code/System/CPU_Init.o
                              0x75c31 (size before relaxing)
 .debug_str     0x000755a6      0x984 ./Static_Code/System/Vectors.o
                              0x75e75 (size before relaxing)
 .debug_str     0x00075f2a     0x2d38 ./Sources/RTT/SEGGER_RTT.o
                               0x5823 (size before relaxing)
 .debug_str     0x00078c62     0x116f ./Sources/RS485/Servo/MX28R.o
                              0x768c3 (size before relaxing)
 .debug_str     0x00079dd1      0xb8c ./Sources/RS485/CurrentMeter/AE12AE.o
                              0x7762f (size before relaxing)
 .debug_str     0x0007a95d      0x18d ./Sources/RS485/RS485_Driver.o
                              0x753d7 (size before relaxing)
 .debug_str     0x0007aaea    0x7a9e0 ./Sources/Events.o
                              0xef5df (size before relaxing)
 .debug_str     0x000f54ca       0x17 ./Sources/main.o
                              0xef530 (size before relaxing)
 .debug_str     0x000f54e1       0x74 ./Sources/mqx_tasks.o
                              0xef61b (size before relaxing)
 .debug_str     0x000f5555       0xeb ./Project_Settings/Startup_Code/startup.o
                              0x636a3 (size before relaxing)
 .debug_str     0x000f5640      0x65e ./MQXLITE/psp/cortex_m/int_inst.o
                              0x7541d (size before relaxing)
 .debug_str     0x000f5c9e      0x154 ./MQXLITE/psp/cortex_m/int_vtab.o
                              0x74c82 (size before relaxing)
 .debug_str     0x000f5df2       0x8f ./MQXLITE/psp/cortex_m/mem_zero.o
                              0x74b8f (size before relaxing)
 .debug_str     0x000f5e81       0x6b ./MQXLITE/psp/cortex_m/psp_iinit.o
                              0x74b69 (size before relaxing)
 .debug_str     0x000f5eec       0x80 ./MQXLITE/psp/cortex_m/psp_tiad.o
                              0x75452 (size before relaxing)
 .debug_str     0x000f5f6c       0x38 ./MQXLITE/psp/cortex_m/psp_tinm.o
                              0x75465 (size before relaxing)
 .debug_str     0x000f5fa4      0x12f ./MQXLITE/psp/cortex_m/sc_irdyq.o
                              0x75570 (size before relaxing)
 .debug_str     0x000f60d3      0x15f ./MQXLITE/psp/cortex_m/stack_bu.o
                              0x74f7f (size before relaxing)
 .debug_str     0x000f6232       0x3c ./MQXLITE/psp/cortex_m/stack_de.o
                              0x74e20 (size before relaxing)
 .debug_str     0x000f626e       0x2c ./MQXLITE/kernel/idletask.o
                              0x7541f (size before relaxing)
 .debug_str     0x000f629a      0x1d5 ./MQXLITE/kernel/int.o
                              0x75659 (size before relaxing)
 .debug_str     0x000f646f      0x224 ./MQXLITE/kernel/lwevent.o
                              0x756e2 (size before relaxing)
 .debug_str     0x000f6693      0x14c ./MQXLITE/kernel/lwsem.o
                              0x75601 (size before relaxing)
 .debug_str     0x000f67df      0x11f ./MQXLITE/kernel/mqx_utils.o
                              0x75598 (size before relaxing)
 .debug_str     0x000f68fe      0x158 ./MQXLITE/kernel/mqxlite.o
                              0x75afa (size before relaxing)
 .debug_str     0x000f6a56      0x5a8 ./MQXLITE/kernel/task.o
                              0x7811e (size before relaxing)
 .debug_str     0x000f6ffe      0x274 ./MQXLITE/kernel/time_ticks.o
                              0x75745 (size before relaxing)
 .debug_str     0x000f7272       0x66 ./MQXLITE/config/task_template_list.o
                              0x746d2 (size before relaxing)
 .debug_str     0x000f72d8      0x145 ./Generated_Code/ALIM_12V_RLY.o
                              0x72ee6 (size before relaxing)
 .debug_str     0x000f741d       0x34 ./Generated_Code/Cpu.o
                              0x74204 (size before relaxing)
 .debug_str     0x000f7451      0x219 ./Generated_Code/MQX1.o
                              0x751d9 (size before relaxing)
 .debug_str     0x000f766a      0x153 ./Generated_Code/PE_LDD.o
                              0x7474e (size before relaxing)
 .debug_str     0x000f77bd       0x98 ./Generated_Code/RS485_DE.o
                              0x72e9e (size before relaxing)
 .debug_str     0x000f7855       0x98 ./Generated_Code/RS485_RE.o
                              0x72e9e (size before relaxing)
 .debug_str     0x000f78ed      0x295 ./Generated_Code/RS485_UART.o
                              0x834ff (size before relaxing)
 .debug_str     0x000f7b82      0x1d6 ./Generated_Code/SystemTimer1.o
                              0x73b92 (size before relaxing)

.comment        0x00000000       0x70
 .comment       0x00000000       0x70 ./Static_Code/System/CPU_Init.o
                                 0x71 (size before relaxing)
 .comment       0x00000000       0x71 ./Static_Code/System/Vectors.o
 .comment       0x00000000       0x71 ./Sources/RTT/SEGGER_RTT.o
 .comment       0x00000000       0x71 ./Sources/RS485/Servo/MX28R.o
 .comment       0x00000000       0x71 ./Sources/RS485/CurrentMeter/AE12AE.o
 .comment       0x00000000       0x71 ./Sources/RS485/RS485_Driver.o
 .comment       0x00000000       0x71 ./Sources/Events.o
 .comment       0x00000000       0x71 ./Sources/main.o
 .comment       0x00000000       0x71 ./Sources/mqx_tasks.o
 .comment       0x00000000       0x71 ./Project_Settings/Startup_Code/startup.o
 .comment       0x00000000       0x71 ./MQXLITE/psp/cortex_m/int_inst.o
 .comment       0x00000000       0x71 ./MQXLITE/psp/cortex_m/int_vtab.o
 .comment       0x00000000       0x71 ./MQXLITE/psp/cortex_m/mem_zero.o
 .comment       0x00000000       0x71 ./MQXLITE/psp/cortex_m/psp_iinit.o
 .comment       0x00000000       0x71 ./MQXLITE/psp/cortex_m/psp_tiad.o
 .comment       0x00000000       0x71 ./MQXLITE/psp/cortex_m/psp_tinm.o
 .comment       0x00000000       0x71 ./MQXLITE/psp/cortex_m/sc_irdyq.o
 .comment       0x00000000       0x71 ./MQXLITE/psp/cortex_m/stack_bu.o
 .comment       0x00000000       0x71 ./MQXLITE/psp/cortex_m/stack_de.o
 .comment       0x00000000       0x71 ./MQXLITE/kernel/idletask.o
 .comment       0x00000000       0x71 ./MQXLITE/kernel/int.o
 .comment       0x00000000       0x71 ./MQXLITE/kernel/lwevent.o
 .comment       0x00000000       0x71 ./MQXLITE/kernel/lwsem.o
 .comment       0x00000000       0x71 ./MQXLITE/kernel/mqx_utils.o
 .comment       0x00000000       0x71 ./MQXLITE/kernel/mqxlite.o
 .comment       0x00000000       0x71 ./MQXLITE/kernel/task.o
 .comment       0x00000000       0x71 ./MQXLITE/kernel/time_ticks.o
 .comment       0x00000000       0x71 ./MQXLITE/config/task_template_list.o
 .comment       0x00000000       0x71 ./Generated_Code/ALIM_12V_RLY.o
 .comment       0x00000000       0x71 ./Generated_Code/Cpu.o
 .comment       0x00000000       0x71 ./Generated_Code/MQX1.o
 .comment       0x00000000       0x71 ./Generated_Code/PE_LDD.o
 .comment       0x00000000       0x71 ./Generated_Code/RS485_DE.o
 .comment       0x00000000       0x71 ./Generated_Code/RS485_RE.o
 .comment       0x00000000       0x71 ./Generated_Code/RS485_UART.o
 .comment       0x00000000       0x71 ./Generated_Code/SystemTimer1.o

.debug_frame    0x00000000     0x3090
 .debug_frame   0x00000000       0x9c ./Static_Code/System/CPU_Init.o
 .debug_frame   0x0000009c      0xcb0 ./Static_Code/System/Vectors.o
 .debug_frame   0x00000d4c      0x360 ./Sources/RTT/SEGGER_RTT.o
 .debug_frame   0x000010ac      0x1e8 ./Sources/RS485/Servo/MX28R.o
 .debug_frame   0x00001294       0xc8 ./Sources/RS485/CurrentMeter/AE12AE.o
 .debug_frame   0x0000135c      0x108 ./Sources/RS485/RS485_Driver.o
 .debug_frame   0x00001464       0x84 ./Sources/Events.o
 .debug_frame   0x000014e8       0x2c ./Sources/main.o
 .debug_frame   0x00001514       0x50 ./Sources/mqx_tasks.o
 .debug_frame   0x00001564       0xc0 ./Project_Settings/Startup_Code/startup.o
 .debug_frame   0x00001624       0x30 ./MQXLITE/psp/cortex_m/int_inst.o
 .debug_frame   0x00001654       0x44 ./MQXLITE/psp/cortex_m/int_vtab.o
 .debug_frame   0x00001698       0x30 ./MQXLITE/psp/cortex_m/mem_zero.o
 .debug_frame   0x000016c8       0x30 ./MQXLITE/psp/cortex_m/psp_iinit.o
 .debug_frame   0x000016f8       0x34 ./MQXLITE/psp/cortex_m/psp_tiad.o
 .debug_frame   0x0000172c       0x30 ./MQXLITE/psp/cortex_m/psp_tinm.o
 .debug_frame   0x0000175c       0x48 ./MQXLITE/psp/cortex_m/sc_irdyq.o
 .debug_frame   0x000017a4       0x30 ./MQXLITE/psp/cortex_m/stack_bu.o
 .debug_frame   0x000017d4       0x2c ./MQXLITE/psp/cortex_m/stack_de.o
 .debug_frame   0x00001800       0x2c ./MQXLITE/kernel/idletask.o
 .debug_frame   0x0000182c      0x1d8 ./MQXLITE/kernel/int.o
 .debug_frame   0x00001a04      0x1ac ./MQXLITE/kernel/lwevent.o
 .debug_frame   0x00001bb0      0x1ac ./MQXLITE/kernel/lwsem.o
 .debug_frame   0x00001d5c      0x110 ./MQXLITE/kernel/mqx_utils.o
 .debug_frame   0x00001e6c       0x74 ./MQXLITE/kernel/mqxlite.o
 .debug_frame   0x00001ee0      0x50c ./MQXLITE/kernel/task.o
 .debug_frame   0x000023ec      0x29c ./MQXLITE/kernel/time_ticks.o
 .debug_frame   0x00002688       0x9c ./Generated_Code/ALIM_12V_RLY.o
 .debug_frame   0x00002724       0x5c ./Generated_Code/Cpu.o
 .debug_frame   0x00002780       0xb0 ./Generated_Code/MQX1.o
 .debug_frame   0x00002830       0x64 ./Generated_Code/PE_LDD.o
 .debug_frame   0x00002894       0x9c ./Generated_Code/RS485_DE.o
 .debug_frame   0x00002930       0x9c ./Generated_Code/RS485_RE.o
 .debug_frame   0x000029cc       0xd0 ./Generated_Code/RS485_UART.o
 .debug_frame   0x00002a9c      0x11c ./Generated_Code/SystemTimer1.o
 .debug_frame   0x00002bb8       0x28 c:/freescale/kds_v3/toolchain/bin/../lib/gcc/arm-none-eabi/4.8.4/../../../../arm-none-eabi/lib/armv7e-m/fpu\libg_s.a(lib_a-exit.o)
 .debug_frame   0x00002be0       0x2c c:/freescale/kds_v3/toolchain/bin/../lib/gcc/arm-none-eabi/4.8.4/../../../../arm-none-eabi/lib/armv7e-m/fpu\libg_s.a(lib_a-init.o)
 .debug_frame   0x00002c0c       0x28 c:/freescale/kds_v3/toolchain/bin/../lib/gcc/arm-none-eabi/4.8.4/../../../../arm-none-eabi/lib/armv7e-m/fpu\libg_s.a(lib_a-memcpy-stub.o)
 .debug_frame   0x00002c34       0x20 c:/freescale/kds_v3/toolchain/bin/../lib/gcc/arm-none-eabi/4.8.4/../../../../arm-none-eabi/lib/armv7e-m/fpu\libg_s.a(lib_a-memset.o)
 .debug_frame   0x00002c54       0x58 c:/freescale/kds_v3/toolchain/bin/../lib/gcc/arm-none-eabi/4.8.4/../../../../arm-none-eabi/lib/armv7e-m/fpu\libg_s.a(lib_a-sprintf.o)
 .debug_frame   0x00002cac       0x20 c:/freescale/kds_v3/toolchain/bin/../lib/gcc/arm-none-eabi/4.8.4/../../../../arm-none-eabi/lib/armv7e-m/fpu\libg_s.a(lib_a-strlen.o)
 .debug_frame   0x00002ccc       0x88 c:/freescale/kds_v3/toolchain/bin/../lib/gcc/arm-none-eabi/4.8.4/../../../../arm-none-eabi/lib/armv7e-m/fpu\libg_s.a(lib_a-svfprintf.o)
 .debug_frame   0x00002d54       0x60 c:/freescale/kds_v3/toolchain/bin/../lib/gcc/arm-none-eabi/4.8.4/../../../../arm-none-eabi/lib/armv7e-m/fpu\libg_s.a(lib_a-vfprintf_i.o)
 .debug_frame   0x00002db4      0x12c c:/freescale/kds_v3/toolchain/bin/../lib/gcc/arm-none-eabi/4.8.4/../../../../arm-none-eabi/lib/armv7e-m/fpu\libg_s.a(lib_a-findfp.o)
 .debug_frame   0x00002ee0       0x28 c:/freescale/kds_v3/toolchain/bin/../lib/gcc/arm-none-eabi/4.8.4/../../../../arm-none-eabi/lib/armv7e-m/fpu\libg_s.a(lib_a-memchr-stub.o)
 .debug_frame   0x00002f08       0x2c c:/freescale/kds_v3/toolchain/bin/../lib/gcc/arm-none-eabi/4.8.4/../../../../arm-none-eabi/lib/armv7e-m/fpu\libg_s.a(lib_a-memmove.o)
 .debug_frame   0x00002f34       0x2c c:/freescale/kds_v3/toolchain/bin/../lib/gcc/arm-none-eabi/4.8.4/../../../../arm-none-eabi/lib/armv7e-m/fpu\libg_s.a(lib_a-nano-freer.o)
 .debug_frame   0x00002f60       0x2c c:/freescale/kds_v3/toolchain/bin/../lib/gcc/arm-none-eabi/4.8.4/../../../../arm-none-eabi/lib/armv7e-m/fpu\libg_s.a(lib_a-nano-mallocr.o)
 .debug_frame   0x00002f8c       0x30 c:/freescale/kds_v3/toolchain/bin/../lib/gcc/arm-none-eabi/4.8.4/../../../../arm-none-eabi/lib/armv7e-m/fpu\libg_s.a(lib_a-nano-reallocr.o)
 .debug_frame   0x00002fbc       0x2c c:/freescale/kds_v3/toolchain/bin/../lib/gcc/arm-none-eabi/4.8.4/../../../../arm-none-eabi/lib/armv7e-m/fpu\libg_s.a(lib_a-sbrkr.o)
 .debug_frame   0x00002fe8       0x20 c:/freescale/kds_v3/toolchain/bin/../lib/gcc/arm-none-eabi/4.8.4/../../../../arm-none-eabi/lib/armv7e-m/fpu\libg_s.a(lib_a-nano-msizer.o)
 .debug_frame   0x00003008       0x48 c:/freescale/kds_v3/toolchain/bin/../lib/gcc/arm-none-eabi/4.8.4/../../../../arm-none-eabi/lib/armv7e-m/fpu\libg_s.a(lib_a-reent.o)
 .debug_frame   0x00003050       0x20 c:/freescale/kds_v3/toolchain/bin/../lib/gcc/arm-none-eabi/4.8.4/../../../../arm-none-eabi/lib/armv7e-m/fpu\libnosys.a(sbrk.o)
 .debug_frame   0x00003070       0x20 c:/freescale/kds_v3/toolchain/bin/../lib/gcc/arm-none-eabi/4.8.4/../../../../arm-none-eabi/lib/armv7e-m/fpu\libnosys.a(_exit.o)

.stabstr        0x00000000      0x14d
 .stabstr       0x00000000      0x14d c:/freescale/kds_v3/toolchain/bin/../lib/gcc/arm-none-eabi/4.8.4/../../../../arm-none-eabi/lib/armv7e-m/fpu\libnosys.a(close.o)
